start_utc=2026-09-19T21:33:10Z
root=/private/tmp/minidregg-cycle-20260919/final-client-api-20260919T212000Z
lean_threads=2
native_jobs=2
seat=/private/tmp/minidregg-cycle-20260919/lean-seat-1
lake-gate Minidregg start
lake-gate Minidregg PASS 8s
lake-gate Host.Main:leanArts start
lake-gate Host.Main:leanArts PASS 18s
end_utc=2026-09-19T21:34:31Z
elapsed_seconds=81
git_head=8305b6ef2cc1a904c1eb61f8ec8ec2bf73de2178
root=/private/tmp/minidregg-cycle-20260919/final-client-api-20260919T212000Z
lean=Lean (version 4.30.0, arm64-apple-darwin24.6.0, commit d024af099ca4bf2c86f649261ebf59565dc8c622, Release)
toolchain=/Users/ember/.elan/toolchains/leanprover--lean4---v4.30.0
umbrella=1
lake_gate=lake build Minidregg
max_concurrent_real_lean=1
wrapper_invocations=4
compiled_source_modules=581
source_modules=153
package_modules=2933
response_objects=3086
usage_exit=1
binary=/private/tmp/minidregg-cycle-20260919/build/final-client-api-host-20260919T212000Z/minidregg-host
binary_sha256=5ec9755d2013d136d22626ca6823ef324c75b1b65cd8e0ac829546ac8a1ed68c
