real 1.36
user 0.76
sys 0.28
           998227968  maximum resident set size
                   0  average shared memory size
                   0  average unshared data size
                   0  average unshared stack size
               46145  page reclaims
               20790  page faults
                   0  swaps
                   0  block input operations
                   0  block output operations
                   0  messages sent
                   0  messages received
                   0  signals received
                 421  voluntary context switches
                8999  involuntary context switches
           253913763  instructions retired
            88755226  cycles elapsed
            10584832  peak memory footprint
