pbuild: host is Darwin-arm64, hbox is Linux-x86_64 — NOT shipping
        dregg-lean-ffi/libdregg_lean.a (it is arch-specific; a cross-shipped archive links as
        'neither ET_REL nor LLVM bitcode'). The lane gets a platform-native one from
        the release instead — see ARCHIVE PROVISIONING below.
cannot delete non-empty directory: drive59-baseline
pbuild:   archive present, vouched by its provenance record (skipping the ~8s export rescan).
pbuild: lean archive kept in lane 'hcargo' (release, 0s)
        Dregg2 provenance: tree fc2be11509bb — NOT any of the last 40 commits of this history
pbuild: forwarding LEAN_NUM_THREADS SWARM_MEM_MAX DREGG_REQUIRE_LEAN DREGG_LEANC_JOBS to hbox
   Compiling proc-macro2 v1.0.106
    Checking cfg-if v1.0.4
    Checking libc v0.2.186
    Checking serde_core v1.0.228
    Checking libm v0.2.16
   Compiling quote v1.0.46
   Compiling syn v2.0.118
    Checking getrandom v0.2.17
    Checking num-traits v0.2.19
    Checking rand_core v0.6.4
    Checking scopeguard v1.2.0
    Checking lock_api v0.4.14
    Checking once_cell v1.21.4
    Checking pin-project-lite v0.2.17
    Checking log v0.4.33
    Checking typenum v1.20.1
    Checking num-integer v0.1.46
    Checking subtle v2.6.1
    Checking either v1.16.0
    Checking tracing-core v0.1.36
    Checking const-oid v0.9.6
   Compiling jobserver v0.1.34
    Checking allocator-api2 v0.2.21
   Compiling cc v1.2.65
    Checking equivalent v1.0.2
    Checking crossbeam-utils v0.8.21
    Checking crossbeam-epoch v0.9.20
    Checking memchr v2.8.2
    Checking crossbeam-deque v0.8.6
    Checking rayon-core v1.13.0
    Checking foldhash v0.2.0
    Checking itoa v1.0.18
    Checking hashbrown v0.17.1
    Checking rayon v1.12.0
    Checking cpufeatures v0.3.0
    Checking cpufeatures v0.2.17
    Checking stable_deref_trait v1.2.1
    Checking arrayvec v0.7.7
    Checking rand_core v0.10.1
    Checking strength_reduce v0.2.4
    Checking transpose v0.2.3
    Checking getrandom v0.4.3
    Checking chacha20 v0.10.1
    Checking indexmap v2.14.0
    Checking p3-maybe-rayon v0.5.1 (https://github.com/Plonky3/Plonky3?rev=82cfad73cd734d37a0d51953094f970c531817ec#82cfad73)
    Checking rand v0.10.1
    Checking itertools v0.14.0
    Checking spin v0.9.8
    Checking bytes v1.12.0
    Checking smallvec v1.15.2
    Checking base64 v0.22.1
    Checking spin v0.11.0
    Checking parking_lot_core v0.9.12
   Compiling syn v1.0.109
    Checking parking_lot v0.12.5
   Compiling time-core v0.1.9
   Compiling num-conv v0.2.2
    Checking base64ct v1.8.3
    Checking pem-rfc7468 v0.7.0
    Checking byteorder v1.5.0
    Checking ff v0.13.1
    Checking group v0.13.0
    Checking zmij v1.0.21
   Compiling time-macros v0.2.30
    Checking deranged v0.5.8
    Checking powerfmt v0.2.0
   Compiling blake3 v1.8.5
    Checking serde_json v1.0.150
    Checking time v0.3.51
    Checking getrandom v0.3.4
    Checking arrayref v0.3.9
    Checking futures-core v0.3.32
    Checking constant_time_eq v0.4.2
    Checking hash32 v0.2.1
    Checking lazy_static v1.5.0
   Compiling darling_core v0.23.0
    Checking crunchy v0.2.4
   Compiling synstructure v0.13.2
    Checking rmp v0.8.15
    Checking tiny-keccak v2.0.2
   Compiling toml_edit v0.25.12+spec-1.1.0
   Compiling serde_derive v1.0.228
   Compiling zeroize_derive v1.5.0
   Compiling zerocopy-derive v0.8.52
   Compiling tracing-attributes v0.1.31
    Checking zeroize v1.9.0
    Checking generic-array v0.14.7
    Checking crypto-common v0.1.7
    Checking block-buffer v0.10.4
    Checking digest v0.10.7
   Compiling thiserror-impl v2.0.18
    Checking serde v1.0.228
    Checking p3-util v0.5.1 (https://github.com/Plonky3/Plonky3?rev=82cfad73cd734d37a0d51953094f970c531817ec#82cfad73)
    Checking sha2 v0.10.9
    Checking zerocopy v0.8.52
    Checking hex v0.4.3
   Compiling der_derive v0.7.3
    Checking tracing v0.1.44
   Compiling thiserror-impl v1.0.69
    Checking ppv-lite86 v0.2.21
    Checking rand_chacha v0.3.1
    Checking rand v0.8.6
    Checking num-bigint v0.4.6
    Checking p3-field v0.5.1 (https://github.com/Plonky3/Plonky3?rev=82cfad73cd734d37a0d51953094f970c531817ec#82cfad73)
    Checking thiserror v2.0.18
    Checking hmac v0.12.1
    Checking p3-matrix v0.5.1 (https://github.com/Plonky3/Plonky3?rev=82cfad73cd734d37a0d51953094f970c531817ec#82cfad73)
    Checking p3-symmetric v0.5.1 (https://github.com/Plonky3/Plonky3?rev=82cfad73cd734d37a0d51953094f970c531817ec#82cfad73)
   Compiling curve25519-dalek-derive v0.1.1
    Checking p3-dft v0.5.1 (https://github.com/Plonky3/Plonky3?rev=82cfad73cd734d37a0d51953094f970c531817ec#82cfad73)
    Checking p3-mds v0.5.1 (https://github.com/Plonky3/Plonky3?rev=82cfad73cd734d37a0d51953094f970c531817ec#82cfad73)
    Checking p3-poseidon2 v0.5.1 (https://github.com/Plonky3/Plonky3?rev=82cfad73cd734d37a0d51953094f970c531817ec#82cfad73)
    Checking p3-poseidon1 v0.5.1 (https://github.com/Plonky3/Plonky3?rev=82cfad73cd734d37a0d51953094f970c531817ec#82cfad73)
    Checking p3-monty-31 v0.5.1 (https://github.com/Plonky3/Plonky3?rev=82cfad73cd734d37a0d51953094f970c531817ec#82cfad73)
    Checking p3-challenger v0.5.1 (/tank/dregg-build/hcargo/vendor/plonky3-challenger-82cfad73)
    Checking p3-multilinear-util v0.5.1 (https://github.com/Plonky3/Plonky3?rev=82cfad73cd734d37a0d51953094f970c531817ec#82cfad73)
    Checking p3-commit v0.5.1 (https://github.com/Plonky3/Plonky3?rev=82cfad73cd734d37a0d51953094f970c531817ec#82cfad73)
    Checking p3-air v0.5.1 (https://github.com/Plonky3/Plonky3?rev=82cfad73cd734d37a0d51953094f970c531817ec#82cfad73)
    Checking p3-fri v0.5.1 (/tank/dregg-build/hcargo/vendor/plonky3-fri-82cfad73)
    Checking p3-uni-stark v0.5.1 (https://github.com/Plonky3/Plonky3?rev=82cfad73cd734d37a0d51953094f970c531817ec#82cfad73)
    Checking p3-lookup v0.5.1 (https://github.com/Plonky3/Plonky3?rev=82cfad73cd734d37a0d51953094f970c531817ec#82cfad73)
    Checking p3-baby-bear v0.5.1 (https://github.com/Plonky3/Plonky3?rev=82cfad73cd734d37a0d51953094f970c531817ec#82cfad73)
    Checking cobs v0.3.0
    Checking heapless v0.7.17
    Checking postcard v1.1.3
    Checking p3-poseidon1-air v0.5.1 (https://github.com/Plonky3/Plonky3?rev=82cfad73cd734d37a0d51953094f970c531817ec#82cfad73)
    Checking p3-goldilocks v0.5.1 (https://github.com/Plonky3/Plonky3?rev=82cfad73cd734d37a0d51953094f970c531817ec#82cfad73)
    Checking p3-koala-bear v0.5.1 (https://github.com/Plonky3/Plonky3?rev=82cfad73cd734d37a0d51953094f970c531817ec#82cfad73)
    Checking rmp-serde v1.3.1
    Checking signature v2.2.0
   Compiling darling_macro v0.23.0
    Checking der v0.7.10
    Checking spki v0.7.3
    Checking pkcs8 v0.10.2
   Compiling unroll v0.1.5
    Checking curve25519-dalek v4.1.3 (/tank/dregg-build/hcargo/vendor/curve25519-dalek-dregg)
    Checking p3-keccak v0.5.1 (https://github.com/Plonky3/Plonky3?rev=82cfad73cd734d37a0d51953094f970c531817ec#82cfad73)
   Compiling strum_macros v0.28.0
   Compiling darling v0.23.0
    Checking hashbrown v0.16.1
warning: the feature `avx512_target_feature` has been stable since 1.89.0 and no longer requires an attribute to enable
  --> vendor/curve25519-dalek-dregg/src/lib.rs:23:13
   |
23 |     feature(avx512_target_feature)
   |             ^^^^^^^^^^^^^^^^^^^^^
   |
   = note: `#[warn(stable_features)]` on by default

warning: the feature `stdarch_x86_avx512` has been stable since 1.89.0 and no longer requires an attribute to enable
  --> vendor/curve25519-dalek-dregg/src/lib.rs:19:13
   |
19 |     feature(stdarch_x86_avx512)
   |             ^^^^^^^^^^^^^^^^^^

    Checking errno v0.3.14
    Checking strum v0.28.0
    Checking signal-hook-registry v1.4.8
warning: unnecessary `unsafe` block
   --> vendor/curve25519-dalek-dregg/src/backend/vector/packed_simd.rs:51:17
    |
 51 |                   unsafe {
    |                   ^^^^^^ unnecessary `unsafe` block
...
213 | / impl_shared!(
214 | |     u64x4,
215 | |     u64,
216 | |     _mm256_add_epi64,
...   |
220 | |     _mm256_extract_epi64
221 | | );
    | |_- in this macro invocation
    |
    = note: `#[warn(unused_unsafe)]` (part of `#[warn(unused)]`) on by default
    = note: this warning originates in the macro `impl_shared` (in Nightly builds, run with -Z macro-backtrace for more info)

warning: unnecessary `unsafe` block
   --> vendor/curve25519-dalek-dregg/src/backend/vector/packed_simd.rs:86:17
    |
 86 |                   unsafe { core::arch::x86_64::$add_intrinsic(self.0, rhs.0).into() }
    |                   ^^^^^^ unnecessary `unsafe` block
...
213 | / impl_shared!(
214 | |     u64x4,
215 | |     u64,
216 | |     _mm256_add_epi64,
...   |
220 | |     _mm256_extract_epi64
221 | | );
    | |_- in this macro invocation
    |
    = note: this warning originates in the macro `impl_shared` (in Nightly builds, run with -Z macro-backtrace for more info)

warning: unnecessary `unsafe` block
   --> vendor/curve25519-dalek-dregg/src/backend/vector/packed_simd.rs:105:17
    |
105 |                   unsafe { core::arch::x86_64::$sub_intrinsic(self.0, rhs.0).into() }
    |                   ^^^^^^ unnecessary `unsafe` block
...
213 | / impl_shared!(
214 | |     u64x4,
215 | |     u64,
216 | |     _mm256_add_epi64,
...   |
220 | |     _mm256_extract_epi64
221 | | );
    | |_- in this macro invocation
    |
    = note: this warning originates in the macro `impl_shared` (in Nightly builds, run with -Z macro-backtrace for more info)

warning: unnecessary `unsafe` block
   --> vendor/curve25519-dalek-dregg/src/backend/vector/packed_simd.rs:115:17
    |
115 |                   unsafe { core::arch::x86_64::_mm256_and_si256(self.0, rhs.0).into() }
    |                   ^^^^^^ unnecessary `unsafe` block
...
213 | / impl_shared!(
214 | |     u64x4,
215 | |     u64,
216 | |     _mm256_add_epi64,
...   |
220 | |     _mm256_extract_epi64
221 | | );
    | |_- in this macro invocation
    |
    = note: this warning originates in the macro `impl_shared` (in Nightly builds, run with -Z macro-backtrace for more info)

warning: unnecessary `unsafe` block
   --> vendor/curve25519-dalek-dregg/src/backend/vector/packed_simd.rs:125:17
    |
125 |                   unsafe { core::arch::x86_64::_mm256_xor_si256(self.0, rhs.0).into() }
    |                   ^^^^^^ unnecessary `unsafe` block
...
213 | / impl_shared!(
214 | |     u64x4,
215 | |     u64,
216 | |     _mm256_add_epi64,
...   |
220 | |     _mm256_extract_epi64
221 | | );
    | |_- in this macro invocation
    |
    = note: this warning originates in the macro `impl_shared` (in Nightly builds, run with -Z macro-backtrace for more info)

warning: unnecessary `unsafe` block
   --> vendor/curve25519-dalek-dregg/src/backend/vector/packed_simd.rs:152:17
    |
152 |                   unsafe { core::arch::x86_64::$shl_intrinsic(self.0, N).into() }
    |                   ^^^^^^ unnecessary `unsafe` block
...
213 | / impl_shared!(
214 | |     u64x4,
215 | |     u64,
216 | |     _mm256_add_epi64,
...   |
220 | |     _mm256_extract_epi64
221 | | );
    | |_- in this macro invocation
    |
    = note: this warning originates in the macro `impl_shared` (in Nightly builds, run with -Z macro-backtrace for more info)

warning: unnecessary `unsafe` block
   --> vendor/curve25519-dalek-dregg/src/backend/vector/packed_simd.rs:157:17
    |
157 |                   unsafe { core::arch::x86_64::$shr_intrinsic(self.0, N).into() }
    |                   ^^^^^^ unnecessary `unsafe` block
...
213 | / impl_shared!(
214 | |     u64x4,
215 | |     u64,
216 | |     _mm256_add_epi64,
...   |
220 | |     _mm256_extract_epi64
221 | | );
    | |_- in this macro invocation
    |
    = note: this warning originates in the macro `impl_shared` (in Nightly builds, run with -Z macro-backtrace for more info)

warning: unnecessary `unsafe` block
   --> vendor/curve25519-dalek-dregg/src/backend/vector/packed_simd.rs:162:17
    |
162 |                   unsafe { core::arch::x86_64::$extract_intrinsic(self.0, N) as $lane_ty }
    |                   ^^^^^^ unnecessary `unsafe` block
...
213 | / impl_shared!(
214 | |     u64x4,
215 | |     u64,
216 | |     _mm256_add_epi64,
...   |
220 | |     _mm256_extract_epi64
221 | | );
    | |_- in this macro invocation
    |
    = note: this warning originates in the macro `impl_shared` (in Nightly builds, run with -Z macro-backtrace for more info)

warning: unnecessary `unsafe` block
   --> vendor/curve25519-dalek-dregg/src/backend/vector/packed_simd.rs:51:17
    |
 51 |                   unsafe {
    |                   ^^^^^^ unnecessary `unsafe` block
...
222 | / impl_shared!(
223 | |     u32x8,
224 | |     u32,
225 | |     _mm256_add_epi32,
...   |
229 | |     _mm256_extract_epi32
230 | | );
    | |_- in this macro invocation
    |
    = note: this warning originates in the macro `impl_shared` (in Nightly builds, run with -Z macro-backtrace for more info)

warning: unnecessary `unsafe` block
   --> vendor/curve25519-dalek-dregg/src/backend/vector/packed_simd.rs:86:17
    |
 86 |                   unsafe { core::arch::x86_64::$add_intrinsic(self.0, rhs.0).into() }
    |                   ^^^^^^ unnecessary `unsafe` block
...
222 | / impl_shared!(
223 | |     u32x8,
224 | |     u32,
225 | |     _mm256_add_epi32,
...   |
229 | |     _mm256_extract_epi32
230 | | );
    | |_- in this macro invocation
    |
    = note: this warning originates in the macro `impl_shared` (in Nightly builds, run with -Z macro-backtrace for more info)

warning: unnecessary `unsafe` block
   --> vendor/curve25519-dalek-dregg/src/backend/vector/packed_simd.rs:105:17
    |
105 |                   unsafe { core::arch::x86_64::$sub_intrinsic(self.0, rhs.0).into() }
    |                   ^^^^^^ unnecessary `unsafe` block
...
222 | / impl_shared!(
223 | |     u32x8,
224 | |     u32,
225 | |     _mm256_add_epi32,
...   |
229 | |     _mm256_extract_epi32
230 | | );
    | |_- in this macro invocation
    |
    = note: this warning originates in the macro `impl_shared` (in Nightly builds, run with -Z macro-backtrace for more info)

warning: unnecessary `unsafe` block
   --> vendor/curve25519-dalek-dregg/src/backend/vector/packed_simd.rs:115:17
    |
115 |                   unsafe { core::arch::x86_64::_mm256_and_si256(self.0, rhs.0).into() }
    |                   ^^^^^^ unnecessary `unsafe` block
...
222 | / impl_shared!(
223 | |     u32x8,
224 | |     u32,
225 | |     _mm256_add_epi32,
...   |
229 | |     _mm256_extract_epi32
230 | | );
    | |_- in this macro invocation
    |
    = note: this warning originates in the macro `impl_shared` (in Nightly builds, run with -Z macro-backtrace for more info)

warning: unnecessary `unsafe` block
   --> vendor/curve25519-dalek-dregg/src/backend/vector/packed_simd.rs:125:17
    |
125 |                   unsafe { core::arch::x86_64::_mm256_xor_si256(self.0, rhs.0).into() }
    |                   ^^^^^^ unnecessary `unsafe` block
...
222 | / impl_shared!(
223 | |     u32x8,
224 | |     u32,
225 | |     _mm256_add_epi32,
...   |
229 | |     _mm256_extract_epi32
230 | | );
    | |_- in this macro invocation
    |
    = note: this warning originates in the macro `impl_shared` (in Nightly builds, run with -Z macro-backtrace for more info)

warning: unnecessary `unsafe` block
   --> vendor/curve25519-dalek-dregg/src/backend/vector/packed_simd.rs:152:17
    |
152 |                   unsafe { core::arch::x86_64::$shl_intrinsic(self.0, N).into() }
    |                   ^^^^^^ unnecessary `unsafe` block
...
222 | / impl_shared!(
223 | |     u32x8,
224 | |     u32,
225 | |     _mm256_add_epi32,
...   |
229 | |     _mm256_extract_epi32
230 | | );
    | |_- in this macro invocation
    |
    = note: this warning originates in the macro `impl_shared` (in Nightly builds, run with -Z macro-backtrace for more info)

warning: unnecessary `unsafe` block
   --> vendor/curve25519-dalek-dregg/src/backend/vector/packed_simd.rs:157:17
    |
157 |                   unsafe { core::arch::x86_64::$shr_intrinsic(self.0, N).into() }
    |                   ^^^^^^ unnecessary `unsafe` block
...
222 | / impl_shared!(
223 | |     u32x8,
224 | |     u32,
225 | |     _mm256_add_epi32,
...   |
229 | |     _mm256_extract_epi32
230 | | );
    | |_- in this macro invocation
    |
    = note: this warning originates in the macro `impl_shared` (in Nightly builds, run with -Z macro-backtrace for more info)

warning: unnecessary `unsafe` block
   --> vendor/curve25519-dalek-dregg/src/backend/vector/packed_simd.rs:162:17
    |
162 |                   unsafe { core::arch::x86_64::$extract_intrinsic(self.0, N) as $lane_ty }
    |                   ^^^^^^ unnecessary `unsafe` block
...
222 | / impl_shared!(
223 | |     u32x8,
224 | |     u32,
225 | |     _mm256_add_epi32,
...   |
229 | |     _mm256_extract_epi32
230 | | );
    | |_- in this macro invocation
    |
    = note: this warning originates in the macro `impl_shared` (in Nightly builds, run with -Z macro-backtrace for more info)

warning: unnecessary `unsafe` block
   --> vendor/curve25519-dalek-dregg/src/backend/vector/packed_simd.rs:258:9
    |
258 |         unsafe {
    |         ^^^^^^ unnecessary `unsafe` block

warning: unnecessary `unsafe` block
   --> vendor/curve25519-dalek-dregg/src/backend/vector/packed_simd.rs:270:9
    |
270 |         unsafe { u64x4(core::arch::x86_64::_mm256_set1_epi64x(x as i64)) }
    |         ^^^^^^ unnecessary `unsafe` block

warning: unnecessary `unsafe` block
   --> vendor/curve25519-dalek-dregg/src/backend/vector/packed_simd.rs:309:9
    |
309 |         unsafe {
    |         ^^^^^^ unnecessary `unsafe` block

warning: unnecessary `unsafe` block
   --> vendor/curve25519-dalek-dregg/src/backend/vector/packed_simd.rs:322:9
    |
322 |         unsafe { u32x8(core::arch::x86_64::_mm256_set1_epi32(x as i32)) }
    |         ^^^^^^ unnecessary `unsafe` block

warning: unnecessary `unsafe` block
   --> vendor/curve25519-dalek-dregg/src/backend/vector/packed_simd.rs:335:9
    |
335 |         unsafe { core::arch::x86_64::_mm256_mul_epu32(self.0, rhs.0).into() }
    |         ^^^^^^ unnecessary `unsafe` block

warning: unnecessary `unsafe` block
  --> vendor/curve25519-dalek-dregg/src/backend/vector/avx2/field.rs:68:5
   |
68 |     unsafe {
   |     ^^^^^^ unnecessary `unsafe` block

warning: unnecessary `unsafe` block
  --> vendor/curve25519-dalek-dregg/src/backend/vector/avx2/field.rs:89:5
   |
89 |     unsafe {
   |     ^^^^^^ unnecessary `unsafe` block

warning: unnecessary `unsafe` block
   --> vendor/curve25519-dalek-dregg/src/backend/vector/avx2/field.rs:432:13
    |
432 |             unsafe {
    |             ^^^^^^ unnecessary `unsafe` block

warning: unnecessary `unsafe` block
   --> vendor/curve25519-dalek-dregg/src/backend/vector/avx2/field.rs:456:13
    |
456 |             unsafe {
    |             ^^^^^^ unnecessary `unsafe` block

warning: unnecessary `unsafe` block
   --> vendor/curve25519-dalek-dregg/src/backend/vector/avx2/field.rs:479:28
    |
479 |         let c9_19: u32x8 = unsafe {
    |                            ^^^^^^ unnecessary `unsafe` block

warning: unnecessary `unsafe` block
   --> vendor/curve25519-dalek-dregg/src/backend/vector/avx2/field.rs:663:13
    |
663 |             unsafe {
    |             ^^^^^^ unnecessary `unsafe` block

warning: unnecessary `unsafe` block
  --> vendor/curve25519-dalek-dregg/src/backend/vector/ifma/field.rs:63:5
   |
63 |     unsafe {
   |     ^^^^^^ unnecessary `unsafe` block

warning: unnecessary `unsafe` block
  --> vendor/curve25519-dalek-dregg/src/backend/vector/ifma/field.rs:95:5
   |
95 |     unsafe {
   |     ^^^^^^ unnecessary `unsafe` block

   Compiling serde_with_macros v3.21.0
warning: `curve25519-dalek` (lib) generated 31 warnings
    Checking p3-poseidon2-air v0.5.1 (https://github.com/Plonky3/Plonky3?rev=82cfad73cd734d37a0d51953094f970c531817ec#82cfad73)
   Compiling tokio-macros v2.7.0
    Checking p3-poseidon1-circuit-air v0.1.0 (https://github.com/emberian/plonky3-recursion?rev=fc3c6df#fc3c6dfa)
   Compiling proc-macro-crate v3.5.0
    Checking mio v1.2.1
    Checking socket2 v0.6.4
    Checking foldhash v0.1.5
    Checking hashbrown v0.15.5
    Checking p3-batch-stark v0.5.1 (https://github.com/Plonky3/Plonky3?rev=82cfad73cd734d37a0d51953094f970c531817ec#82cfad73)
    Checking p3-merkle-tree v0.5.1 (https://github.com/Plonky3/Plonky3?rev=82cfad73cd734d37a0d51953094f970c531817ec#82cfad73)
   Compiling enum-ordinalize-derive v4.3.2
    Checking tokio v1.52.3
   Compiling bytemuck_derive v1.10.2
    Checking serde_with v3.21.0
    Checking colored v2.2.0
    Checking ark-std v0.5.0
   Compiling enum-ordinalize v4.3.2
    Checking serde-encoded-bytes v0.2.1
   Compiling ark-serialize-derive v0.5.0 (https://github.com/emberian/algebra?branch=serde-integration#814047cb)
   Compiling ark-ff-macros v0.5.0
    Checking ark-serialize v0.5.0 (https://github.com/emberian/algebra?branch=serde-integration#814047cb)
   Compiling educe v0.6.0
    Checking p3-circuit v0.1.0 (https://github.com/emberian/plonky3-recursion?rev=fc3c6df#fc3c6dfa)
    Checking p3-poseidon2-circuit-air v0.1.0 (https://github.com/emberian/plonky3-recursion?rev=fc3c6df#fc3c6dfa)
    Checking thiserror v1.0.69
    Checking ed25519 v2.2.3
    Checking dregg-codec v0.1.0 (/tank/dregg-build/hcargo/dregg-codec)
   Compiling ark-ff-asm v0.5.0
   Compiling dregg-dsl v0.1.0 (/tank/dregg-build/hcargo/dregg-dsl)
    Checking itertools v0.13.0
    Checking dregg-circuit v0.1.0 (/tank/dregg-build/hcargo/circuit)
    Checking bytemuck v1.25.0
    Checking ed25519-dalek v2.2.0
    Checking bitflags v2.13.0
    Checking ahash v0.8.12
   Compiling displaydoc v0.2.6
   Compiling zerofrom-derive v0.1.7
warning: unused import: `crate::dsl::descriptors::merkle_poseidon2_circuit`
  --> circuit/src/body_membership.rs:24:5
   |
24 | use crate::dsl::descriptors::merkle_poseidon2_circuit;
   |     ^^^^^^^^^^^^^^^^^^^^^^^^^^^^^^^^^^^^^^^^^^^^^^^^^
   |
   = note: `#[warn(unused_imports)]` (part of `#[warn(unused)]`) on by default

warning: unused import: `AccumulatorNonMembershipWitness`
  --> circuit/src/dsl/accumulator.rs:25:24
   |
25 |     ACCUMULATOR_WIDTH, AccumulatorNonMembershipWitness, AccumulatorNonRevocationWitness, ExtElem,
   |                        ^^^^^^^^^^^^^^^^^^^^^^^^^^^^^^^

warning: unused imports: `BoundaryDef`, `BoundaryRow`, `CircuitDescriptor`, `ColumnDef`, `ColumnKind`, `ConstraintExpr`, and `DslCircuit`
  --> circuit/src/dsl/fold.rs:30:5
   |
30 |     BoundaryDef, BoundaryRow, CircuitDescriptor, ColumnDef, ColumnKind, ConstraintExpr, DslCircuit,
   |     ^^^^^^^^^^^  ^^^^^^^^^^^  ^^^^^^^^^^^^^^^^^  ^^^^^^^^^  ^^^^^^^^^^  ^^^^^^^^^^^^^^  ^^^^^^^^^^

warning: unused import: `hash_4_to_1`
 --> circuit/src/effect_vm/trace.rs:8:37
  |
8 | use crate::poseidon2::{hash_2_to_1, hash_4_to_1};
  |                                     ^^^^^^^^^^^

warning: private item shadows public glob re-export
  --> circuit/src/effect_vm/trace_rotated.rs:47:13
   |
47 | use super::{EFFECT_VM_WIDTH, EffectVmContext, generate_effect_vm_trace_ext};
   |             ^^^^^^^^^^^^^^^
   |
note: the name `EFFECT_VM_WIDTH` in the value namespace is supposed to be publicly re-exported here
  --> circuit/src/effect_vm/trace_rotated.rs:52:9
   |
52 | pub use crate::effect_vm::layout_generated::*;
   |         ^^^^^^^^^^^^^^^^^^^^^^^^^^^^^^^^^^^^^
note: but the private item here shadows it
  --> circuit/src/effect_vm/trace_rotated.rs:47:13
   |
47 | use super::{EFFECT_VM_WIDTH, EffectVmContext, generate_effect_vm_trace_ext};
   |             ^^^^^^^^^^^^^^^
   = note: `#[warn(hidden_glob_reexports)]` on by default

warning: unused import: `EFFECT_VM_WIDTH`
  --> circuit/src/effect_vm/transfer_fee_avail_weld.rs:37:5
   |
37 |     EFFECT_VM_WIDTH, PARAM_BASE, STATE_AFTER_BASE, STATE_BEFORE_BASE, param, state,
   |     ^^^^^^^^^^^^^^^

warning: unused imports: `prove` and `verify`
  --> circuit/src/plonky3_prover.rs:40:40
   |
40 | use p3_uni_stark::{Proof, StarkConfig, prove, verify};
   |                                        ^^^^^  ^^^^^^

warning: unused doc comment
   --> circuit/src/refusal.rs:485:1
    |
485 | / /// Set while this thread is inside [`catch_quietly`]. The hook installed below reads it, so
486 | | /// silencing is scoped to the thread that asked for it.
    | |_-------------------------------------------------------^
    |   |
    |   rustdoc does not generate documentation for macro invocations
    |
    = help: to document an item produced by a macro, the macro must produce the documentation as part of its expansion
    = note: `#[warn(unused_doc_comments)]` (part of `#[warn(unused)]`) on by default

warning: unused import: `crate::dsl::predicates::*`
   --> circuit/src/lib.rs:700:13
    |
700 |     pub use crate::dsl::predicates::*;
    |             ^^^^^^^^^^^^^^^^^^^^^^^^^

warning: unused import: `crate::dsl::predicates::*`
   --> circuit/src/lib.rs:701:13
    |
701 |     pub use crate::dsl::predicates::*;
    |             ^^^^^^^^^^^^^^^^^^^^^^^^^

warning: unused import: `WindowAccess`
  --> circuit/src/plonky3_prover.rs:29:40
   |
29 | use p3_air::{Air, AirBuilder, BaseAir, WindowAccess};
   |                                        ^^^^^^^^^^^^

warning: unused import: `BaseAir`
  --> circuit/src/plonky3_prover.rs:29:31
   |
29 | use p3_air::{Air, AirBuilder, BaseAir, WindowAccess};
   |                               ^^^^^^^

warning: unused import: `Air`
  --> circuit/src/plonky3_prover.rs:29:14
   |
29 | use p3_air::{Air, AirBuilder, BaseAir, WindowAccess};
   |              ^^^

    Checking futures-io v0.3.32
    Checking futures-util v0.3.32
warning: variable does not need to be mutable
    --> circuit/src/descriptor_ir2.rs:5712:9
     |
5712 |     let mut fact_hist: BTreeMap<(u32, u32, u32), u64> = BTreeMap::new();
     |         ----^^^^^^^^^
     |         |
     |         help: remove this `mut`
     |
     = note: `#[warn(unused_mut)]` (part of `#[warn(unused)]`) on by default

warning: variable does not need to be mutable
   --> circuit/src/table_air.rs:404:13
    |
404 |         let mut share_out_of_range = |e: &TableExpr, what: &str| -> Result<(), String> {
    |             ----^^^^^^^^^^^^^^^^^^
    |             |
    |             help: remove this `mut`

warning: variable does not need to be mutable
   --> circuit/src/table_air.rs:428:13
    |
428 |         let mut prep_out_of_range = |e: &TableExpr, what: &str| -> Result<(), String> {
    |             ----^^^^^^^^^^^^^^^^^
    |             |
    |             help: remove this `mut`

warning: type `CompiledMain` is more private than the item `Ir2Air::Main::compiled`
    --> circuit/src/descriptor_ir2.rs:3672:9
     |
3672 |         compiled: Arc<crate::flat_eval::CompiledMain>,
     |         ^^^^^^^^^^^^^^^^^^^^^^^^^^^^^^^^^^^^^^^^^^^^^ field `Ir2Air::Main::compiled` is reachable at visibility `pub`
     |
note: but type `CompiledMain` is only usable at visibility `pub(crate)`
    --> circuit/src/flat_eval.rs:368:1
     |
 368 | pub(crate) struct CompiledMain {
     | ^^^^^^^^^^^^^^^^^^^^^^^^^^^^^^
     = note: `#[warn(private_interfaces)]` on by default

warning: type `CompiledTable` is more private than the item `Ir2Air::LeanTable::compiled`
    --> circuit/src/descriptor_ir2.rs:3760:9
     |
3760 |         compiled: Arc<crate::flat_eval::CompiledTable>,
     |         ^^^^^^^^^^^^^^^^^^^^^^^^^^^^^^^^^^^^^^^^^^^^^^ field `Ir2Air::LeanTable::compiled` is reachable at visibility `pub`
     |
note: but type `CompiledTable` is only usable at visibility `pub(crate)`
    --> circuit/src/flat_eval.rs:418:1
     |
 418 | pub(crate) struct CompiledTable {
     | ^^^^^^^^^^^^^^^^^^^^^^^^^^^^^^^

warning: method `resolve_row` is never used
   --> circuit/src/dsl/circuit.rs:636:8
    |
635 | impl BoundaryDef {
    | ---------------- method in this implementation
636 |     fn resolve_row(&self, trace_len: usize) -> usize {
    |        ^^^^^^^^^^^
    |
    = note: `#[warn(dead_code)]` (part of `#[warn(unused)]`) on by default

warning: field `lookup_index` is never read
   --> circuit/src/dsl/circuit.rs:673:5
    |
668 | pub struct DslCircuit {
    |            ---------- field in this struct
...
673 |     lookup_index: LookupIndex,
    |     ^^^^^^^^^^^^

warning: field `set_elements` is never read
   --> circuit/src/non_membership.rs:140:5
    |
138 | pub struct NonMembershipProver {
    |            ------------------- field in this struct
139 |     /// The set's elements (needed for witness generation).
140 |     set_elements: Vec<BabyBear>,
    |     ^^^^^^^^^^^^
    |
    = note: `NonMembershipProver` has derived impls for the traits `Debug` and `Clone`, but these are intentionally ignored during dead code analysis

warning: constant `ROUND_STATES_OFFSET` is never used
   --> circuit/src/plonky3_prover.rs:289:7
    |
289 | const ROUND_STATES_OFFSET: usize = 5;
    |       ^^^^^^^^^^^^^^^^^^^

warning: constant `PARENT_COL` is never used
   --> circuit/src/plonky3_prover.rs:292:7
    |
292 | const PARENT_COL: usize = P3_TRACE_WIDTH - 1; // 245
    |       ^^^^^^^^^^

warning: function `vm_site_digest_concrete` is never used
    --> circuit/src/lean_descriptor_air.rs:1633:15
     |
1633 | pub(crate) fn vm_site_digest_concrete(
     |               ^^^^^^^^^^^^^^^^^^^^^^^

warning: constant `CHIP_MULT_STATE16` is never used
    --> circuit/src/descriptor_ir2.rs:3505:7
     |
3505 | const CHIP_MULT_STATE16: usize = CHIP_MULT_NARROW;
     |       ^^^^^^^^^^^^^^^^^

warning: function `hash2_state_c` is never used
    --> circuit/src/descriptor_ir2.rs:5248:4
     |
5248 | fn hash2_state_c(a: BabyBear, b: BabyBear) -> [BabyBear; POSEIDON2_WIDTH] {
     |    ^^^^^^^^^^^^^

   Compiling borsh-derive v1.7.0
warning: `dregg-circuit` (lib) generated 26 warnings (run `cargo fix --lib -p dregg-circuit` to apply 11 suggestions)
    Checking fnv v1.0.7
    Checking http v1.4.2
    Checking keccak v0.1.6
    Checking tokio-util v0.7.18
    Checking hkdf v0.12.4
    Checking http-body v1.0.1
   Compiling minimal-lexical v0.2.1
    Checking unicode-ident v1.0.24
   Compiling nom v7.1.3
    Checking dregg-types v0.1.0 (/tank/dregg-build/hcargo/types)
    Checking dregg-dfa v0.1.0 (/tank/dregg-build/hcargo/dfa)
   Compiling ring v0.17.14
    Checking ark-ff v0.5.0
    Checking zerofrom v0.1.8
    Checking opaque-debug v0.3.1
    Checking base16ct v0.2.0
    Checking serdect v0.2.0
    Checking inout v0.1.4
    Checking cipher v0.4.4
    Checking sec1 v0.7.3
    Checking dregg-cell v0.1.0 (/tank/dregg-build/hcargo/cell)
    Checking ark-poly v0.5.0
    Checking ark-ec v0.5.0
    Checking sha3 v0.10.9
    Checking universal-hash v0.5.1
    Checking crypto-bigint v0.5.5
    Checking elliptic-curve v0.13.8
    Checking poly1305 v0.8.0
    Checking chacha20 v0.9.1
    Checking aead v0.5.2
    Checking untrusted v0.9.0
    Checking chacha20poly1305 v0.10.1
    Checking http-body-util v0.1.3
    Checking rfc6979 v0.4.0
    Checking kem v0.3.0-pre.0
    Checking hybrid-array v0.2.3
    Checking hybrid-array v0.4.12
    Checking ecdsa v0.16.9
    Checking ml-kem v0.2.3
    Checking primeorder v0.13.6
    Checking fips204 v0.4.6
   Compiling anyhow v1.0.103
   Compiling itertools v0.10.5
    Checking dregg-dsl-runtime v0.1.0 (/tank/dregg-build/hcargo/dregg-dsl-runtime)
    Checking x25519-dalek v2.0.1
    Checking aho-corasick v1.1.4
    Checking base64 v0.13.1
    Checking regex-syntax v0.8.11
    Checking ryu v1.0.23
    Checking regex-automata v0.4.14
    Checking borsh v1.7.0
    Checking solana-program-error v3.0.1
    Checking solana-nullable v1.3.0
    Checking solana-address v2.6.1
   Compiling prost-derive v0.10.1
    Checking dregg-pq v0.1.0 (/tank/dregg-build/hcargo/dregg-pq)
    Checking crypto-common v0.2.2
    Checking block-buffer v0.11.0
    Checking merlin v3.0.0
    Checking blake2 v0.10.6
    Checking rand_core v0.9.5
    Checking der v0.6.1
    Checking tracing-subscriber v0.2.25
   Compiling proc-macro-error-attr2 v2.0.0
   Compiling biscuit-parser v0.2.0
   Compiling proc-macro-error2 v2.0.1
    Checking spki v0.6.0
    Checking ark-relations v0.5.1
    Checking rand_chacha v0.9.0
    Checking digest v0.11.0-pre.10
    Checking dregg-commit v0.1.0 (/tank/dregg-build/hcargo/commit)
    Checking block-buffer v0.9.0
    Checking digest v0.9.0
    Checking rustls-pki-types v1.14.1
   Compiling clear_on_drop v0.2.5
   Compiling cmake v0.1.58
    Checking serde_bytes v0.11.19
    Checking sha2 v0.9.9
   Compiling aws-lc-sys v0.41.0
    Checking rand v0.9.4
    Checking ark-snark v0.5.1
    Checking pkcs8 v0.9.0
    Checking regex v1.12.4
    Checking p256 v0.13.2
   Compiling derivative v2.2.0
   Compiling biscuit-quote v0.3.0
    Checking prost v0.10.4
    Checking prost-types v0.10.1
   Compiling ark-crypto-primitives-macros v0.5.0
    Checking bstr v1.12.2
    Checking hashbrown v0.14.5
    Checking siphasher v1.0.3
    Checking percent-encoding v2.3.2
    Checking scalable_cuckoo_filter v0.5.1
    Checking globset v0.4.18
    Checking hmac v0.13.0-pre.5
    Checking sha2 v0.11.0-pre.5
    Checking dregg-macaroon v0.1.0 (/tank/dregg-build/hcargo/macaroon)
    Checking dregg-trace v0.1.0 (/tank/dregg-build/hcargo/trace)
    Checking tower-service v0.3.3
    Checking lockstitch v0.29.0
    Checking bulletproofs v5.0.0
    Checking solana-pubkey v4.2.0
    Checking solana-instruction-error v2.4.0
    Checking ark-bls12-381 v0.5.0
    Checking biscuit-auth v6.0.0
    Checking try-lock v0.2.5
    Checking bs58 v0.5.1
    Checking dregg-captp v0.1.0 (/tank/dregg-build/hcargo/captp)
warning: method `true_outcome` is never used
   --> captp/src/fraud_proof.rs:112:8
    |
 90 | impl OwnerAnchoredFact {
    | ---------------------- method in this implementation
...
112 |     fn true_outcome(&self, receipt: &CustodyReceipt) -> CustodyOutcome {
    |        ^^^^^^^^^^^^
    |
    = note: `#[warn(dead_code)]` (part of `#[warn(unused)]`) on by default

warning: `dregg-captp` (lib) generated 1 warning
    Checking want v0.3.1
    Checking dregg-cell-crypto v0.1.0 (/tank/dregg-build/hcargo/cell-crypto)
    Checking dregg-token v0.1.0 (/tank/dregg-build/hcargo/token)
warning: unused import: `Verifier`
 --> cell-crypto/src/peer_exchange.rs:9:29
  |
9 | use ed25519_dalek::{Signer, Verifier};
  |                             ^^^^^^^^
  |
  = note: `#[warn(unused_imports)]` (part of `#[warn(unused)]`) on by default

warning: `dregg-cell-crypto` (lib) generated 1 warning
    Checking httparse v1.10.1
    Checking http v0.2.12
   Compiling strum_macros v0.26.4
    Checking futures-channel v0.3.32
    Checking bincode v1.3.3
   Compiling yoke-derive v0.8.2
    Checking ark-crypto-primitives v0.5.0
    Checking ark-poly-commit v0.5.0
    Checking dregg-hints v0.0.5 (/tank/dregg-build/hcargo/hints)
    Checking libloading v0.8.9
    Checking unicode-width v0.1.14
    Checking fixedbitset v0.5.7
    Checking bit-vec v0.8.0
    Checking httpdate v1.0.3
    Checking termcolor v1.4.1
    Checking codespan-reporting v0.11.1
    Checking bit-set v0.8.0
    Checking petgraph v0.7.1
    Checking dregg-turn v0.1.0 (/tank/dregg-build/hcargo/turn)
    Checking yoke v0.8.3
    Checking solana-instruction v3.4.0
    Checking strum v0.26.3
    Checking ark-bn254 v0.5.0
    Checking spirv v0.3.0+sdk-1.3.268.0
    Checking gpu-descriptor-types v0.2.0
    Checking gpu-alloc-types v0.3.0
    Checking bcs v0.1.6
    Checking spin v0.10.0
    Checking rustc-hash v1.1.0
    Checking hexf-parse v0.2.1
    Checking atomic-waker v1.1.2
    Checking unicode-xid v0.2.6
    Checking h2 v0.4.15
    Checking naga v24.0.0
    Checking o1-utils v0.7.0 (https://github.com/emberian/proof-systems?rev=c5305e63df5474c8cca81f7951264ea6aafe81db#c5305e63)
    Checking gpu-alloc v0.6.0
    Checking gpu-descriptor v0.3.2
warning: associated function `enforce_custom_proof_entry_binding` is never used
   --> turn/src/executor/proof_verify.rs:717:19
    |
177 | impl TurnExecutor {
    | ----------------- associated function in this implementation
...
717 |     pub(super) fn enforce_custom_proof_entry_binding(
    |                   ^^^^^^^^^^^^^^^^^^^^^^^^^^^^^^^^^^
    |
    = note: `#[warn(dead_code)]` (part of `#[warn(unused)]`) on by default

    Checking mina-curves v0.7.0 (https://github.com/emberian/proof-systems?rev=c5305e63df5474c8cca81f7951264ea6aafe81db#c5305e63)
warning: `dregg-turn` (lib) generated 1 warning
    Checking ash v0.38.0+1.3.281
    Checking khronos-egl v6.0.0
    Checking http-body v0.4.6
    Checking wgpu-types v24.0.0
   Compiling zerovec-derive v0.11.3
    Checking ordered-float v4.6.0
    Checking glow v0.16.0
    Checking profiling v1.0.18
    Checking utf8_iter v1.0.4
    Checking openssl-probe v0.2.1
    Checking raw-window-handle v0.6.2
    Checking renderdoc-sys v1.1.0
    Checking mina-poseidon v0.7.0 (https://github.com/emberian/proof-systems?rev=c5305e63df5474c8cca81f7951264ea6aafe81db#c5305e63)
    Checking hyper v1.10.1
    Checking solana-hash v4.4.0
    Checking p3-circle v0.5.1 (https://github.com/Plonky3/Plonky3?rev=82cfad73cd734d37a0d51953094f970c531817ec#82cfad73)
   Compiling num-derive v0.4.2
    Checking wgpu-hal v24.0.4
    Checking zerovec v0.11.6
    Checking sync_wrapper v1.0.2
   Compiling dregg-lean-ffi v0.1.0 (/tank/dregg-build/hcargo/dregg-lean-ffi)
    Checking tower-layer v0.3.3
    Checking ipnet v2.12.0
    Checking hyper-util v0.1.20
    Checking wgpu-core v24.0.5
    Checking p3-circuit-prover v0.1.0 (https://github.com/emberian/plonky3-recursion?rev=fc3c6df#fc3c6dfa)
   Compiling spl-discriminator-syn v0.2.1
    Checking form_urlencoded v1.2.2
    Checking solana-sdk-ids v3.1.0
    Checking bytes-utils v0.1.4
    Checking static_assertions v1.1.0
    Checking wgpu v24.0.5
   Compiling spl-discriminator-derive v0.2.0
    Checking aws-smithy-types v1.5.0
    Checking solana-account-info v3.1.1
    Checking p3-recursion v0.1.0 (https://github.com/emberian/plonky3-recursion?rev=fc3c6df#fc3c6dfa)
    Checking tower v0.5.3
    Checking solana-sha256-hasher v3.1.0
   Compiling zstd-sys v2.0.16+zstd.1.5.7
   Compiling num_enum_derive v0.7.6
    Checking pollster v0.4.0
   Compiling solana-sdk-macro v3.0.1
    Checking num_enum v0.7.6
    Checking spl-discriminator v0.5.2
    Checking dregg-recursion-verify v0.1.0 (/tank/dregg-build/hcargo/recursion-verify)
    Checking tinystr v0.8.3
    Checking dregg-p3-pasta v0.1.0 (/tank/dregg-build/hcargo/circuit-prove/p3-pasta)
    Checking rustls-native-certs v0.8.4
    Checking solana-serialize-utils v3.1.2
    Checking webpki-roots v1.0.8
    Checking dregg-blocklace v0.1.0 (/tank/dregg-build/hcargo/blocklace)
    Checking solana-zero-copy v1.2.0
    Checking p3-bn254 v0.5.1 (https://github.com/Plonky3/Plonky3?rev=82cfad73cd734d37a0d51953094f970c531817ec#82cfad73)
    Checking litemap v0.8.2
    Checking writeable v0.6.3
    Checking icu_locale_core v2.2.0
    Checking solana-sysvar-id v3.1.0
    Checking potential_utf v0.1.5
    Checking zerotrie v0.2.4
   Compiling openssl-sys v0.9.117
    Checking solana-zk-sdk-pod v0.1.2
    Checking aws-smithy-async v1.2.14
   Compiling aws-smithy-runtime-api-macros v1.0.0
    Checking linux-raw-sys v0.12.1
    Checking rustix v1.1.4
    Checking aws-smithy-runtime-api v1.12.3
    Checking solana-zk-elgamal-proof-interface v0.1.3
    Checking icu_provider v2.2.0
    Checking icu_collections v2.2.0
    Checking solana-instructions-sysvar v3.0.1
    Checking spl-type-length-value v0.9.1
    Checking solana-clock v3.1.1
    Checking solana-system-interface v3.2.0
    Checking solana-borsh v3.0.2
    Checking solana-curve25519 v4.0.1
   Compiling yoke-derive v0.7.5
    Checking yoke v0.7.5
    Checking spl-token-confidential-transfer-proof-extraction v0.6.1
    Checking spl-token-metadata-interface v1.0.1
    Checking icu_properties_data v2.2.0
    Checking xattr v1.6.1
    Checking icu_normalizer_data v2.2.0
    Checking spl-token-group-interface v0.7.2
    Checking solana-rent v4.3.0
    Checking solana-program-pack v3.1.0
    Checking crypto-hermine v0.1.0 (/tank/dregg-build/hcargo/crypto-hermine)
    Checking solana-serde-varint v3.0.1
   Compiling cfg_eval v0.1.2
   Compiling zerovec-derive v0.10.3
    Checking solana-short-vec v3.2.2
    Checking filetime v0.2.29
    Checking spl-token-2022-interface v3.1.1
    Checking tar v0.4.46
    Checking solana-vote-interface v6.0.2
    Checking zerovec v0.10.4
    Checking dregg-federation v0.1.0 (/tank/dregg-build/hcargo/federation)
    Checking icu_normalizer v2.2.0
    Checking icu_properties v2.2.0
    Checking solana-stake-interface v4.3.0
    Checking encoding_rs v0.8.35
    Checking foreign-types-shared v0.1.1
   Compiling openssl v0.10.81
    Checking foreign-types v0.3.2
    Checking idna_adapter v1.2.2
   Compiling openssl-macros v0.1.1
   Compiling native-tls v0.2.18
   Compiling rustls v0.21.12
    Checking idna v1.1.0
    Checking tinystr v0.7.6
    Checking rustls-webpki v0.101.7
    Checking sct v0.7.1
   Compiling enumflags2_derive v0.7.12
    Checking litemap v0.7.5
    Checking writeable v0.5.5
    Checking icu_locid v1.5.0
    Checking enumflags2 v0.7.12
   Compiling zstd-safe v7.2.4
    Checking url v2.5.8
    Checking zstd v0.13.3
    Checking ahash v0.7.8
    Checking dregg-coord v0.1.0 (/tank/dregg-build/hcargo/coord)
    Checking crc32fast v1.5.0
    Checking h2 v0.3.27
   Compiling icu_provider_macros v1.5.0
    Checking socket2 v0.5.10
    Checking instant v0.1.13
    Checking mime v0.3.17
    Checking parking_lot_core v0.8.6
    Checking hyper v0.14.32
    Checking icu_provider v1.5.0
    Checking aws-smithy-eventstream v0.60.20
    Checking hashbrown v0.12.3
    Checking tokio-native-tls v0.3.1
    Checking tokio-rustls v0.24.1
    Checking landlock v0.4.5
    Checking aws-smithy-schema v0.1.0
    Checking fhegg-solver v0.1.0 (/tank/dregg-build/hcargo/fhegg-solver)
    Checking serde_urlencoded v0.7.1
    Checking dregg-payable v0.1.0 (/tank/dregg-build/hcargo/dregg-payable)
   Compiling aws-lc-rs v1.17.0
   Compiling rustls v0.23.41
    Checking dregg-dsl-tests v0.1.0 (/tank/dregg-build/hcargo/dregg-dsl-tests)
    Checking starbridge-polis v0.1.0 (/tank/dregg-build/hcargo/starbridge-apps/polis)
    Checking pbkdf2 v0.12.2
    Checking dregg-query v0.1.0 (/tank/dregg-build/hcargo/dregg-query)
   Compiling async-trait v0.1.89
    Checking rustls-webpki v0.103.13
    Checking seccompiler v0.4.0
    Checking dregg-firmament v0.1.0 (/tank/dregg-build/hcargo/sel4/dregg-firmament)
    Checking hyper-rustls v0.24.2
    Checking hyper-tls v0.6.0
    Checking lru v0.7.8
    Checking aws-smithy-http v0.63.6
    Checking parking_lot v0.11.2
    Checking tower-http v0.6.11
    Checking aws-credential-types v1.2.14
    Checking groupmap v0.7.0 (https://github.com/emberian/proof-systems?rev=c5305e63df5474c8cca81f7951264ea6aafe81db#c5305e63)
    Checking itertools v0.12.1
    Checking tokio-rustls v0.26.4
    Checking hyper-rustls v0.27.9
    Checking reqwest v0.12.28
    Checking aws-smithy-http-client v1.1.13
    Checking poly-commitment v0.7.0 (https://github.com/emberian/proof-systems?rev=c5305e63df5474c8cca81f7951264ea6aafe81db#c5305e63)
    Checking icu_locid_transform v1.5.0
    Checking reed-solomon-erasure v6.0.0
    Checking starbridge-web-surface v0.1.0 (/tank/dregg-build/hcargo/starbridge-web-surface)
    Checking axum-core v0.5.6
warning: unused imports: `AuthRequired` and `Credential`
  --> starbridge-web-surface/src/affordance.rs:62:18
   |
62 | use dregg_cell::{AuthRequired, Credential, Requirement};
   |                  ^^^^^^^^^^^^  ^^^^^^^^^^
   |
   = note: `#[warn(unused_imports)]` (part of `#[warn(unused)]`) on by default

warning: variable does not need to be mutable
   --> starbridge-web-surface/src/indexer.rs:216:9
    |
216 |     let mut push = |c: &String, seen: &mut BTreeSet<String>, out: &mut Vec<String>| {
    |         ----^^^^
    |         |
    |         help: remove this `mut`
    |
    = note: `#[warn(unused_mut)]` (part of `#[warn(unused)]`) on by default

warning: `starbridge-web-surface` (lib) generated 2 warnings (run `cargo fix --lib -p starbridge-web-surface` to apply 2 suggestions)
    Checking aws-smithy-observability v0.2.6
    Checking serde_path_to_error v0.1.20
    Checking core_maths v0.1.1
    Checking fastrand v2.4.1
    Checking matchit v0.8.4
    Checking aws-smithy-runtime v1.11.3
    Checking axum v0.8.9
   Compiling strck_ident v0.1.2
   Compiling clang-sys v1.8.1
    Checking dregg-storage v0.1.0 (/tank/dregg-build/hcargo/storage)
    Checking aws-types v1.3.16
    Checking aws-sigv4 v1.4.2
   Compiling wasm-bindgen-shared v0.2.126
    Checking icu_collections v1.5.0
   Compiling libz-sys v1.1.29
   Compiling cexpr v0.6.0
    Checking uuid v1.23.4
   Compiling bindgen v0.72.1
    Checking aws-runtime v1.7.2
   Compiling diplomat_core v0.8.1
   Compiling wasm-bindgen-macro-support v0.2.126
   Compiling flate2 v1.1.9
    Checking icu_properties_data v1.5.1
    Checking calendrical_calculations v0.1.3
    Checking aws-smithy-json v0.62.7
    Checking unicode-bidi v0.3.18
    Checking konst v0.2.20
    Checking icu_properties v1.5.1
   Compiling wasm-bindgen-macro v0.2.126
    Checking icu_calendar v1.5.2
    Checking icu_segmenter v1.5.0
   Compiling mozjs_sys v0.140.8-2
   Compiling diplomat v0.8.0
   Compiling const_format_proc_macros v0.2.34
    Checking icu_provider_adapters v1.5.0
    Checking rusticata-macros v4.1.0
   Compiling asn1-rs-derive v0.5.1
   Compiling asn1-rs-impl v0.2.0
    Checking icu_capi v1.5.0
    Checking const_format v0.2.36
    Checking wasm-bindgen v0.2.126
    Checking encoding_c v0.9.8
    Checking encoding_c_mem v0.2.6
    Checking dregg-agent v0.1.0 (/tank/dregg-build/hcargo/dregg-agent)
   Compiling parity-scale-codec-derive v3.7.5
    Checking asn1-rs v0.6.2
   Compiling impl-trait-for-tuples v0.2.3
   Compiling derive_more-impl v1.0.0
    Checking js-sys v0.3.103
    Checking derive_more v1.0.0
    Checking redb v2.6.3
   Compiling derive_more-impl v2.1.1
    Checking parity-scale-codec v3.7.5
    Checking aws-smithy-query v0.60.15
   Compiling scale-info-derive v2.11.6
    Checking half v2.7.1
    Checking num-iter v0.1.45
    Checking ciborium-ll v0.2.2
    Checking num-bigint-dig v0.8.6
    Checking aws-sdk-sts v1.102.0
    Checking wasm-bindgen-futures v0.4.76
    Checking mozjs v0.15.7
    Checking oid-registry v0.7.1
    Checking der-parser v9.0.0
    Checking aws-sdk-sso v1.97.0
    Checking aws-sdk-ssooidc v1.99.0
    Checking deos-reflect v0.1.0 (/tank/dregg-build/hcargo/deos-reflect)
    Checking dcap-qvl-webpki v0.103.4+dcap.1
    Checking rustls-pemfile v2.2.0
    Checking serde-human-bytes v0.1.3
    Checking deos-js-core v0.1.0 (/tank/dregg-build/hcargo/deos-js-core)
    Checking pkcs1 v0.7.5
    Checking x509-cert v0.2.5
    Checking chrono v0.4.45
    Checking sha1 v0.10.6
    Checking pem v3.0.6
    Checking data-encoding v2.11.0
    Checking dregg-doc v0.1.0 (/tank/dregg-build/hcargo/dregg-doc)
    Checking x509-parser v0.16.0
    Checking aws-config v1.8.15
    Checking derive_more v2.1.1
    Checking rsa v0.9.10
    Checking ciborium v0.2.2
    Checking aws-sdk-bedrockruntime v1.129.0
    Checking p384 v0.13.1
    Checking serde-big-array v0.5.1
    Checking fs2 v0.4.3
    Checking dregg-zkoracle-prove v0.1.0 (/tank/dregg-build/hcargo/zkoracle-prove)
    Checking grain-jail v0.1.0 (/tank/dregg-build/hcargo/grain-jail)
    Checking hosted-durable v0.1.0 (/tank/dregg-build/hcargo/hosted-durable)
    Checking dregg-auth v0.1.0 (/tank/dregg-build/hcargo/dregg-auth)
    Checking dregg-narrator v0.1.0 (/tank/dregg-build/hcargo/narrator)
    Checking scale-info v2.11.6
    Checking http-serve v0.1.0 (/tank/dregg-build/hcargo/http-serve)
    Checking dcap-qvl v0.5.2
    Checking dregg-tee-verify v0.1.0 (/tank/dregg-build/hcargo/tee-verify)
warning: dregg-lean-ffi@0.1.0: dregg-lean-ffi: splicing the Dregg2.FFI boundary closure — 347 of 706 emitted Dregg2 C facets (359 off-closure proof modules not shipped in the runtime archive).
warning: dregg-lean-ffi@0.1.0: dregg-lean-ffi: compiling 347 changed Dregg2 C facet(s) via 4 bounded leanc worker(s) …
warning: dregg-lean-ffi@0.1.0: dregg-lean-ffi: leanc stderr: /tank/dregg-build/hcargo/metatheory/.lake/build/ir/Dregg2/Games/PathOfAngels/CrewSigningVectors.c:36:167: warning: implicit truncation from 'unsigned long' to bit-field changes value from 98768 to 33232 [-Wbitfield-constant-conversion]
warning: dregg-lean-ffi@0.1.0: dregg-lean-ffi: leanc stderr: 1 warning generated.
warning: dregg-lean-ffi@0.1.0: dregg-lean-ffi: spliced 347 Dregg2 objects into /tank/dregg-build/hcargo/target/debug/build/dregg-lean-ffi-5d0458fd588aae08/out/libdregg_lean.a (3295 total members).
warning: dregg-lean-ffi@0.1.0: dregg-lean-ffi: closure pass 0: compiling 8 dependency object(s) via 4 bounded leanc worker(s) …
warning: dregg-lean-ffi@0.1.0: dregg-lean-ffi: closure pass 0: added 8 dependency object(s).
warning: dregg-lean-ffi@0.1.0: dregg-lean-ffi: closure pass 1: compiling 11 dependency object(s) via 4 bounded leanc worker(s) …
warning: dregg-lean-ffi@0.1.0: dregg-lean-ffi: closure pass 1: added 11 dependency object(s).
warning: dregg-lean-ffi@0.1.0: dregg-lean-ffi: closure pass 2: compiling 3 dependency object(s) via 4 bounded leanc worker(s) …
warning: dregg-lean-ffi@0.1.0: dregg-lean-ffi: closure pass 2: added 3 dependency object(s).
warning: dregg-lean-ffi@0.1.0: dregg-lean-ffi: closure pass 3: compiling 2 dependency object(s) via 4 bounded leanc worker(s) …
warning: dregg-lean-ffi@0.1.0: dregg-lean-ffi: closure pass 3: added 2 dependency object(s).
warning: dregg-lean-ffi@0.1.0: dregg-lean-ffi: closure pass 4: compiling 1 dependency object(s) via 4 bounded leanc worker(s) …
warning: dregg-lean-ffi@0.1.0: dregg-lean-ffi: closure pass 4: added 1 dependency object(s).
warning: dregg-lean-ffi@0.1.0: dregg-lean-ffi: closure pass 5: compiling 2 dependency object(s) via 4 bounded leanc worker(s) …
warning: dregg-lean-ffi@0.1.0: dregg-lean-ffi: closure pass 5: added 2 dependency object(s).
warning: dregg-lean-ffi@0.1.0: dregg-lean-ffi: closure pass 6: compiling 1 dependency object(s) via 4 bounded leanc worker(s) …
warning: dregg-lean-ffi@0.1.0: dregg-lean-ffi: closure pass 6: added 1 dependency object(s).
warning: dregg-lean-ffi@0.1.0: dregg-lean-ffi: archive GC pruned 1 unreachable dependency object(s) (kept 3322 reachable from the `dregg_*` exports).
warning: struct `AuthenticatedJournalRecord` is never constructed
   --> dregg-lean-ffi/src/poa_bazaar_restart_portal.rs:186:19
    |
186 | pub(crate) struct AuthenticatedJournalRecord {
    |                   ^^^^^^^^^^^^^^^^^^^^^^^^^^
    |
    = note: `#[warn(dead_code)]` (part of `#[warn(unused)]`) on by default

warning: associated function `open_bound` is never used
   --> dregg-lean-ffi/src/poa_bazaar_restart_portal.rs:377:19
    |
346 | impl DurableBazaarHeadStore {
    | --------------------------- associated function in this implementation
...
377 |     pub(crate) fn open_bound(
    |                   ^^^^^^^^^^

warning: method `load_authenticated_journal_records` is never used
    --> dregg-lean-ffi/src/poa_bazaar_restart_portal.rs:1096:19
     |
1095 | impl DurableBazaarHeadStore {
     | --------------------------- method in this implementation
1096 |     pub(crate) fn load_authenticated_journal_records(
     |                   ^^^^^^^^^^^^^^^^^^^^^^^^^^^^^^^^^^

warning: function `lean_storage_content_root` is never used
    --> dregg-lean-ffi/src/lib.rs:2109:12
     |
2109 |     pub fn lean_storage_content_root(wire: &str) -> Result<String, String> {
     |            ^^^^^^^^^^^^^^^^^^^^^^^^^

warning: function `dregg_storage_content_root_str` is never used
    --> dregg-lean-ffi/src/lib.rs:1808:12
     |
1808 |         fn dregg_storage_content_root_str(
     |            ^^^^^^^^^^^^^^^^^^^^^^^^^^^^^^

warning: `dregg-lean-ffi` (lib) generated 5 warnings
    Checking dregg-circuit-prove v0.1.0 (/tank/dregg-build/hcargo/circuit-prove)
    Checking dregg-persist v0.1.0 (/tank/dregg-build/hcargo/persist)
warning: unused import: `ProgramRegistry`
  --> circuit-prove/src/custom_proof_bind.rs:78:48
   |
78 | use dregg_circuit::dsl::circuit::{CellProgram, ProgramRegistry};
   |                                                ^^^^^^^^^^^^^^^
   |
   = note: `#[warn(unused_imports)]` (part of `#[warn(unused)]`) on by default

warning: unused import: `CLAIM_VPRIME`
   --> circuit-prove/src/mina_kimchi_verifier_gadget.rs:218:38
    |
218 | use crate::mina_wrap_finalize_fold::{CLAIM_VPRIME, FINALIZE_CLAIM_LEN, SK, endo_lift_descriptor};
    |                                      ^^^^^^^^^^^^

warning: unused import: `nums`
  --> circuit-prove/src/mina_pasta_fixture_suite.rs:61:70
   |
61 |     EF, F, FixtureHashSuite, FixtureTranscript, arr, ef_json, f_u32, nums,
   |                                                                      ^^^^

warning: unused import: `CanSample`
  --> circuit-prove/src/mina_pasta_fixture_suite.rs:64:36
   |
64 |     CanFinalizeDigest, CanObserve, CanSample, CanSampleBits, FieldChallenger, GrindingChallenger,
   |                                    ^^^^^^^^^

warning: unused import: `dregg_circuit::exact_nullifier_aafi::Digest8`
  --> circuit-prove/src/shielded/wide_value_binding.rs:71:5
   |
71 | use dregg_circuit::exact_nullifier_aafi::Digest8;
   |     ^^^^^^^^^^^^^^^^^^^^^^^^^^^^^^^^^^^^^^^^^^^^

warning: method `commit_finalized_turn_with_faithful_root_and_executor_state_and_poa_galley` is never used
    --> persist/src/commit_log.rs:1510:19
     |
 965 | impl PersistentStore {
     | -------------------- method in this implementation
...
1510 |     pub(crate) fn commit_finalized_turn_with_faithful_root_and_executor_state_and_poa_galley(
     |                   ^^^^^^^^^^^^^^^^^^^^^^^^^^^^^^^^^^^^^^^^^^^^^^^^^^^^^^^^^^^^^^^^^^^^^^^^^^
     |
     = note: `#[warn(dead_code)]` (part of `#[warn(unused)]`) on by default

warning: function `verify_replayed_exact_fnsp_v3_frame_in` is never used
    --> persist/src/exact_fnsp_v3_frame_head.rs:1266:15
     |
1266 | pub(crate) fn verify_replayed_exact_fnsp_v3_frame_in(
     |               ^^^^^^^^^^^^^^^^^^^^^^^^^^^^^^^^^^^^^^

warning: function `exact_fnsp_v3_activation_installed_in` is never used
    --> persist/src/exact_fnsp_v3_frame_head.rs:1278:15
     |
1278 | pub(crate) fn exact_fnsp_v3_activation_installed_in(write: &WriteTransaction) -> StoreResult<bool> {
     |               ^^^^^^^^^^^^^^^^^^^^^^^^^^^^^^^^^^^^^

warning: function `load_snapshot_from_write` is never used
    --> persist/src/exact_fnsp_v3_frame_head.rs:1559:4
     |
1559 | fn load_snapshot_from_write(
     |    ^^^^^^^^^^^^^^^^^^^^^^^^

warning: function `prepare_from_snapshot` is never used
   --> persist/src/exact_fnsp_v3_state.rs:822:4
    |
822 | fn prepare_from_snapshot(
    |    ^^^^^^^^^^^^^^^^^^^^^

warning: function `reconstruct_replay_from_snapshot` is never used
   --> persist/src/exact_fnsp_v3_state.rs:860:4
    |
860 | fn reconstruct_replay_from_snapshot(
    |    ^^^^^^^^^^^^^^^^^^^^^^^^^^^^^^^^

warning: associated function `new` is never used
  --> persist/src/poa_holding_consumption.rs:60:19
   |
54 | impl PreparedPoaHoldingConsumptionV1 {
   | ------------------------------------ associated function in this implementation
...
60 |     pub(crate) fn new(
   |                   ^^^

warning: function `verify_replayed_poa_world_activation_in` is never used
   --> persist/src/poa_world_activation.rs:451:15
    |
451 | pub(crate) fn verify_replayed_poa_world_activation_in(
    |               ^^^^^^^^^^^^^^^^^^^^^^^^^^^^^^^^^^^^^^^

warning: `dregg-persist` (lib) generated 8 warnings
warning: function `prove_zk` is never used
   --> circuit-prove/src/private_book_bfv_terminal.rs:327:4
    |
327 | fn prove_zk(
    |    ^^^^^^^^
    |
    = note: `#[warn(dead_code)]` (part of `#[warn(unused)]`) on by default

warning: function `verify_zk` is never used
   --> circuit-prove/src/private_book_bfv_terminal.rs:347:4
    |
347 | fn verify_zk(
    |    ^^^^^^^^^

warning: `dregg-circuit-prove` (lib) generated 7 warnings (run `cargo fix --lib -p dregg-circuit-prove` to apply 5 suggestions)
    Checking dregg-turn-prover v0.1.0 (/tank/dregg-build/hcargo/turn-prover)
    Checking grain-verify v0.1.0 (/tank/dregg-build/hcargo/grain-verify)
    Checking dregg-lightclient v0.1.0 (/tank/dregg-build/hcargo/lightclient)
    Checking dregg-bridge v0.1.0 (/tank/dregg-build/hcargo/bridge)
    Checking dregg-intent v0.1.0 (/tank/dregg-build/hcargo/intent)
    Checking dregg-wire v0.1.0 (/tank/dregg-build/hcargo/wire)
    Checking dregg-exec-lean v0.1.0 (/tank/dregg-build/hcargo/exec-lean)
    Checking dregg-sdk v0.1.0 (/tank/dregg-build/hcargo/sdk)
warning: unused import: `dregg_circuit::poseidon2`
    --> sdk/src/cipherclerk.rs:4592:13
     |
4592 |         use dregg_circuit::poseidon2;
     |             ^^^^^^^^^^^^^^^^^^^^^^^^
     |
     = note: `#[warn(unused_imports)]` (part of `#[warn(unused)]`) on by default

warning: unnecessary parentheses around function argument
   --> sdk/src/factories.rs:212:17
    |
212 |                 (0),
    |                 ^ ^
    |
    = note: `#[warn(unused_parens)]` (part of `#[warn(unused)]`) on by default
help: remove these parentheses
    |
212 -                 (0),
212 +                 0,
    |

warning: unnecessary parentheses around function argument
   --> sdk/src/flashwell.rs:145:17
    |
145 |                 (0),
    |                 ^ ^
    |
help: remove these parentheses
    |
145 -                 (0),
145 +                 0,
    |

warning: unnecessary parentheses around function argument
   --> sdk/src/polis.rs:128:21
    |
128 |                     (0),
    |                     ^ ^
    |
help: remove these parentheses
    |
128 -                     (0),
128 +                     0,
    |

warning: unnecessary parentheses around function argument
   --> sdk/src/trustline.rs:190:17
    |
190 |                 (0),
    |                 ^ ^
    |
help: remove these parentheses
    |
190 -                 (0),
190 +                 0,
    |

warning: `dregg-sdk` (lib) generated 5 warnings (run `cargo fix --lib -p dregg-sdk` to apply 5 suggestions)
    Checking dregg-app-framework v0.1.0 (/tank/dregg-build/hcargo/app-framework)
    Checking deos-js v0.1.0 (/tank/dregg-build/hcargo/deos-js)
    Checking grain-turn v0.1.0 (/tank/dregg-build/hcargo/grain-turn)
warning: unnecessary parentheses around function argument
   --> deos-js/src/attach.rs:743:25
    |
743 |                         (0),
    |                         ^ ^
    |
    = note: `#[warn(unused_parens)]` (part of `#[warn(unused)]`) on by default
help: remove these parentheses
    |
743 -                         (0),
743 +                         0,
    |

warning: unused import: `Credential`
  --> deos-js/src/composer_card.rs:48:18
   |
48 | use dregg_cell::{Credential, Requirement};
   |                  ^^^^^^^^^^
   |
   = note: `#[warn(unused_imports)]` (part of `#[warn(unused)]`) on by default

warning: unused import: `Credential`
  --> deos-js/src/graph_card.rs:47:18
   |
47 | use dregg_cell::{Credential, Requirement};
   |                  ^^^^^^^^^^

warning: unnecessary parentheses around function argument
    --> deos-js/src/js.rs:2065:17
     |
2065 |                 (0),
     |                 ^ ^
     |
help: remove these parentheses
     |
2065 -                 (0),
2065 +                 0,
     |

warning: unused import: `Credential`
  --> deos-js/src/layout_card.rs:50:18
   |
50 | use dregg_cell::{Credential, Requirement};
   |                  ^^^^^^^^^^

warning: unused import: `dregg_cell::Credential`
  --> deos-js/src/multi_cell.rs:65:5
   |
65 | use dregg_cell::Credential;
   |     ^^^^^^^^^^^^^^^^^^^^^^

warning: unnecessary parentheses around function argument
   --> deos-js/src/multi_cell.rs:557:13
    |
557 |             (0),
    |             ^ ^
    |
help: remove these parentheses
    |
557 -             (0),
557 +             0,
    |

warning: unused import: `Credential`
  --> deos-js/src/objects_card.rs:47:18
   |
47 | use dregg_cell::{Credential, Requirement};
   |                  ^^^^^^^^^^

warning: unused imports: `Credential` and `is_attenuation`
  --> app-framework/src/affordance.rs:52:45
   |
52 | use dregg_cell::{AuthRequired, CellProgram, Credential, Requirement, is_attenuation};
   |                                             ^^^^^^^^^^               ^^^^^^^^^^^^^^
   |
   = note: `#[warn(unused_imports)]` (part of `#[warn(unused)]`) on by default

warning: unused imports: `Credential` and `Requirement`
   --> app-framework/src/deos_app.rs:103:18
    |
103 | use dregg_cell::{Credential, Requirement};
    |                  ^^^^^^^^^^  ^^^^^^^^^^^

warning: unused import: `Verifier`
   --> app-framework/src/inbox_endpoint.rs:269:36
    |
269 |     use ed25519_dalek::{Signature, Verifier, VerifyingKey};
    |                                    ^^^^^^^^

warning: unused imports: `Credential` and `Requirement`
  --> app-framework/src/optimistic_fire.rs:56:18
   |
56 | use dregg_cell::{Credential, Requirement};
   |                  ^^^^^^^^^^  ^^^^^^^^^^^

warning: unused imports: `Credential` and `Requirement`
  --> app-framework/src/rehydration.rs:44:18
   |
44 | use dregg_cell::{Credential, Requirement};
   |                  ^^^^^^^^^^  ^^^^^^^^^^^

warning: unused import: `AuthRequired`
  --> app-framework/src/scaffold.rs:53:18
   |
53 | use dregg_cell::{AuthRequired, Requirement};
   |                  ^^^^^^^^^^^^

warning: unused imports: `Credential` and `Requirement`
  --> app-framework/src/server.rs:57:18
   |
57 | use dregg_cell::{Credential, Requirement};
   |                  ^^^^^^^^^^  ^^^^^^^^^^^

warning: unused imports: `Credential` and `Requirement`
  --> app-framework/src/starbridge.rs:79:18
   |
79 | use dregg_cell::{Credential, Requirement};
   |                  ^^^^^^^^^^  ^^^^^^^^^^^

warning: unused imports: `Credential` and `Requirement`
  --> app-framework/src/stark_rehydrate.rs:73:18
   |
73 | use dregg_cell::{Credential, Requirement};
   |                  ^^^^^^^^^^  ^^^^^^^^^^^

warning: unused import: `Credential`
  --> app-framework/src/transclude_affordance.rs:62:40
   |
62 | use dregg_cell::{AuthRequired, CellId, Credential, Requirement};
   |                                        ^^^^^^^^^^

warning: unused imports: `Credential` and `Requirement`
  --> app-framework/src/webgen.rs:33:18
   |
33 | use dregg_cell::{Credential, Requirement};
   |                  ^^^^^^^^^^  ^^^^^^^^^^^

warning: function `postmaster_identity` is never used
   --> deos-js/src/mailtown.rs:118:4
    |
118 | fn postmaster_identity() -> AuthRequired {
    |    ^^^^^^^^^^^^^^^^^^^
    |
    = note: `#[warn(dead_code)]` (part of `#[warn(unused)]`) on by default

warning: function `resident_identity` is never used
   --> deos-js/src/mailtown.rs:136:4
    |
136 | fn resident_identity() -> AuthRequired {
    |    ^^^^^^^^^^^^^^^^^

warning: `deos-js` (lib) generated 10 warnings (run `cargo fix --lib -p deos-js` to apply 8 suggestions)
warning: `dregg-app-framework` (lib) generated 11 warnings (run `cargo fix --lib -p dregg-app-framework` to apply 11 suggestions)
    Checking starbridge-execution-lease v0.1.0 (/tank/dregg-build/hcargo/starbridge-apps/execution-lease)
    Checking dregg-storage-templates v0.1.0 (/tank/dregg-build/hcargo/dregg-storage-templates)
    Checking starbridge-vat v0.1.0 (/tank/dregg-build/hcargo/starbridge-apps/vat)
    Checking hosted-lease v0.1.0 (/tank/dregg-build/hcargo/hosted-lease)
    Checking dregg-sdk-net v0.1.0 (/tank/dregg-build/hcargo/dregg-sdk-net)
    Checking agent-platform v0.1.0 (/tank/dregg-build/hcargo/agent-platform)
warning: unnecessary parentheses around function argument
   --> dregg-sdk-net/src/channels.rs:169:21
    |
169 |                     (0),
    |                     ^ ^
    |
    = note: `#[warn(unused_parens)]` (part of `#[warn(unused)]`) on by default
help: remove these parentheses
    |
169 -                     (0),
169 +                     0,
    |

warning: unnecessary parentheses around function argument
   --> dregg-sdk-net/src/channels.rs:689:29
    |
689 | ...                   (0),
    |                       ^ ^
    |
help: remove these parentheses
    |
689 -                             (0),
689 +                             0,
    |

warning: `dregg-sdk-net` (lib) generated 2 warnings (run `cargo fix --lib -p dregg-sdk-net` to apply 2 suggestions)
    Checking deos-hermes v0.1.0 (/tank/dregg-build/hcargo/deos-hermes)
    Finished `dev` profile [unoptimized + debuginfo] target(s) in 4m 59s
warning: the following packages contain code that will be rejected by a future version of Rust: proc-macro-error2 v2.0.1
note: to see what the problems were, use the option `--future-incompat-report`, or run `cargo report future-incompatibilities --id 1`
pbuild: VERDICT outcome=PASS status=0 lane=hcargo host=hbox cmd=timeout --signal=TERM --kill-after=15s 1800s cargo check --jobs 4 -p deos-hermes --features node-brain,live-brain --lib --bin deos-hermes --test node_backed_hands --test node_backed_round_trip
