pbuild: host is Darwin-arm64, hbox is Linux-x86_64 — NOT shipping
        dregg-lean-ffi/libdregg_lean.a (it is arch-specific; a cross-shipped archive links as
        'neither ET_REL nor LLVM bitcode'). The lane gets a platform-native one from
        the release instead — see ARCHIVE PROVISIONING below.
cannot delete non-empty directory: drive59-baseline
pbuild:   archive present, vouched by its provenance record (skipping the ~8s export rescan).
pbuild: lean archive kept in lane 'hcargo' (release, 0s)
        Dregg2 provenance: tree fc2be11509bb — NOT any of the last 40 commits of this history
pbuild: forwarding LEAN_NUM_THREADS SWARM_MEM_MAX DREGG_REQUIRE_LEAN DREGG_LEANC_JOBS to hbox
warning: ignoring --test-threads because --no-capture is specified
warning: the feature `avx512_target_feature` has been stable since 1.89.0 and no longer requires an attribute to enable
  --> vendor/curve25519-dalek-dregg/src/lib.rs:23:13
   |
23 |     feature(avx512_target_feature)
   |             ^^^^^^^^^^^^^^^^^^^^^
   |
   = note: `#[warn(stable_features)]` on by default

warning: the feature `stdarch_x86_avx512` has been stable since 1.89.0 and no longer requires an attribute to enable
  --> vendor/curve25519-dalek-dregg/src/lib.rs:19:13
   |
19 |     feature(stdarch_x86_avx512)
   |             ^^^^^^^^^^^^^^^^^^

warning: unnecessary `unsafe` block
   --> vendor/curve25519-dalek-dregg/src/backend/vector/packed_simd.rs:51:17
    |
 51 |                   unsafe {
    |                   ^^^^^^ unnecessary `unsafe` block
...
213 | / impl_shared!(
214 | |     u64x4,
215 | |     u64,
216 | |     _mm256_add_epi64,
...   |
220 | |     _mm256_extract_epi64
221 | | );
    | |_- in this macro invocation
    |
    = note: `#[warn(unused_unsafe)]` (part of `#[warn(unused)]`) on by default
    = note: this warning originates in the macro `impl_shared` (in Nightly builds, run with -Z macro-backtrace for more info)

warning: unnecessary `unsafe` block
   --> vendor/curve25519-dalek-dregg/src/backend/vector/packed_simd.rs:86:17
    |
 86 |                   unsafe { core::arch::x86_64::$add_intrinsic(self.0, rhs.0).into() }
    |                   ^^^^^^ unnecessary `unsafe` block
...
213 | / impl_shared!(
214 | |     u64x4,
215 | |     u64,
216 | |     _mm256_add_epi64,
...   |
220 | |     _mm256_extract_epi64
221 | | );
    | |_- in this macro invocation
    |
    = note: this warning originates in the macro `impl_shared` (in Nightly builds, run with -Z macro-backtrace for more info)

warning: unnecessary `unsafe` block
   --> vendor/curve25519-dalek-dregg/src/backend/vector/packed_simd.rs:105:17
    |
105 |                   unsafe { core::arch::x86_64::$sub_intrinsic(self.0, rhs.0).into() }
    |                   ^^^^^^ unnecessary `unsafe` block
...
213 | / impl_shared!(
214 | |     u64x4,
215 | |     u64,
216 | |     _mm256_add_epi64,
...   |
220 | |     _mm256_extract_epi64
221 | | );
    | |_- in this macro invocation
    |
    = note: this warning originates in the macro `impl_shared` (in Nightly builds, run with -Z macro-backtrace for more info)

warning: unnecessary `unsafe` block
   --> vendor/curve25519-dalek-dregg/src/backend/vector/packed_simd.rs:115:17
    |
115 |                   unsafe { core::arch::x86_64::_mm256_and_si256(self.0, rhs.0).into() }
    |                   ^^^^^^ unnecessary `unsafe` block
...
213 | / impl_shared!(
214 | |     u64x4,
215 | |     u64,
216 | |     _mm256_add_epi64,
...   |
220 | |     _mm256_extract_epi64
221 | | );
    | |_- in this macro invocation
    |
    = note: this warning originates in the macro `impl_shared` (in Nightly builds, run with -Z macro-backtrace for more info)

warning: unnecessary `unsafe` block
   --> vendor/curve25519-dalek-dregg/src/backend/vector/packed_simd.rs:125:17
    |
125 |                   unsafe { core::arch::x86_64::_mm256_xor_si256(self.0, rhs.0).into() }
    |                   ^^^^^^ unnecessary `unsafe` block
...
213 | / impl_shared!(
214 | |     u64x4,
215 | |     u64,
216 | |     _mm256_add_epi64,
...   |
220 | |     _mm256_extract_epi64
221 | | );
    | |_- in this macro invocation
    |
    = note: this warning originates in the macro `impl_shared` (in Nightly builds, run with -Z macro-backtrace for more info)

warning: unnecessary `unsafe` block
   --> vendor/curve25519-dalek-dregg/src/backend/vector/packed_simd.rs:152:17
    |
152 |                   unsafe { core::arch::x86_64::$shl_intrinsic(self.0, N).into() }
    |                   ^^^^^^ unnecessary `unsafe` block
...
213 | / impl_shared!(
214 | |     u64x4,
215 | |     u64,
216 | |     _mm256_add_epi64,
...   |
220 | |     _mm256_extract_epi64
221 | | );
    | |_- in this macro invocation
    |
    = note: this warning originates in the macro `impl_shared` (in Nightly builds, run with -Z macro-backtrace for more info)

warning: unnecessary `unsafe` block
   --> vendor/curve25519-dalek-dregg/src/backend/vector/packed_simd.rs:157:17
    |
157 |                   unsafe { core::arch::x86_64::$shr_intrinsic(self.0, N).into() }
    |                   ^^^^^^ unnecessary `unsafe` block
...
213 | / impl_shared!(
214 | |     u64x4,
215 | |     u64,
216 | |     _mm256_add_epi64,
...   |
220 | |     _mm256_extract_epi64
221 | | );
    | |_- in this macro invocation
    |
    = note: this warning originates in the macro `impl_shared` (in Nightly builds, run with -Z macro-backtrace for more info)

warning: unnecessary `unsafe` block
   --> vendor/curve25519-dalek-dregg/src/backend/vector/packed_simd.rs:162:17
    |
162 |                   unsafe { core::arch::x86_64::$extract_intrinsic(self.0, N) as $lane_ty }
    |                   ^^^^^^ unnecessary `unsafe` block
...
213 | / impl_shared!(
214 | |     u64x4,
215 | |     u64,
216 | |     _mm256_add_epi64,
...   |
220 | |     _mm256_extract_epi64
221 | | );
    | |_- in this macro invocation
    |
    = note: this warning originates in the macro `impl_shared` (in Nightly builds, run with -Z macro-backtrace for more info)

warning: unnecessary `unsafe` block
   --> vendor/curve25519-dalek-dregg/src/backend/vector/packed_simd.rs:51:17
    |
 51 |                   unsafe {
    |                   ^^^^^^ unnecessary `unsafe` block
...
222 | / impl_shared!(
223 | |     u32x8,
224 | |     u32,
225 | |     _mm256_add_epi32,
...   |
229 | |     _mm256_extract_epi32
230 | | );
    | |_- in this macro invocation
    |
    = note: this warning originates in the macro `impl_shared` (in Nightly builds, run with -Z macro-backtrace for more info)

warning: unnecessary `unsafe` block
   --> vendor/curve25519-dalek-dregg/src/backend/vector/packed_simd.rs:86:17
    |
 86 |                   unsafe { core::arch::x86_64::$add_intrinsic(self.0, rhs.0).into() }
    |                   ^^^^^^ unnecessary `unsafe` block
...
222 | / impl_shared!(
223 | |     u32x8,
224 | |     u32,
225 | |     _mm256_add_epi32,
...   |
229 | |     _mm256_extract_epi32
230 | | );
    | |_- in this macro invocation
    |
    = note: this warning originates in the macro `impl_shared` (in Nightly builds, run with -Z macro-backtrace for more info)

warning: unnecessary `unsafe` block
   --> vendor/curve25519-dalek-dregg/src/backend/vector/packed_simd.rs:105:17
    |
105 |                   unsafe { core::arch::x86_64::$sub_intrinsic(self.0, rhs.0).into() }
    |                   ^^^^^^ unnecessary `unsafe` block
...
222 | / impl_shared!(
223 | |     u32x8,
224 | |     u32,
225 | |     _mm256_add_epi32,
...   |
229 | |     _mm256_extract_epi32
230 | | );
    | |_- in this macro invocation
    |
    = note: this warning originates in the macro `impl_shared` (in Nightly builds, run with -Z macro-backtrace for more info)

warning: unnecessary `unsafe` block
   --> vendor/curve25519-dalek-dregg/src/backend/vector/packed_simd.rs:115:17
    |
115 |                   unsafe { core::arch::x86_64::_mm256_and_si256(self.0, rhs.0).into() }
    |                   ^^^^^^ unnecessary `unsafe` block
...
222 | / impl_shared!(
223 | |     u32x8,
224 | |     u32,
225 | |     _mm256_add_epi32,
...   |
229 | |     _mm256_extract_epi32
230 | | );
    | |_- in this macro invocation
    |
    = note: this warning originates in the macro `impl_shared` (in Nightly builds, run with -Z macro-backtrace for more info)

warning: unnecessary `unsafe` block
   --> vendor/curve25519-dalek-dregg/src/backend/vector/packed_simd.rs:125:17
    |
125 |                   unsafe { core::arch::x86_64::_mm256_xor_si256(self.0, rhs.0).into() }
    |                   ^^^^^^ unnecessary `unsafe` block
...
222 | / impl_shared!(
223 | |     u32x8,
224 | |     u32,
225 | |     _mm256_add_epi32,
...   |
229 | |     _mm256_extract_epi32
230 | | );
    | |_- in this macro invocation
    |
    = note: this warning originates in the macro `impl_shared` (in Nightly builds, run with -Z macro-backtrace for more info)

warning: unnecessary `unsafe` block
   --> vendor/curve25519-dalek-dregg/src/backend/vector/packed_simd.rs:152:17
    |
152 |                   unsafe { core::arch::x86_64::$shl_intrinsic(self.0, N).into() }
    |                   ^^^^^^ unnecessary `unsafe` block
...
222 | / impl_shared!(
223 | |     u32x8,
224 | |     u32,
225 | |     _mm256_add_epi32,
...   |
229 | |     _mm256_extract_epi32
230 | | );
    | |_- in this macro invocation
    |
    = note: this warning originates in the macro `impl_shared` (in Nightly builds, run with -Z macro-backtrace for more info)

warning: unnecessary `unsafe` block
   --> vendor/curve25519-dalek-dregg/src/backend/vector/packed_simd.rs:157:17
    |
157 |                   unsafe { core::arch::x86_64::$shr_intrinsic(self.0, N).into() }
    |                   ^^^^^^ unnecessary `unsafe` block
...
222 | / impl_shared!(
223 | |     u32x8,
224 | |     u32,
225 | |     _mm256_add_epi32,
...   |
229 | |     _mm256_extract_epi32
230 | | );
    | |_- in this macro invocation
    |
    = note: this warning originates in the macro `impl_shared` (in Nightly builds, run with -Z macro-backtrace for more info)

warning: unnecessary `unsafe` block
   --> vendor/curve25519-dalek-dregg/src/backend/vector/packed_simd.rs:162:17
    |
162 |                   unsafe { core::arch::x86_64::$extract_intrinsic(self.0, N) as $lane_ty }
    |                   ^^^^^^ unnecessary `unsafe` block
...
222 | / impl_shared!(
223 | |     u32x8,
224 | |     u32,
225 | |     _mm256_add_epi32,
...   |
229 | |     _mm256_extract_epi32
230 | | );
    | |_- in this macro invocation
    |
    = note: this warning originates in the macro `impl_shared` (in Nightly builds, run with -Z macro-backtrace for more info)

warning: unnecessary `unsafe` block
   --> vendor/curve25519-dalek-dregg/src/backend/vector/packed_simd.rs:258:9
    |
258 |         unsafe {
    |         ^^^^^^ unnecessary `unsafe` block

warning: unnecessary `unsafe` block
   --> vendor/curve25519-dalek-dregg/src/backend/vector/packed_simd.rs:270:9
    |
270 |         unsafe { u64x4(core::arch::x86_64::_mm256_set1_epi64x(x as i64)) }
    |         ^^^^^^ unnecessary `unsafe` block

warning: unnecessary `unsafe` block
   --> vendor/curve25519-dalek-dregg/src/backend/vector/packed_simd.rs:309:9
    |
309 |         unsafe {
    |         ^^^^^^ unnecessary `unsafe` block

warning: unnecessary `unsafe` block
   --> vendor/curve25519-dalek-dregg/src/backend/vector/packed_simd.rs:322:9
    |
322 |         unsafe { u32x8(core::arch::x86_64::_mm256_set1_epi32(x as i32)) }
    |         ^^^^^^ unnecessary `unsafe` block

warning: unnecessary `unsafe` block
   --> vendor/curve25519-dalek-dregg/src/backend/vector/packed_simd.rs:335:9
    |
335 |         unsafe { core::arch::x86_64::_mm256_mul_epu32(self.0, rhs.0).into() }
    |         ^^^^^^ unnecessary `unsafe` block

warning: unnecessary `unsafe` block
  --> vendor/curve25519-dalek-dregg/src/backend/vector/avx2/field.rs:68:5
   |
68 |     unsafe {
   |     ^^^^^^ unnecessary `unsafe` block

warning: unnecessary `unsafe` block
  --> vendor/curve25519-dalek-dregg/src/backend/vector/avx2/field.rs:89:5
   |
89 |     unsafe {
   |     ^^^^^^ unnecessary `unsafe` block

warning: unnecessary `unsafe` block
   --> vendor/curve25519-dalek-dregg/src/backend/vector/avx2/field.rs:432:13
    |
432 |             unsafe {
    |             ^^^^^^ unnecessary `unsafe` block

warning: unnecessary `unsafe` block
   --> vendor/curve25519-dalek-dregg/src/backend/vector/avx2/field.rs:456:13
    |
456 |             unsafe {
    |             ^^^^^^ unnecessary `unsafe` block

warning: unnecessary `unsafe` block
   --> vendor/curve25519-dalek-dregg/src/backend/vector/avx2/field.rs:479:28
    |
479 |         let c9_19: u32x8 = unsafe {
    |                            ^^^^^^ unnecessary `unsafe` block

warning: unnecessary `unsafe` block
   --> vendor/curve25519-dalek-dregg/src/backend/vector/avx2/field.rs:663:13
    |
663 |             unsafe {
    |             ^^^^^^ unnecessary `unsafe` block

warning: unnecessary `unsafe` block
  --> vendor/curve25519-dalek-dregg/src/backend/vector/ifma/field.rs:63:5
   |
63 |     unsafe {
   |     ^^^^^^ unnecessary `unsafe` block

warning: unnecessary `unsafe` block
  --> vendor/curve25519-dalek-dregg/src/backend/vector/ifma/field.rs:95:5
   |
95 |     unsafe {
   |     ^^^^^^ unnecessary `unsafe` block

warning: `curve25519-dalek` (lib) generated 31 warnings
warning: unused import: `crate::dsl::descriptors::merkle_poseidon2_circuit`
  --> circuit/src/body_membership.rs:24:5
   |
24 | use crate::dsl::descriptors::merkle_poseidon2_circuit;
   |     ^^^^^^^^^^^^^^^^^^^^^^^^^^^^^^^^^^^^^^^^^^^^^^^^^
   |
   = note: `#[warn(unused_imports)]` (part of `#[warn(unused)]`) on by default

warning: unused import: `AccumulatorNonMembershipWitness`
  --> circuit/src/dsl/accumulator.rs:25:24
   |
25 |     ACCUMULATOR_WIDTH, AccumulatorNonMembershipWitness, AccumulatorNonRevocationWitness, ExtElem,
   |                        ^^^^^^^^^^^^^^^^^^^^^^^^^^^^^^^

warning: unused imports: `BoundaryDef`, `BoundaryRow`, `CircuitDescriptor`, `ColumnDef`, `ColumnKind`, `ConstraintExpr`, and `DslCircuit`
  --> circuit/src/dsl/fold.rs:30:5
   |
30 |     BoundaryDef, BoundaryRow, CircuitDescriptor, ColumnDef, ColumnKind, ConstraintExpr, DslCircuit,
   |     ^^^^^^^^^^^  ^^^^^^^^^^^  ^^^^^^^^^^^^^^^^^  ^^^^^^^^^  ^^^^^^^^^^  ^^^^^^^^^^^^^^  ^^^^^^^^^^

warning: unused import: `hash_4_to_1`
 --> circuit/src/effect_vm/trace.rs:8:37
  |
8 | use crate::poseidon2::{hash_2_to_1, hash_4_to_1};
  |                                     ^^^^^^^^^^^

warning: private item shadows public glob re-export
  --> circuit/src/effect_vm/trace_rotated.rs:47:13
   |
47 | use super::{EFFECT_VM_WIDTH, EffectVmContext, generate_effect_vm_trace_ext};
   |             ^^^^^^^^^^^^^^^
   |
note: the name `EFFECT_VM_WIDTH` in the value namespace is supposed to be publicly re-exported here
  --> circuit/src/effect_vm/trace_rotated.rs:52:9
   |
52 | pub use crate::effect_vm::layout_generated::*;
   |         ^^^^^^^^^^^^^^^^^^^^^^^^^^^^^^^^^^^^^
note: but the private item here shadows it
  --> circuit/src/effect_vm/trace_rotated.rs:47:13
   |
47 | use super::{EFFECT_VM_WIDTH, EffectVmContext, generate_effect_vm_trace_ext};
   |             ^^^^^^^^^^^^^^^
   = note: `#[warn(hidden_glob_reexports)]` on by default

warning: unused import: `EFFECT_VM_WIDTH`
  --> circuit/src/effect_vm/transfer_fee_avail_weld.rs:37:5
   |
37 |     EFFECT_VM_WIDTH, PARAM_BASE, STATE_AFTER_BASE, STATE_BEFORE_BASE, param, state,
   |     ^^^^^^^^^^^^^^^

warning: unused imports: `prove` and `verify`
  --> circuit/src/plonky3_prover.rs:40:40
   |
40 | use p3_uni_stark::{Proof, StarkConfig, prove, verify};
   |                                        ^^^^^  ^^^^^^

warning: unused doc comment
   --> circuit/src/refusal.rs:485:1
    |
485 | / /// Set while this thread is inside [`catch_quietly`]. The hook installed below reads it, so
486 | | /// silencing is scoped to the thread that asked for it.
    | |_-------------------------------------------------------^
    |   |
    |   rustdoc does not generate documentation for macro invocations
    |
    = help: to document an item produced by a macro, the macro must produce the documentation as part of its expansion
    = note: `#[warn(unused_doc_comments)]` (part of `#[warn(unused)]`) on by default

warning: unused import: `crate::dsl::predicates::*`
   --> circuit/src/lib.rs:700:13
    |
700 |     pub use crate::dsl::predicates::*;
    |             ^^^^^^^^^^^^^^^^^^^^^^^^^

warning: unused import: `crate::dsl::predicates::*`
   --> circuit/src/lib.rs:701:13
    |
701 |     pub use crate::dsl::predicates::*;
    |             ^^^^^^^^^^^^^^^^^^^^^^^^^

warning: unused import: `WindowAccess`
  --> circuit/src/plonky3_prover.rs:29:40
   |
29 | use p3_air::{Air, AirBuilder, BaseAir, WindowAccess};
   |                                        ^^^^^^^^^^^^

warning: unused import: `BaseAir`
  --> circuit/src/plonky3_prover.rs:29:31
   |
29 | use p3_air::{Air, AirBuilder, BaseAir, WindowAccess};
   |                               ^^^^^^^

warning: unused import: `Air`
  --> circuit/src/plonky3_prover.rs:29:14
   |
29 | use p3_air::{Air, AirBuilder, BaseAir, WindowAccess};
   |              ^^^

warning: variable does not need to be mutable
    --> circuit/src/descriptor_ir2.rs:5712:9
     |
5712 |     let mut fact_hist: BTreeMap<(u32, u32, u32), u64> = BTreeMap::new();
     |         ----^^^^^^^^^
     |         |
     |         help: remove this `mut`
     |
     = note: `#[warn(unused_mut)]` (part of `#[warn(unused)]`) on by default

warning: variable does not need to be mutable
   --> circuit/src/table_air.rs:404:13
    |
404 |         let mut share_out_of_range = |e: &TableExpr, what: &str| -> Result<(), String> {
    |             ----^^^^^^^^^^^^^^^^^^
    |             |
    |             help: remove this `mut`

warning: variable does not need to be mutable
   --> circuit/src/table_air.rs:428:13
    |
428 |         let mut prep_out_of_range = |e: &TableExpr, what: &str| -> Result<(), String> {
    |             ----^^^^^^^^^^^^^^^^^
    |             |
    |             help: remove this `mut`

warning: type `CompiledMain` is more private than the item `Ir2Air::Main::compiled`
    --> circuit/src/descriptor_ir2.rs:3672:9
     |
3672 |         compiled: Arc<crate::flat_eval::CompiledMain>,
     |         ^^^^^^^^^^^^^^^^^^^^^^^^^^^^^^^^^^^^^^^^^^^^^ field `Ir2Air::Main::compiled` is reachable at visibility `pub`
     |
note: but type `CompiledMain` is only usable at visibility `pub(crate)`
    --> circuit/src/flat_eval.rs:368:1
     |
 368 | pub(crate) struct CompiledMain {
     | ^^^^^^^^^^^^^^^^^^^^^^^^^^^^^^
     = note: `#[warn(private_interfaces)]` on by default

warning: type `CompiledTable` is more private than the item `Ir2Air::LeanTable::compiled`
    --> circuit/src/descriptor_ir2.rs:3760:9
     |
3760 |         compiled: Arc<crate::flat_eval::CompiledTable>,
     |         ^^^^^^^^^^^^^^^^^^^^^^^^^^^^^^^^^^^^^^^^^^^^^^ field `Ir2Air::LeanTable::compiled` is reachable at visibility `pub`
     |
note: but type `CompiledTable` is only usable at visibility `pub(crate)`
    --> circuit/src/flat_eval.rs:418:1
     |
 418 | pub(crate) struct CompiledTable {
     | ^^^^^^^^^^^^^^^^^^^^^^^^^^^^^^^

warning: method `resolve_row` is never used
   --> circuit/src/dsl/circuit.rs:636:8
    |
635 | impl BoundaryDef {
    | ---------------- method in this implementation
636 |     fn resolve_row(&self, trace_len: usize) -> usize {
    |        ^^^^^^^^^^^
    |
    = note: `#[warn(dead_code)]` (part of `#[warn(unused)]`) on by default

warning: field `lookup_index` is never read
   --> circuit/src/dsl/circuit.rs:673:5
    |
668 | pub struct DslCircuit {
    |            ---------- field in this struct
...
673 |     lookup_index: LookupIndex,
    |     ^^^^^^^^^^^^

warning: field `set_elements` is never read
   --> circuit/src/non_membership.rs:140:5
    |
138 | pub struct NonMembershipProver {
    |            ------------------- field in this struct
139 |     /// The set's elements (needed for witness generation).
140 |     set_elements: Vec<BabyBear>,
    |     ^^^^^^^^^^^^
    |
    = note: `NonMembershipProver` has derived impls for the traits `Debug` and `Clone`, but these are intentionally ignored during dead code analysis

warning: constant `ROUND_STATES_OFFSET` is never used
   --> circuit/src/plonky3_prover.rs:289:7
    |
289 | const ROUND_STATES_OFFSET: usize = 5;
    |       ^^^^^^^^^^^^^^^^^^^

warning: constant `PARENT_COL` is never used
   --> circuit/src/plonky3_prover.rs:292:7
    |
292 | const PARENT_COL: usize = P3_TRACE_WIDTH - 1; // 245
    |       ^^^^^^^^^^

warning: function `vm_site_digest_concrete` is never used
    --> circuit/src/lean_descriptor_air.rs:1633:15
     |
1633 | pub(crate) fn vm_site_digest_concrete(
     |               ^^^^^^^^^^^^^^^^^^^^^^^

warning: constant `CHIP_MULT_STATE16` is never used
    --> circuit/src/descriptor_ir2.rs:3505:7
     |
3505 | const CHIP_MULT_STATE16: usize = CHIP_MULT_NARROW;
     |       ^^^^^^^^^^^^^^^^^

warning: function `hash2_state_c` is never used
    --> circuit/src/descriptor_ir2.rs:5248:4
     |
5248 | fn hash2_state_c(a: BabyBear, b: BabyBear) -> [BabyBear; POSEIDON2_WIDTH] {
     |    ^^^^^^^^^^^^^

warning: `dregg-circuit` (lib) generated 26 warnings (run `cargo fix --lib -p dregg-circuit` to apply 11 suggestions)
   Compiling dregg-lean-ffi v0.1.0 (/tank/dregg-build/hcargo/dregg-lean-ffi)
warning: method `true_outcome` is never used
   --> captp/src/fraud_proof.rs:112:8
    |
 90 | impl OwnerAnchoredFact {
    | ---------------------- method in this implementation
...
112 |     fn true_outcome(&self, receipt: &CustodyReceipt) -> CustodyOutcome {
    |        ^^^^^^^^^^^^
    |
    = note: `#[warn(dead_code)]` (part of `#[warn(unused)]`) on by default

warning: `dregg-captp` (lib) generated 1 warning
warning: unused import: `Verifier`
 --> cell-crypto/src/peer_exchange.rs:9:29
  |
9 | use ed25519_dalek::{Signer, Verifier};
  |                             ^^^^^^^^
  |
  = note: `#[warn(unused_imports)]` (part of `#[warn(unused)]`) on by default

warning: `dregg-cell-crypto` (lib) generated 1 warning
warning: associated function `enforce_custom_proof_entry_binding` is never used
   --> turn/src/executor/proof_verify.rs:717:19
    |
177 | impl TurnExecutor {
    | ----------------- associated function in this implementation
...
717 |     pub(super) fn enforce_custom_proof_entry_binding(
    |                   ^^^^^^^^^^^^^^^^^^^^^^^^^^^^^^^^^^
    |
    = note: `#[warn(dead_code)]` (part of `#[warn(unused)]`) on by default

warning: `dregg-turn` (lib) generated 1 warning
warning: field `next_id` is never read
   --> sel4/dregg-firmament/src/host_pd.rs:218:5
    |
214 | pub struct HostPdBacking {
    |            ------------- field in this struct
...
218 |     next_id: u64,
    |     ^^^^^^^
    |
    = note: `#[warn(dead_code)]` (part of `#[warn(unused)]`) on by default

warning: `dregg-firmament` (lib) generated 1 warning
warning: unused imports: `AuthRequired` and `Credential`
  --> starbridge-web-surface/src/affordance.rs:62:18
   |
62 | use dregg_cell::{AuthRequired, Credential, Requirement};
   |                  ^^^^^^^^^^^^  ^^^^^^^^^^
   |
   = note: `#[warn(unused_imports)]` (part of `#[warn(unused)]`) on by default

warning: variable does not need to be mutable
   --> starbridge-web-surface/src/indexer.rs:216:9
    |
216 |     let mut push = |c: &String, seen: &mut BTreeSet<String>, out: &mut Vec<String>| {
    |         ----^^^^
    |         |
    |         help: remove this `mut`
    |
    = note: `#[warn(unused_mut)]` (part of `#[warn(unused)]`) on by default

warning: `starbridge-web-surface` (lib) generated 2 warnings (run `cargo fix --lib -p starbridge-web-surface` to apply 2 suggestions)
warning: unused import: `Pin`
  --> dregg-doc/src/substrate.rs:40:93
   |
40 | use crate::composition::{AtomContent as EmbedAtomContent, ChildRef, EmbedRole, LayoutGraph, Pin};
   |                                                                                             ^^^
   |
   = note: `#[warn(unused_imports)]` (part of `#[warn(unused)]`) on by default

warning: `dregg-doc` (lib) generated 1 warning (run `cargo fix --lib -p dregg-doc` to apply 1 suggestion)
warning: dregg-lean-ffi@0.1.0: dregg-lean-ffi: splicing the Dregg2.FFI boundary closure — 347 of 706 emitted Dregg2 C facets (359 off-closure proof modules not shipped in the runtime archive).
warning: struct `AuthenticatedJournalRecord` is never constructed
   --> dregg-lean-ffi/src/poa_bazaar_restart_portal.rs:186:19
    |
186 | pub(crate) struct AuthenticatedJournalRecord {
    |                   ^^^^^^^^^^^^^^^^^^^^^^^^^^
    |
    = note: `#[warn(dead_code)]` (part of `#[warn(unused)]`) on by default

warning: associated function `open_bound` is never used
   --> dregg-lean-ffi/src/poa_bazaar_restart_portal.rs:377:19
    |
346 | impl DurableBazaarHeadStore {
    | --------------------------- associated function in this implementation
...
377 |     pub(crate) fn open_bound(
    |                   ^^^^^^^^^^

warning: method `load_authenticated_journal_records` is never used
    --> dregg-lean-ffi/src/poa_bazaar_restart_portal.rs:1096:19
     |
1095 | impl DurableBazaarHeadStore {
     | --------------------------- method in this implementation
1096 |     pub(crate) fn load_authenticated_journal_records(
     |                   ^^^^^^^^^^^^^^^^^^^^^^^^^^^^^^^^^^

warning: function `lean_storage_content_root` is never used
    --> dregg-lean-ffi/src/lib.rs:2509:12
     |
2509 |     pub fn lean_storage_content_root(wire: &str) -> Result<String, String> {
     |            ^^^^^^^^^^^^^^^^^^^^^^^^^

warning: function `dregg_storage_content_root_str` is never used
    --> dregg-lean-ffi/src/lib.rs:1855:12
     |
1855 |         fn dregg_storage_content_root_str(
     |            ^^^^^^^^^^^^^^^^^^^^^^^^^^^^^^

warning: associated function `new` is never used
  --> dregg-lean-ffi/src/poa_bazaar_restart_portal.rs:72:19
   |
65 | impl CanonicalStateBytes {
   | ------------------------ associated function in this implementation
...
72 |     pub(crate) fn new(bytes: Vec<u8>) -> Result<Self, BazaarRestartError> {
   |                   ^^^
   |
   = note: `#[warn(dead_code)]` (part of `#[warn(unused)]`) on by default

warning: associated function `new` is never used
   --> dregg-lean-ffi/src/poa_bazaar_restart_portal.rs:103:19
    |
 89 | impl CanonicalEventBytes {
    | ------------------------ associated function in this implementation
...
103 |     pub(crate) fn new(bytes: Vec<u8>) -> Result<Self, BazaarRestartError> {
    |                   ^^^

warning: associated function `new` is never used
   --> dregg-lean-ffi/src/poa_bazaar_restart_portal.rs:149:19
    |
137 | impl BazaarCasRequest {
    | --------------------- associated function in this implementation
...
149 |     pub(crate) fn new(
    |                   ^^^

warning: struct `AuthenticatedJournalRecord` is never constructed
   --> dregg-lean-ffi/src/poa_bazaar_restart_portal.rs:186:19
    |
186 | pub(crate) struct AuthenticatedJournalRecord {
    |                   ^^^^^^^^^^^^^^^^^^^^^^^^^^

warning: associated function `test` is never used
   --> dregg-lean-ffi/src/poa_bazaar_restart_portal.rs:245:19
    |
222 | impl BazaarStoreIdentity {
    | ------------------------ associated function in this implementation
...
245 |     pub(crate) fn test(value: u8) -> Self {
    |                   ^^^^

warning: associated items `open_bound`, `open_with_expected_owner`, `compare_and_swap_with_fault`, and `detect_head_inode_substitution` are never used
   --> dregg-lean-ffi/src/poa_bazaar_restart_portal.rs:377:19
    |
346 | impl DurableBazaarHeadStore {
    | --------------------------- associated items in this implementation
...
377 |     pub(crate) fn open_bound(
    |                   ^^^^^^^^^^
...
395 |     pub(crate) fn open_with_expected_owner(
    |                   ^^^^^^^^^^^^^^^^^^^^^^^^
...
681 |     pub(crate) fn compare_and_swap_with_fault(
    |                   ^^^^^^^^^^^^^^^^^^^^^^^^^^^
...
693 |     pub(crate) fn detect_head_inode_substitution(&self) -> Result<(), BazaarRestartError> {
    |                   ^^^^^^^^^^^^^^^^^^^^^^^^^^^^^^

warning: function `wire_grammar_matches_lean_decodeEthWire` should have a snake case name
    --> dregg-lean-ffi/src/bridge_lc_ffi.rs:2550:8
     |
2550 |     fn wire_grammar_matches_lean_decodeEthWire() {
     |        ^^^^^^^^^^^^^^^^^^^^^^^^^^^^^^^^^^^^^^^ help: convert the identifier to snake case: `wire_grammar_matches_lean_decode_eth_wire`
     |
     = note: `#[warn(non_snake_case)]` (part of `#[warn(nonstandard_style)]`) on by default

warning: function `committee_rotation_wire_grammar_matches_lean_decodeCommitteeWire` should have a snake case name
    --> dregg-lean-ffi/src/bridge_lc_ffi.rs:2578:8
     |
2578 |     fn committee_rotation_wire_grammar_matches_lean_decodeCommitteeWire() {
     |        ^^^^^^^^^^^^^^^^^^^^^^^^^^^^^^^^^^^^^^^^^^^^^^^^^^^^^^^^^^^^^^^^ help: convert the identifier to snake case: `committee_rotation_wire_grammar_matches_lean_decode_committee_wire`

warning: function `tm_wire_grammar_matches_lean_decodeTmWire` should have a snake case name
    --> dregg-lean-ffi/src/bridge_lc_ffi.rs:2783:8
     |
2783 |     fn tm_wire_grammar_matches_lean_decodeTmWire() {
     |        ^^^^^^^^^^^^^^^^^^^^^^^^^^^^^^^^^^^^^^^^^ help: convert the identifier to snake case: `tm_wire_grammar_matches_lean_decode_tm_wire`

warning: function `mpt_wire_grammar_matches_lean_decodeMptWire` should have a snake case name
    --> dregg-lean-ffi/src/bridge_lc_ffi.rs:2798:8
     |
2798 |     fn mpt_wire_grammar_matches_lean_decodeMptWire() {
     |        ^^^^^^^^^^^^^^^^^^^^^^^^^^^^^^^^^^^^^^^^^^^ help: convert the identifier to snake case: `mpt_wire_grammar_matches_lean_decode_mpt_wire`

warning: function `wire_grammar_matches_lean_parseCheckpointWire` should have a snake case name
    --> dregg-lean-ffi/src/bridge_lc_ffi.rs:4343:8
     |
4343 |     fn wire_grammar_matches_lean_parseCheckpointWire() {
     |        ^^^^^^^^^^^^^^^^^^^^^^^^^^^^^^^^^^^^^^^^^^^^^ help: convert the identifier to snake case: `wire_grammar_matches_lean_parse_checkpoint_wire`

   Compiling dregg-circuit-prove v0.1.0 (/tank/dregg-build/hcargo/circuit-prove)
   Compiling dregg-deploy v0.1.0 (/tank/dregg-build/hcargo/dregg-deploy)
warning: unused import: `ProgramRegistry`
  --> circuit-prove/src/custom_proof_bind.rs:78:48
   |
78 | use dregg_circuit::dsl::circuit::{CellProgram, ProgramRegistry};
   |                                                ^^^^^^^^^^^^^^^
   |
   = note: `#[warn(unused_imports)]` (part of `#[warn(unused)]`) on by default

warning: unused import: `CLAIM_VPRIME`
   --> circuit-prove/src/mina_kimchi_verifier_gadget.rs:218:38
    |
218 | use crate::mina_wrap_finalize_fold::{CLAIM_VPRIME, FINALIZE_CLAIM_LEN, SK, endo_lift_descriptor};
    |                                      ^^^^^^^^^^^^

warning: unused import: `nums`
  --> circuit-prove/src/mina_pasta_fixture_suite.rs:61:70
   |
61 |     EF, F, FixtureHashSuite, FixtureTranscript, arr, ef_json, f_u32, nums,
   |                                                                      ^^^^

warning: unused import: `CanSample`
  --> circuit-prove/src/mina_pasta_fixture_suite.rs:64:36
   |
64 |     CanFinalizeDigest, CanObserve, CanSample, CanSampleBits, FieldChallenger, GrindingChallenger,
   |                                    ^^^^^^^^^

warning: unused import: `dregg_circuit::exact_nullifier_aafi::Digest8`
  --> circuit-prove/src/shielded/wide_value_binding.rs:71:5
   |
71 | use dregg_circuit::exact_nullifier_aafi::Digest8;
   |     ^^^^^^^^^^^^^^^^^^^^^^^^^^^^^^^^^^^^^^^^^^^^

   Compiling dregg-persist v0.1.0 (/tank/dregg-build/hcargo/persist)
warning: `dregg-lean-ffi` (lib) generated 5 warnings
error: linking with `cc` failed: exit status: 1
  |
  = note:  "cc" "-m64" "/tank/dregg-build/hcargo/target/debug/deps/rustcfBlosC/symbols.o" "<17 object files omitted>" "-Wl,--as-needed" "-Wl,-Bstatic" "-Wl,--whole-archive" "-ldregg_ffi_shim" "-Wl,--no-whole-archive" "-ldregg_lean" "-lleancpp" "-lInit" "-lStd" "-lLean" "-lleanrt" "-lLake" "-lgmp" "-luv" "-lc++" "-lc++abi" "/tank/dregg-build/hcargo/target/debug/deps/{libdregg_circuit-9140a68943e0ed77,libgetrandom-7d3b0c8841956969,libdregg_codec-9750129248a922fc,libpostcard-d92da12c4bd3d639,libheapless-31ae55d13c79297b,libstable_deref_trait-9b947f5853e95c4c,libspin-5e6f38a0aad45983,libhash32-6b696aae8a1922c4,libbyteorder-e28c70d618ff8d56,libcobs-f5d548497f48a347,libp3_merkle_tree-8fba3567caa63b10,libp3_batch_stark-167a713691b54c89,libp3_lookup-a18122e830931292,libp3_uni_stark-e94785c41d341216,libp3_fri-27ed938038e72e89,liblibm-1b593fd93cb453b9,libthiserror-529b515a43e68b66,libp3_commit-d8e25326b39226e1,libhashbrown-bbe28763ffc1d8f0,libequivalent-443e8db8190269e3,libfoldhash-56d028718e32385f,liballocator_api2-eb495bc79aa55eb6,libp3_baby_bear-6d1eae794d2be0fd,libp3_challenger-c4f238b48954ea15,libp3_monty_31-db2788ae95f79d75,libp3_poseidon2-8639a1b01a2ad2ef,libp3_poseidon1-ee52921e714ca6f3,libp3_mds-d27870071ee6b0f1,libp3_symmetric-92fd9c036b69b663,libp3_dft-09d9fd5f1e1c7e5b,libspin-2d6050beb9080c14,liblock_api-31d3cefc0798df29,libscopeguard-eb16874743d6eca9,libp3_air-65f749f9727892ab,libp3_matrix-4dc5287b242b8685,libp3_field-cb75e5850fee9530,librand-60054b9a1538f1b7,libgetrandom-59fe0358b4b3e556,libchacha20-420a792fa7d858ac,librand_core-8092e10130eae9b0,libnum_bigint-45d39df82fe28734,librand-7bd036323002d502,librand_chacha-a73be9a7faf1219b,libppv_lite86-24887c79a932e0c0,libzerocopy-6c5f4aa3834b2c35,librand_core-3abd14952911f613,libgetrandom-05eb672af33a1317,liblibc-fb0bcac9909e92ba,libtracing-7117dbc186199cc6,libpin_project_lite-09af684f7be45ed0,libtracing_core-160e2690913d46bb,libonce_cell-ae2b328c9404099b,libp3_maybe_rayon-9b90c95cc0719eda,librayon-aded287a2a94568b,librayon_core-cd8d352e8fa0d0fc,libcrossbeam_deque-463fcd54eed64e1d,libcrossbeam_epoch-760816a4d168a812,libcrossbeam_utils-7874ff61a08368d6,libp3_util-d215b0d6ed100467,libtranspose-5bc1943953e9eec2,libstrength_reduce-3ac7b30a850bb79d,libnum_integer-01f0bd473238df7c,libnum_traits-1deb7e734e1554e0,libitertools-2f6c15bc9d17e27d,libeither-6e82e02ae96ae193,libserde-b9e9a2828eadffa3,libserde_core-451791d71589cbbc,libblake3-2d888e08fea134a4,libconstant_time_eq-19f6968f5a7edc15,libcpufeatures-bf1fc38fc6aed7cc,libcfg_if-cc1d731e1b0543a9,libarrayvec-19c52f04bd4b484f,libarrayref-81854b14853d7b84}.rlib" "<sysroot>/lib/rustlib/x86_64-unknown-linux-gnu/lib/{libtest-*,libgetopts-*,librustc_std_workspace_std-*,libstd-*,libpanic_unwind-*,libobject-*,libmemchr-*,libaddr2line-*,libgimli-*,libcfg_if-*,librustc_demangle-*,libstd_detect-*,libhashbrown-*,librustc_std_workspace_alloc-*,libminiz_oxide-*,libadler2-*,libunwind-*,liblibc-*,librustc_std_workspace_core-*,liballoc-*,libcore-*,libcompiler_builtins-*}.rlib" "-Wl,-Bdynamic" "-lgcc_s" "-lutil" "-lrt" "-lpthread" "-lm" "-ldl" "-lc" "-L" "/tank/dregg-build/hcargo/target/debug/deps/rustcfBlosC/raw-dylibs" "-B<sysroot>/lib/rustlib/x86_64-unknown-linux-gnu/bin/gcc-ld" "-fuse-ld=lld" "-Wl,--eh-frame-hdr" "-Wl,-z,noexecstack" "-L" "/tank/dregg-build/hcargo/target/debug/build/dregg-lean-ffi-fba7184593f8ac3c/out" "-L" "/tank/dregg-build/hcargo/target/debug/build/blake3-542b635533db637c/out" "-L" "/home/hbox/.elan/toolchains/leanprover--lean4---v4.30.0/lib/lean" "-L" "/home/hbox/.elan/toolchains/leanprover--lean4---v4.30.0/lib" "-L" "<sysroot>/lib/rustlib/x86_64-unknown-linux-gnu/lib" "-o" "/tank/dregg-build/hcargo/target/debug/deps/dregg_lean_ffi-cbba17c3ac3b5315" "-Wl,--gc-sections" "-pie" "-Wl,-z,relro,-z,now" "-nodefaultlibs"
  = note: some arguments are omitted. use `--verbose` to show all linker arguments
  = note: rust-lld: error: undefined symbol: std::chrono::_V2::steady_clock::now()
          >>> referenced by lean_init_st.cpp:441 (src/lean_init_st.cpp:441)
          >>>               0602fb52cb66f316-lean_init_st.o:(dregg_ffi_run_module_init) in archive /tank/dregg-build/hcargo/target/debug/build/dregg-lean-ffi-fba7184593f8ac3c/out/libdregg_ffi_shim.a
          >>> referenced by lean_init_st.cpp:452 (src/lean_init_st.cpp:452)
          >>>               0602fb52cb66f316-lean_init_st.o:(dregg_ffi_run_module_init) in archive /tank/dregg-build/hcargo/target/debug/build/dregg-lean-ffi-fba7184593f8ac3c/out/libdregg_ffi_shim.a
          collect2: error: ld returned 1 exit status
          

warning: `dregg-lean-ffi` (lib test) generated 12 warnings (1 duplicate)
warning: dregg-lean-ffi@0.1.0: dregg-lean-ffi: splicing the Dregg2.FFI boundary closure — 347 of 706 emitted Dregg2 C facets (359 off-closure proof modules not shipped in the runtime archive).
error: could not compile `dregg-lean-ffi` (lib test) due to 1 previous error; 12 warnings emitted
warning: build failed, waiting for other jobs to finish...
error: linking with `cc` failed: exit status: 1
  |
  = note:  "cc" "-m64" "/tank/dregg-build/hcargo/target/debug/deps/rustcJbD2h7/symbols.o" "<2 object files omitted>" "-Wl,--as-needed" "-Wl,-Bstatic" "/tank/dregg-build/hcargo/target/debug/deps/{libdregg_pq-4e638e84562528ee,libfips204-655e248ee065fc05,libx25519_dalek-4b0dc0a57082afec,libcurve25519_dalek-05b03e00e479d4b3,libgroup-c0f031d12804ac11,libff-70bf3bd95c6faaf4,libsha2-1bebfb57ef7fd00a,libcpufeatures-0b7b9278eb90e9e1,libml_kem-b9e022ae384b825a,libkem-4b76ffdb39d3b204,libsha3-8139e4c90a2f6477,libkeccak-edbe1f68d4025a8e,libhybrid_array-74efeb22a0574005,libhkdf-2dbc8243c54ccdce,libhmac-6debd9ea97eefb31,libdigest-62760e06f5315759,libsubtle-aed448c2704f95d5,libconst_oid-999f1df879b05a81,libblock_buffer-2cdc19dac9690a0a,libcrypto_common-cd070c6876030fa0,libgeneric_array-e84674cc4bb4ea15,libtypenum-ad091a34a379a1b2,libzeroize-8b24147257ee64ea,libdregg_lean_ffi-c29df39d08919a00}.rlib" "-Wl,--whole-archive" "-Wl,/tank/dregg-build/hcargo/target/debug/deps/rustcJbD2h7/libdregg_ffi_shim.a" "-Wl,--no-whole-archive" "/tank/dregg-build/hcargo/target/debug/deps/{libdregg_circuit-9140a68943e0ed77,libgetrandom-7d3b0c8841956969,libdregg_codec-9750129248a922fc,libpostcard-d92da12c4bd3d639,libheapless-31ae55d13c79297b,libstable_deref_trait-9b947f5853e95c4c,libspin-5e6f38a0aad45983,libhash32-6b696aae8a1922c4,libbyteorder-e28c70d618ff8d56,libcobs-f5d548497f48a347,libp3_merkle_tree-8fba3567caa63b10,libp3_batch_stark-167a713691b54c89,libp3_lookup-a18122e830931292,libp3_uni_stark-e94785c41d341216,libp3_fri-27ed938038e72e89,liblibm-1b593fd93cb453b9,libthiserror-529b515a43e68b66,libp3_commit-d8e25326b39226e1,libhashbrown-bbe28763ffc1d8f0,libequivalent-443e8db8190269e3,libfoldhash-56d028718e32385f,liballocator_api2-eb495bc79aa55eb6,libp3_baby_bear-6d1eae794d2be0fd,libp3_challenger-c4f238b48954ea15,libp3_monty_31-db2788ae95f79d75,libp3_poseidon2-8639a1b01a2ad2ef,libp3_poseidon1-ee52921e714ca6f3,libp3_mds-d27870071ee6b0f1,libp3_symmetric-92fd9c036b69b663,libp3_dft-09d9fd5f1e1c7e5b,libspin-2d6050beb9080c14,liblock_api-31d3cefc0798df29,libscopeguard-eb16874743d6eca9,libp3_air-65f749f9727892ab,libp3_matrix-4dc5287b242b8685,libp3_field-cb75e5850fee9530,librand-60054b9a1538f1b7,libgetrandom-59fe0358b4b3e556,libchacha20-420a792fa7d858ac,librand_core-8092e10130eae9b0,libnum_bigint-45d39df82fe28734,librand-7bd036323002d502,librand_chacha-a73be9a7faf1219b,libppv_lite86-24887c79a932e0c0,libzerocopy-6c5f4aa3834b2c35,librand_core-3abd14952911f613,libgetrandom-05eb672af33a1317,liblibc-fb0bcac9909e92ba,libtracing-7117dbc186199cc6,libpin_project_lite-09af684f7be45ed0,libtracing_core-160e2690913d46bb,libonce_cell-ae2b328c9404099b,libp3_maybe_rayon-9b90c95cc0719eda,librayon-aded287a2a94568b,librayon_core-cd8d352e8fa0d0fc,libcrossbeam_deque-463fcd54eed64e1d,libcrossbeam_epoch-760816a4d168a812,libcrossbeam_utils-7874ff61a08368d6,libp3_util-d215b0d6ed100467,libtranspose-5bc1943953e9eec2,libstrength_reduce-3ac7b30a850bb79d,libnum_integer-01f0bd473238df7c,libnum_traits-1deb7e734e1554e0,libitertools-2f6c15bc9d17e27d,libeither-6e82e02ae96ae193,libserde-b9e9a2828eadffa3,libserde_core-451791d71589cbbc,libblake3-2d888e08fea134a4,libconstant_time_eq-19f6968f5a7edc15,libcpufeatures-bf1fc38fc6aed7cc,libcfg_if-cc1d731e1b0543a9,libarrayvec-19c52f04bd4b484f,libarrayref-81854b14853d7b84}.rlib" "<sysroot>/lib/rustlib/x86_64-unknown-linux-gnu/lib/{libstd-*,libpanic_unwind-*,libobject-*,libmemchr-*,libaddr2line-*,libgimli-*,libcfg_if-*,librustc_demangle-*,libstd_detect-*,libhashbrown-*,librustc_std_workspace_alloc-*,libminiz_oxide-*,libadler2-*,libunwind-*,liblibc-*,librustc_std_workspace_core-*,liballoc-*,libcore-*,libcompiler_builtins-*}.rlib" "-Wl,-Bdynamic" "-lgcc_s" "-lutil" "-lrt" "-lpthread" "-lm" "-ldl" "-lc" "-L" "/tank/dregg-build/hcargo/target/debug/deps/rustcJbD2h7/raw-dylibs" "-B<sysroot>/lib/rustlib/x86_64-unknown-linux-gnu/bin/gcc-ld" "-fuse-ld=lld" "-Wl,--eh-frame-hdr" "-Wl,-z,noexecstack" "-L" "/tank/dregg-build/hcargo/target/debug/build/dregg-lean-ffi-fba7184593f8ac3c/out" "-L" "/tank/dregg-build/hcargo/target/debug/build/blake3-542b635533db637c/out" "-L" "/home/hbox/.elan/toolchains/leanprover--lean4---v4.30.0/lib/lean" "-L" "/home/hbox/.elan/toolchains/leanprover--lean4---v4.30.0/lib" "-L" "<sysroot>/lib/rustlib/x86_64-unknown-linux-gnu/lib" "-o" "/tank/dregg-build/hcargo/target/debug/deps/mldsa_keygen_dispatch-b772f7d9d3b82446" "-Wl,--gc-sections" "-pie" "-Wl,-z,relro,-z,now" "-nodefaultlibs"
  = note: some arguments are omitted. use `--verbose` to show all linker arguments
  = note: rust-lld: error: undefined symbol: std::chrono::_V2::steady_clock::now()
          >>> referenced by lean_init_st.cpp:441 (src/lean_init_st.cpp:441)
          >>>               0602fb52cb66f316-lean_init_st.o:(dregg_ffi_run_module_init) in archive /tank/dregg-build/hcargo/target/debug/deps/rustcJbD2h7/libdregg_ffi_shim.a
          >>> referenced by lean_init_st.cpp:452 (src/lean_init_st.cpp:452)
          >>>               0602fb52cb66f316-lean_init_st.o:(dregg_ffi_run_module_init) in archive /tank/dregg-build/hcargo/target/debug/deps/rustcJbD2h7/libdregg_ffi_shim.a
          collect2: error: ld returned 1 exit status
          

warning: dregg-lean-ffi@0.1.0: dregg-lean-ffi: splicing the Dregg2.FFI boundary closure — 347 of 706 emitted Dregg2 C facets (359 off-closure proof modules not shipped in the runtime archive).
error: could not compile `dregg-lean-ffi` (bin "mldsa_keygen_dispatch") due to 1 previous error
warning: function `prove_zk` is never used
   --> circuit-prove/src/private_book_bfv_terminal.rs:327:4
    |
327 | fn prove_zk(
    |    ^^^^^^^^
    |
    = note: `#[warn(dead_code)]` (part of `#[warn(unused)]`) on by default

warning: function `verify_zk` is never used
   --> circuit-prove/src/private_book_bfv_terminal.rs:347:4
    |
347 | fn verify_zk(
    |    ^^^^^^^^^

warning: method `commit_finalized_turn_with_faithful_root_and_executor_state_and_poa_galley` is never used
    --> persist/src/commit_log.rs:1510:19
     |
 965 | impl PersistentStore {
     | -------------------- method in this implementation
...
1510 |     pub(crate) fn commit_finalized_turn_with_faithful_root_and_executor_state_and_poa_galley(
     |                   ^^^^^^^^^^^^^^^^^^^^^^^^^^^^^^^^^^^^^^^^^^^^^^^^^^^^^^^^^^^^^^^^^^^^^^^^^^
     |
     = note: `#[warn(dead_code)]` (part of `#[warn(unused)]`) on by default

warning: function `verify_replayed_exact_fnsp_v3_frame_in` is never used
    --> persist/src/exact_fnsp_v3_frame_head.rs:1266:15
     |
1266 | pub(crate) fn verify_replayed_exact_fnsp_v3_frame_in(
     |               ^^^^^^^^^^^^^^^^^^^^^^^^^^^^^^^^^^^^^^

warning: function `exact_fnsp_v3_activation_installed_in` is never used
    --> persist/src/exact_fnsp_v3_frame_head.rs:1278:15
     |
1278 | pub(crate) fn exact_fnsp_v3_activation_installed_in(write: &WriteTransaction) -> StoreResult<bool> {
     |               ^^^^^^^^^^^^^^^^^^^^^^^^^^^^^^^^^^^^^

warning: function `load_snapshot_from_write` is never used
    --> persist/src/exact_fnsp_v3_frame_head.rs:1559:4
     |
1559 | fn load_snapshot_from_write(
     |    ^^^^^^^^^^^^^^^^^^^^^^^^

warning: function `prepare_from_snapshot` is never used
   --> persist/src/exact_fnsp_v3_state.rs:822:4
    |
822 | fn prepare_from_snapshot(
    |    ^^^^^^^^^^^^^^^^^^^^^

warning: function `reconstruct_replay_from_snapshot` is never used
   --> persist/src/exact_fnsp_v3_state.rs:860:4
    |
860 | fn reconstruct_replay_from_snapshot(
    |    ^^^^^^^^^^^^^^^^^^^^^^^^^^^^^^^^

warning: associated function `new` is never used
  --> persist/src/poa_holding_consumption.rs:60:19
   |
54 | impl PreparedPoaHoldingConsumptionV1 {
   | ------------------------------------ associated function in this implementation
...
60 |     pub(crate) fn new(
   |                   ^^^

warning: function `verify_replayed_poa_world_activation_in` is never used
   --> persist/src/poa_world_activation.rs:451:15
    |
451 | pub(crate) fn verify_replayed_poa_world_activation_in(
    |               ^^^^^^^^^^^^^^^^^^^^^^^^^^^^^^^^^^^^^^^

warning: `dregg-persist` (lib) generated 8 warnings
warning: `dregg-circuit-prove` (lib) generated 7 warnings (run `cargo fix --lib -p dregg-circuit-prove` to apply 5 suggestions)
error: command `/home/hbox/.rustup/toolchains/nightly-2026-06-21-x86_64-unknown-linux-gnu/bin/cargo test --no-run --message-format json-render-diagnostics --package dregg-lean-ffi --package starbridge-v2 --lib --test lean_init_lifecycle --features dregg-lean-ffi/lean-lib,starbridge-v2/agent-js --jobs 4` exited with code 101
pbuild: VERDICT outcome=FAIL status=101 lane=hcargo host=hbox cmd=env DREGG_LEAN_INIT_PROFILE=1 timeout --signal=TERM --kill-after=15s 900s cargo nextest run --profile full --build-jobs 4 --test-threads=1 --no-fail-fast --no-tests fail --no-capture -p dregg-lean-ffi -p starbridge-v2 --features dregg-lean-ffi/lean-lib,starbridge-v2/agent-js --lib --test lean_init_lifecycle -E test(~init_lifecycle_failed_module) or test(~init_lifecycle_unwind) or test(~init_lifecycle_mode_refusal) or test(~delegated_admission_initializes_only_its_real_lean_module) or test(/factory_chronology_/)
