desktop-check: verified source snapshot; no rsync
desktop-check: command ["/usr/local/bin/swarm-build", "timeout", "--signal=TERM", "--kill-after=15s", "1800s", "cargo", "check", "--jobs", "4", "--keep-going", "-p", "starbridge-v2", "--features", "desktop,headless-render,live-brain", "--lib", "--bin", "starbridge-v2"]
   Compiling proc-macro2 v1.0.106
    Checking libc v0.2.186
    Checking erased-serde v0.4.10
    Checking serde_fmt v1.1.0
    Checking value-bag-serde1 v1.12.0
    Checking value-bag v1.12.0
    Checking log v0.4.33
   Compiling jobserver v0.1.34
   Compiling serde_core v1.0.228
    Checking getrandom v0.2.17
    Checking rand_core v0.6.4
   Compiling cc v1.2.65
   Compiling quote v1.0.46
   Compiling syn v2.0.118
    Checking either v1.16.0
    Checking getrandom v0.4.3
    Checking stable_deref_trait v1.2.1
    Checking rayon v1.12.0
    Checking getrandom v0.3.4
    Checking itertools v0.14.0
    Checking errno v0.3.14
    Checking signal-hook-registry v1.4.8
    Checking byteorder v1.5.0
    Checking mio v1.2.1
    Checking socket2 v0.6.4
   Compiling time-macros v0.2.30
    Checking deranged v0.5.8
   Compiling synstructure v0.13.2
    Checking time-core v0.1.9
   Compiling memchr v2.8.2
    Checking futures-io v0.3.32
    Checking linux-raw-sys v0.12.1
    Checking time v0.3.51
    Checking rustix v1.1.4
    Checking regex-syntax v0.8.11
    Checking regex-automata v0.4.14
   Compiling indexmap v2.14.0
    Checking hash32 v0.2.1
   Compiling toml_datetime v1.1.1+spec-1.1.0
    Checking rand v0.10.1
    Checking flate2 v1.1.9
   Compiling siphasher v1.0.3
   Compiling toml_edit v0.25.12+spec-1.1.0
   Compiling typeid v1.0.3
    Checking regex v1.12.4
   Compiling proc-macro-crate v3.5.0
    Checking p3-maybe-rayon v0.5.1 (https://github.com/Plonky3/Plonky3?rev=82cfad73cd734d37a0d51953094f970c531817ec#82cfad73)
    Checking base64ct v1.8.3
    Checking rand_core v0.9.5
    Checking pem-rfc7468 v0.7.0
    Checking uuid v1.23.4
    Checking ff v0.13.1
   Compiling phf_shared v0.13.1
    Checking group v0.13.0
   Compiling syn v1.0.109
   Compiling phf_generator v0.13.1
   Compiling blake3 v1.8.5
    Checking rustc-hash v2.1.2
   Compiling crunchy v0.2.4
   Compiling tiny-keccak v2.0.2
   Compiling const-random-macro v0.1.16
   Compiling ahash v0.8.12
    Checking const-random v0.1.18
    Checking bitflags v1.3.2
   Compiling darling_core v0.23.0
   Compiling nom v7.1.3
    Checking tempfile v3.27.0
    Checking tinyvec_macros v0.1.1
    Checking tinyvec v1.11.0
   Compiling proc-macro-error-attr2 v2.0.0
   Compiling crossbeam-utils v0.8.21
   Compiling slotmap v1.1.1
   Compiling proc-macro-error2 v2.0.1
   Compiling freetype-sys v0.20.1
   Compiling phf_codegen v0.13.1
    Checking ttf-parser v0.25.1
   Compiling serde_derive v1.0.228
   Compiling zeroize_derive v1.5.0
    Checking zeroize v1.9.0
    Checking generic-array v0.14.7
    Checking crypto-common v0.1.7
   Compiling zerocopy-derive v0.8.52
    Checking block-buffer v0.10.4
   Compiling thiserror-impl v2.0.18
    Checking digest v0.10.7
   Compiling tracing-attributes v0.1.31
    Checking serde v1.0.228
    Checking lock_api v0.4.14
    Checking smallvec v1.15.2
    Checking allocator-api2 v0.2.21
    Checking hashbrown v0.17.1
    Checking arrayvec v0.7.7
    Checking parking_lot_core v0.9.12
    Checking parking_lot v0.12.5
    Checking spin v0.9.8
    Checking sha2 v0.10.9
   Compiling bytemuck_derive v1.10.2
    Checking zerocopy v0.8.52
    Checking thiserror v2.0.18
    Checking tracing v0.1.44
    Checking serde_json v1.0.150
   Compiling tokio-macros v2.7.0
    Checking lazy_static v1.5.0
   Compiling displaydoc v0.2.6
    Checking ppv-lite86 v0.2.21
    Checking rand_chacha v0.3.1
    Checking rand v0.8.6
    Checking num-bigint v0.4.6
   Compiling zerofrom-derive v0.1.7
    Checking bytemuck v1.25.0
    Checking cobs v0.3.0
    Checking heapless v0.7.17
   Compiling thiserror-impl v1.0.69
    Checking postcard v1.1.3
   Compiling strum_macros v0.28.0
    Checking tokio v1.52.3
   Compiling yoke-derive v0.8.2
   Compiling zerovec-derive v0.11.3
    Checking zerofrom v0.1.8
   Compiling futures-macro v0.3.32
    Checking strum v0.28.0
    Checking thiserror v1.0.69
   Compiling num-derive v0.4.2
    Checking hashbrown v0.15.5
    Checking yoke v0.8.3
    Checking zerovec v0.11.6
    Checking zerotrie v0.2.4
    Checking hex v0.4.3
    Checking tinystr v0.8.3
    Checking potential_utf v0.1.5
    Checking icu_collections v2.2.0
    Checking icu_locale_core v2.2.0
    Checking p3-util v0.5.1 (https://github.com/Plonky3/Plonky3?rev=82cfad73cd734d37a0d51953094f970c531817ec#82cfad73)
    Checking p3-field v0.5.1 (https://github.com/Plonky3/Plonky3?rev=82cfad73cd734d37a0d51953094f970c531817ec#82cfad73)
    Checking futures-util v0.3.32
    Checking icu_provider v2.2.0
    Checking icu_normalizer v2.2.0
    Checking icu_properties v2.2.0
    Checking p3-matrix v0.5.1 (https://github.com/Plonky3/Plonky3?rev=82cfad73cd734d37a0d51953094f970c531817ec#82cfad73)
    Checking tokio-util v0.7.18
    Checking idna_adapter v1.2.2
    Checking idna v1.1.0
    Checking p3-symmetric v0.5.1 (https://github.com/Plonky3/Plonky3?rev=82cfad73cd734d37a0d51953094f970c531817ec#82cfad73)
    Checking spin v0.11.0
    Checking url v2.5.8
    Checking bincode v1.3.3
    Checking p3-dft v0.5.1 (https://github.com/Plonky3/Plonky3?rev=82cfad73cd734d37a0d51953094f970c531817ec#82cfad73)
    Checking hashbrown v0.16.1
    Checking hmac v0.12.1
   Compiling der_derive v0.7.3
    Checking p3-mds v0.5.1 (https://github.com/Plonky3/Plonky3?rev=82cfad73cd734d37a0d51953094f970c531817ec#82cfad73)
   Compiling profiling-procmacros v1.0.18
    Checking p3-poseidon2 v0.5.1 (https://github.com/Plonky3/Plonky3?rev=82cfad73cd734d37a0d51953094f970c531817ec#82cfad73)
    Checking rand_chacha v0.9.0
    Checking p3-poseidon1 v0.5.1 (https://github.com/Plonky3/Plonky3?rev=82cfad73cd734d37a0d51953094f970c531817ec#82cfad73)
    Checking rand v0.9.4
    Checking euclid v0.22.14
    Checking p3-monty-31 v0.5.1 (https://github.com/Plonky3/Plonky3?rev=82cfad73cd734d37a0d51953094f970c531817ec#82cfad73)
    Checking signature v2.2.0
   Compiling curve25519-dalek-derive v0.1.1
    Checking p3-challenger v0.5.1 (/tank/dregg-build/hcargo/vendor/plonky3-challenger-82cfad73)
    Checking p3-multilinear-util v0.5.1 (https://github.com/Plonky3/Plonky3?rev=82cfad73cd734d37a0d51953094f970c531817ec#82cfad73)
    Checking p3-commit v0.5.1 (https://github.com/Plonky3/Plonky3?rev=82cfad73cd734d37a0d51953094f970c531817ec#82cfad73)
    Checking block-padding v0.3.3
    Checking inout v0.1.4
    Checking profiling v1.0.18
    Checking p3-air v0.5.1 (https://github.com/Plonky3/Plonky3?rev=82cfad73cd734d37a0d51953094f970c531817ec#82cfad73)
    Checking rmp-serde v1.3.1
    Checking cipher v0.4.4
    Checking p3-fri v0.5.1 (/tank/dregg-build/hcargo/vendor/plonky3-fri-82cfad73)
    Checking hkdf v0.12.4
   Compiling derive_more-impl v2.1.1
    Checking p3-uni-stark v0.5.1 (https://github.com/Plonky3/Plonky3?rev=82cfad73cd734d37a0d51953094f970c531817ec#82cfad73)
   Compiling phf_macros v0.13.1
    Checking curve25519-dalek v4.1.3 (/tank/dregg-build/hcargo/vendor/curve25519-dalek-dregg)
warning: the feature `avx512_target_feature` has been stable since 1.89.0 and no longer requires an attribute to enable
  --> vendor/curve25519-dalek-dregg/src/lib.rs:23:13
   |
23 |     feature(avx512_target_feature)
   |             ^^^^^^^^^^^^^^^^^^^^^
   |
   = note: `#[warn(stable_features)]` on by default

warning: the feature `stdarch_x86_avx512` has been stable since 1.89.0 and no longer requires an attribute to enable
  --> vendor/curve25519-dalek-dregg/src/lib.rs:19:13
   |
19 |     feature(stdarch_x86_avx512)
   |             ^^^^^^^^^^^^^^^^^^

warning: unnecessary `unsafe` block
   --> vendor/curve25519-dalek-dregg/src/backend/vector/packed_simd.rs:51:17
    |
 51 |                   unsafe {
    |                   ^^^^^^ unnecessary `unsafe` block
...
213 | / impl_shared!(
214 | |     u64x4,
215 | |     u64,
216 | |     _mm256_add_epi64,
...   |
220 | |     _mm256_extract_epi64
221 | | );
    | |_- in this macro invocation
    |
    = note: `#[warn(unused_unsafe)]` (part of `#[warn(unused)]`) on by default
    = note: this warning originates in the macro `impl_shared` (in Nightly builds, run with -Z macro-backtrace for more info)

warning: unnecessary `unsafe` block
   --> vendor/curve25519-dalek-dregg/src/backend/vector/packed_simd.rs:86:17
    |
 86 |                   unsafe { core::arch::x86_64::$add_intrinsic(self.0, rhs.0).into() }
    |                   ^^^^^^ unnecessary `unsafe` block
...
213 | / impl_shared!(
214 | |     u64x4,
215 | |     u64,
216 | |     _mm256_add_epi64,
...   |
220 | |     _mm256_extract_epi64
221 | | );
    | |_- in this macro invocation
    |
    = note: this warning originates in the macro `impl_shared` (in Nightly builds, run with -Z macro-backtrace for more info)

warning: unnecessary `unsafe` block
   --> vendor/curve25519-dalek-dregg/src/backend/vector/packed_simd.rs:105:17
    |
105 |                   unsafe { core::arch::x86_64::$sub_intrinsic(self.0, rhs.0).into() }
    |                   ^^^^^^ unnecessary `unsafe` block
...
213 | / impl_shared!(
214 | |     u64x4,
215 | |     u64,
216 | |     _mm256_add_epi64,
...   |
220 | |     _mm256_extract_epi64
221 | | );
    | |_- in this macro invocation
    |
    = note: this warning originates in the macro `impl_shared` (in Nightly builds, run with -Z macro-backtrace for more info)

warning: unnecessary `unsafe` block
   --> vendor/curve25519-dalek-dregg/src/backend/vector/packed_simd.rs:115:17
    |
115 |                   unsafe { core::arch::x86_64::_mm256_and_si256(self.0, rhs.0).into() }
    |                   ^^^^^^ unnecessary `unsafe` block
...
213 | / impl_shared!(
214 | |     u64x4,
215 | |     u64,
216 | |     _mm256_add_epi64,
...   |
220 | |     _mm256_extract_epi64
221 | | );
    | |_- in this macro invocation
    |
    = note: this warning originates in the macro `impl_shared` (in Nightly builds, run with -Z macro-backtrace for more info)

warning: unnecessary `unsafe` block
   --> vendor/curve25519-dalek-dregg/src/backend/vector/packed_simd.rs:125:17
    |
125 |                   unsafe { core::arch::x86_64::_mm256_xor_si256(self.0, rhs.0).into() }
    |                   ^^^^^^ unnecessary `unsafe` block
...
213 | / impl_shared!(
214 | |     u64x4,
215 | |     u64,
216 | |     _mm256_add_epi64,
...   |
220 | |     _mm256_extract_epi64
221 | | );
    | |_- in this macro invocation
    |
    = note: this warning originates in the macro `impl_shared` (in Nightly builds, run with -Z macro-backtrace for more info)

warning: unnecessary `unsafe` block
   --> vendor/curve25519-dalek-dregg/src/backend/vector/packed_simd.rs:152:17
    |
152 |                   unsafe { core::arch::x86_64::$shl_intrinsic(self.0, N).into() }
    |                   ^^^^^^ unnecessary `unsafe` block
...
213 | / impl_shared!(
214 | |     u64x4,
215 | |     u64,
216 | |     _mm256_add_epi64,
...   |
220 | |     _mm256_extract_epi64
221 | | );
    | |_- in this macro invocation
    |
    = note: this warning originates in the macro `impl_shared` (in Nightly builds, run with -Z macro-backtrace for more info)

warning: unnecessary `unsafe` block
   --> vendor/curve25519-dalek-dregg/src/backend/vector/packed_simd.rs:157:17
    |
157 |                   unsafe { core::arch::x86_64::$shr_intrinsic(self.0, N).into() }
    |                   ^^^^^^ unnecessary `unsafe` block
...
213 | / impl_shared!(
214 | |     u64x4,
215 | |     u64,
216 | |     _mm256_add_epi64,
...   |
220 | |     _mm256_extract_epi64
221 | | );
    | |_- in this macro invocation
    |
    = note: this warning originates in the macro `impl_shared` (in Nightly builds, run with -Z macro-backtrace for more info)

warning: unnecessary `unsafe` block
   --> vendor/curve25519-dalek-dregg/src/backend/vector/packed_simd.rs:162:17
    |
162 |                   unsafe { core::arch::x86_64::$extract_intrinsic(self.0, N) as $lane_ty }
    |                   ^^^^^^ unnecessary `unsafe` block
...
213 | / impl_shared!(
214 | |     u64x4,
215 | |     u64,
216 | |     _mm256_add_epi64,
...   |
220 | |     _mm256_extract_epi64
221 | | );
    | |_- in this macro invocation
    |
    = note: this warning originates in the macro `impl_shared` (in Nightly builds, run with -Z macro-backtrace for more info)

warning: unnecessary `unsafe` block
   --> vendor/curve25519-dalek-dregg/src/backend/vector/packed_simd.rs:51:17
    |
 51 |                   unsafe {
    |                   ^^^^^^ unnecessary `unsafe` block
...
222 | / impl_shared!(
223 | |     u32x8,
224 | |     u32,
225 | |     _mm256_add_epi32,
...   |
229 | |     _mm256_extract_epi32
230 | | );
    | |_- in this macro invocation
    |
    = note: this warning originates in the macro `impl_shared` (in Nightly builds, run with -Z macro-backtrace for more info)

warning: unnecessary `unsafe` block
   --> vendor/curve25519-dalek-dregg/src/backend/vector/packed_simd.rs:86:17
    |
 86 |                   unsafe { core::arch::x86_64::$add_intrinsic(self.0, rhs.0).into() }
    |                   ^^^^^^ unnecessary `unsafe` block
...
222 | / impl_shared!(
223 | |     u32x8,
224 | |     u32,
225 | |     _mm256_add_epi32,
...   |
229 | |     _mm256_extract_epi32
230 | | );
    | |_- in this macro invocation
    |
    = note: this warning originates in the macro `impl_shared` (in Nightly builds, run with -Z macro-backtrace for more info)

warning: unnecessary `unsafe` block
   --> vendor/curve25519-dalek-dregg/src/backend/vector/packed_simd.rs:105:17
    |
105 |                   unsafe { core::arch::x86_64::$sub_intrinsic(self.0, rhs.0).into() }
    |                   ^^^^^^ unnecessary `unsafe` block
...
222 | / impl_shared!(
223 | |     u32x8,
224 | |     u32,
225 | |     _mm256_add_epi32,
...   |
229 | |     _mm256_extract_epi32
230 | | );
    | |_- in this macro invocation
    |
    = note: this warning originates in the macro `impl_shared` (in Nightly builds, run with -Z macro-backtrace for more info)

warning: unnecessary `unsafe` block
   --> vendor/curve25519-dalek-dregg/src/backend/vector/packed_simd.rs:115:17
    |
115 |                   unsafe { core::arch::x86_64::_mm256_and_si256(self.0, rhs.0).into() }
    |                   ^^^^^^ unnecessary `unsafe` block
...
222 | / impl_shared!(
223 | |     u32x8,
224 | |     u32,
225 | |     _mm256_add_epi32,
...   |
229 | |     _mm256_extract_epi32
230 | | );
    | |_- in this macro invocation
    |
    = note: this warning originates in the macro `impl_shared` (in Nightly builds, run with -Z macro-backtrace for more info)

warning: unnecessary `unsafe` block
   --> vendor/curve25519-dalek-dregg/src/backend/vector/packed_simd.rs:125:17
    |
125 |                   unsafe { core::arch::x86_64::_mm256_xor_si256(self.0, rhs.0).into() }
    |                   ^^^^^^ unnecessary `unsafe` block
...
222 | / impl_shared!(
223 | |     u32x8,
224 | |     u32,
225 | |     _mm256_add_epi32,
...   |
229 | |     _mm256_extract_epi32
230 | | );
    | |_- in this macro invocation
    |
    = note: this warning originates in the macro `impl_shared` (in Nightly builds, run with -Z macro-backtrace for more info)

warning: unnecessary `unsafe` block
   --> vendor/curve25519-dalek-dregg/src/backend/vector/packed_simd.rs:152:17
    |
152 |                   unsafe { core::arch::x86_64::$shl_intrinsic(self.0, N).into() }
    |                   ^^^^^^ unnecessary `unsafe` block
...
222 | / impl_shared!(
223 | |     u32x8,
224 | |     u32,
225 | |     _mm256_add_epi32,
...   |
229 | |     _mm256_extract_epi32
230 | | );
    | |_- in this macro invocation
    |
    = note: this warning originates in the macro `impl_shared` (in Nightly builds, run with -Z macro-backtrace for more info)

warning: unnecessary `unsafe` block
   --> vendor/curve25519-dalek-dregg/src/backend/vector/packed_simd.rs:157:17
    |
157 |                   unsafe { core::arch::x86_64::$shr_intrinsic(self.0, N).into() }
    |                   ^^^^^^ unnecessary `unsafe` block
...
222 | / impl_shared!(
223 | |     u32x8,
224 | |     u32,
225 | |     _mm256_add_epi32,
...   |
229 | |     _mm256_extract_epi32
230 | | );
    | |_- in this macro invocation
    |
    = note: this warning originates in the macro `impl_shared` (in Nightly builds, run with -Z macro-backtrace for more info)

warning: unnecessary `unsafe` block
   --> vendor/curve25519-dalek-dregg/src/backend/vector/packed_simd.rs:162:17
    |
162 |                   unsafe { core::arch::x86_64::$extract_intrinsic(self.0, N) as $lane_ty }
    |                   ^^^^^^ unnecessary `unsafe` block
...
222 | / impl_shared!(
223 | |     u32x8,
224 | |     u32,
225 | |     _mm256_add_epi32,
...   |
229 | |     _mm256_extract_epi32
230 | | );
    | |_- in this macro invocation
    |
    = note: this warning originates in the macro `impl_shared` (in Nightly builds, run with -Z macro-backtrace for more info)

warning: unnecessary `unsafe` block
   --> vendor/curve25519-dalek-dregg/src/backend/vector/packed_simd.rs:258:9
    |
258 |         unsafe {
    |         ^^^^^^ unnecessary `unsafe` block

warning: unnecessary `unsafe` block
   --> vendor/curve25519-dalek-dregg/src/backend/vector/packed_simd.rs:270:9
    |
270 |         unsafe { u64x4(core::arch::x86_64::_mm256_set1_epi64x(x as i64)) }
    |         ^^^^^^ unnecessary `unsafe` block

warning: unnecessary `unsafe` block
   --> vendor/curve25519-dalek-dregg/src/backend/vector/packed_simd.rs:309:9
    |
309 |         unsafe {
    |         ^^^^^^ unnecessary `unsafe` block

warning: unnecessary `unsafe` block
   --> vendor/curve25519-dalek-dregg/src/backend/vector/packed_simd.rs:322:9
    |
322 |         unsafe { u32x8(core::arch::x86_64::_mm256_set1_epi32(x as i32)) }
    |         ^^^^^^ unnecessary `unsafe` block

warning: unnecessary `unsafe` block
   --> vendor/curve25519-dalek-dregg/src/backend/vector/packed_simd.rs:335:9
    |
335 |         unsafe { core::arch::x86_64::_mm256_mul_epu32(self.0, rhs.0).into() }
    |         ^^^^^^ unnecessary `unsafe` block

warning: unnecessary `unsafe` block
  --> vendor/curve25519-dalek-dregg/src/backend/vector/avx2/field.rs:68:5
   |
68 |     unsafe {
   |     ^^^^^^ unnecessary `unsafe` block

warning: unnecessary `unsafe` block
  --> vendor/curve25519-dalek-dregg/src/backend/vector/avx2/field.rs:89:5
   |
89 |     unsafe {
   |     ^^^^^^ unnecessary `unsafe` block

warning: unnecessary `unsafe` block
   --> vendor/curve25519-dalek-dregg/src/backend/vector/avx2/field.rs:432:13
    |
432 |             unsafe {
    |             ^^^^^^ unnecessary `unsafe` block

warning: unnecessary `unsafe` block
   --> vendor/curve25519-dalek-dregg/src/backend/vector/avx2/field.rs:456:13
    |
456 |             unsafe {
    |             ^^^^^^ unnecessary `unsafe` block

warning: unnecessary `unsafe` block
   --> vendor/curve25519-dalek-dregg/src/backend/vector/avx2/field.rs:479:28
    |
479 |         let c9_19: u32x8 = unsafe {
    |                            ^^^^^^ unnecessary `unsafe` block

warning: unnecessary `unsafe` block
   --> vendor/curve25519-dalek-dregg/src/backend/vector/avx2/field.rs:663:13
    |
663 |             unsafe {
    |             ^^^^^^ unnecessary `unsafe` block

warning: unnecessary `unsafe` block
  --> vendor/curve25519-dalek-dregg/src/backend/vector/ifma/field.rs:63:5
   |
63 |     unsafe {
   |     ^^^^^^ unnecessary `unsafe` block

warning: unnecessary `unsafe` block
  --> vendor/curve25519-dalek-dregg/src/backend/vector/ifma/field.rs:95:5
   |
95 |     unsafe {
   |     ^^^^^^ unnecessary `unsafe` block

warning: `curve25519-dalek` (lib) generated 31 warnings
    Checking p3-lookup v0.5.1 (https://github.com/Plonky3/Plonky3?rev=82cfad73cd734d37a0d51953094f970c531817ec#82cfad73)
    Checking p3-baby-bear v0.5.1 (https://github.com/Plonky3/Plonky3?rev=82cfad73cd734d37a0d51953094f970c531817ec#82cfad73)
    Checking encoding_rs v0.8.35
    Checking phf v0.13.1
    Checking p3-poseidon1-air v0.5.1 (https://github.com/Plonky3/Plonky3?rev=82cfad73cd734d37a0d51953094f970c531817ec#82cfad73)
    Checking p3-koala-bear v0.5.1 (https://github.com/Plonky3/Plonky3?rev=82cfad73cd734d37a0d51953094f970c531817ec#82cfad73)
    Checking p3-goldilocks v0.5.1 (https://github.com/Plonky3/Plonky3?rev=82cfad73cd734d37a0d51953094f970c531817ec#82cfad73)
   Compiling darling_macro v0.23.0
   Compiling unroll v0.1.5
    Checking der v0.7.10
    Checking spki v0.7.3
    Checking pkcs8 v0.10.2
    Checking ed25519 v2.2.3
   Compiling yoke-derive v0.7.5
   Compiling darling v0.23.0
    Checking ed25519-dalek v2.2.0
    Checking p3-keccak v0.5.1 (https://github.com/Plonky3/Plonky3?rev=82cfad73cd734d37a0d51953094f970c531817ec#82cfad73)
    Checking h2 v0.4.15
    Checking p3-poseidon1-circuit-air v0.1.0 (https://github.com/emberian/plonky3-recursion?rev=fc3c6df#fc3c6dfa)
   Compiling zerovec-derive v0.10.3
    Checking hyper v1.10.1
    Checking p3-circuit v0.1.0 (https://github.com/emberian/plonky3-recursion?rev=fc3c6df#fc3c6dfa)
   Compiling serde_with_macros v3.21.0
    Checking p3-poseidon2-air v0.5.1 (https://github.com/Plonky3/Plonky3?rev=82cfad73cd734d37a0d51953094f970c531817ec#82cfad73)
    Checking p3-poseidon2-circuit-air v0.1.0 (https://github.com/emberian/plonky3-recursion?rev=fc3c6df#fc3c6dfa)
    Checking p3-batch-stark v0.5.1 (https://github.com/Plonky3/Plonky3?rev=82cfad73cd734d37a0d51953094f970c531817ec#82cfad73)
    Checking p3-merkle-tree v0.5.1 (https://github.com/Plonky3/Plonky3?rev=82cfad73cd734d37a0d51953094f970c531817ec#82cfad73)
    Checking colored v2.2.0
    Checking serde_urlencoded v0.7.1
    Checking universal-hash v0.5.1
    Checking rustls-pki-types v1.14.1
   Compiling enum-ordinalize-derive v4.3.2
    Checking yoke v0.7.5
    Checking zerovec v0.10.4
    Checking itertools v0.13.0
    Checking memmap2 v0.9.11
    Checking tinystr v0.7.6
    Checking ark-std v0.5.0
    Checking serde-encoded-bytes v0.2.1
    Checking rgb v0.8.53
    Checking derive_more v2.1.1
   Compiling ark-serialize-derive v0.5.0 (https://github.com/emberian/algebra?branch=serde-integration#814047cb)
    Checking png v0.17.16
    Checking icu_locid v1.5.0
   Compiling enum-ordinalize v4.3.2
   Compiling educe v0.6.0
   Compiling ark-ff-macros v0.5.0
    Checking serde_with v3.21.0
    Checking object v0.37.3
    Checking ark-serialize v0.5.0 (https://github.com/emberian/algebra?branch=serde-integration#814047cb)
    Checking fontdb v0.23.0
    Checking tiny-skia-path v0.11.4
    Checking kurbo v0.11.3
    Checking dregg-codec v0.1.0 (/tank/dregg-build/hcargo/dregg-codec)
    Checking aead v0.5.2
   Compiling icu_provider_macros v1.5.0
   Compiling dregg-dsl v0.1.0 (/tank/dregg-build/hcargo/dregg-dsl)
   Compiling ark-ff-asm v0.5.0
    Checking unicode-properties v0.1.4
    Checking backtrace v0.3.76
    Checking rustybuzz v0.20.1
    Checking icu_provider v1.5.0
    Checking dregg-circuit v0.1.0 (/tank/dregg-build/hcargo/circuit)
    Checking svgtypes v0.15.3
warning: unused import: `crate::dsl::descriptors::merkle_poseidon2_circuit`
  --> circuit/src/body_membership.rs:24:5
   |
24 | use crate::dsl::descriptors::merkle_poseidon2_circuit;
   |     ^^^^^^^^^^^^^^^^^^^^^^^^^^^^^^^^^^^^^^^^^^^^^^^^^
   |
   = note: `#[warn(unused_imports)]` (part of `#[warn(unused)]`) on by default

warning: unused import: `AccumulatorNonMembershipWitness`
  --> circuit/src/dsl/accumulator.rs:25:24
   |
25 |     ACCUMULATOR_WIDTH, AccumulatorNonMembershipWitness, AccumulatorNonRevocationWitness, ExtElem,
   |                        ^^^^^^^^^^^^^^^^^^^^^^^^^^^^^^^

warning: unused imports: `BoundaryDef`, `BoundaryRow`, `CircuitDescriptor`, `ColumnDef`, `ColumnKind`, `ConstraintExpr`, and `DslCircuit`
  --> circuit/src/dsl/fold.rs:30:5
   |
30 |     BoundaryDef, BoundaryRow, CircuitDescriptor, ColumnDef, ColumnKind, ConstraintExpr, DslCircuit,
   |     ^^^^^^^^^^^  ^^^^^^^^^^^  ^^^^^^^^^^^^^^^^^  ^^^^^^^^^  ^^^^^^^^^^  ^^^^^^^^^^^^^^  ^^^^^^^^^^

warning: unused import: `hash_4_to_1`
 --> circuit/src/effect_vm/trace.rs:8:37
  |
8 | use crate::poseidon2::{hash_2_to_1, hash_4_to_1};
  |                                     ^^^^^^^^^^^

warning: private item shadows public glob re-export
  --> circuit/src/effect_vm/trace_rotated.rs:47:13
   |
47 | use super::{EFFECT_VM_WIDTH, EffectVmContext, generate_effect_vm_trace_ext};
   |             ^^^^^^^^^^^^^^^
   |
note: the name `EFFECT_VM_WIDTH` in the value namespace is supposed to be publicly re-exported here
  --> circuit/src/effect_vm/trace_rotated.rs:52:9
   |
52 | pub use crate::effect_vm::layout_generated::*;
   |         ^^^^^^^^^^^^^^^^^^^^^^^^^^^^^^^^^^^^^
note: but the private item here shadows it
  --> circuit/src/effect_vm/trace_rotated.rs:47:13
   |
47 | use super::{EFFECT_VM_WIDTH, EffectVmContext, generate_effect_vm_trace_ext};
   |             ^^^^^^^^^^^^^^^
   = note: `#[warn(hidden_glob_reexports)]` on by default

warning: unused import: `EFFECT_VM_WIDTH`
  --> circuit/src/effect_vm/transfer_fee_avail_weld.rs:37:5
   |
37 |     EFFECT_VM_WIDTH, PARAM_BASE, STATE_AFTER_BASE, STATE_BEFORE_BASE, param, state,
   |     ^^^^^^^^^^^^^^^

warning: unused imports: `prove` and `verify`
  --> circuit/src/plonky3_prover.rs:40:40
   |
40 | use p3_uni_stark::{Proof, StarkConfig, prove, verify};
   |                                        ^^^^^  ^^^^^^

warning: unused doc comment
   --> circuit/src/refusal.rs:485:1
    |
485 | / /// Set while this thread is inside [`catch_quietly`]. The hook installed below reads it, so
486 | | /// silencing is scoped to the thread that asked for it.
    | |_-------------------------------------------------------^
    |   |
    |   rustdoc does not generate documentation for macro invocations
    |
    = help: to document an item produced by a macro, the macro must produce the documentation as part of its expansion
    = note: `#[warn(unused_doc_comments)]` (part of `#[warn(unused)]`) on by default

warning: unused import: `crate::dsl::predicates::*`
   --> circuit/src/lib.rs:700:13
    |
700 |     pub use crate::dsl::predicates::*;
    |             ^^^^^^^^^^^^^^^^^^^^^^^^^

warning: unused import: `crate::dsl::predicates::*`
   --> circuit/src/lib.rs:701:13
    |
701 |     pub use crate::dsl::predicates::*;
    |             ^^^^^^^^^^^^^^^^^^^^^^^^^

    Checking simplecss v0.2.2
   Compiling darling_core v0.20.11
    Checking usvg v0.45.1
    Checking etagere v0.2.15
    Checking gpu-descriptor v0.3.2
    Checking khronos-egl v6.0.0
warning: unused import: `WindowAccess`
  --> circuit/src/plonky3_prover.rs:29:40
   |
29 | use p3_air::{Air, AirBuilder, BaseAir, WindowAccess};
   |                                        ^^^^^^^^^^^^

warning: unused import: `BaseAir`
  --> circuit/src/plonky3_prover.rs:29:31
   |
29 | use p3_air::{Air, AirBuilder, BaseAir, WindowAccess};
   |                               ^^^^^^^

warning: unused import: `Air`
  --> circuit/src/plonky3_prover.rs:29:14
   |
29 | use p3_air::{Air, AirBuilder, BaseAir, WindowAccess};
   |              ^^^

    Checking tiny-skia v0.11.4
    Checking gif v0.13.3
warning: variable does not need to be mutable
    --> circuit/src/descriptor_ir2.rs:5712:9
     |
5712 |     let mut fact_hist: BTreeMap<(u32, u32, u32), u64> = BTreeMap::new();
     |         ----^^^^^^^^^
     |         |
     |         help: remove this `mut`
     |
     = note: `#[warn(unused_mut)]` (part of `#[warn(unused)]`) on by default

    Checking poly1305 v0.8.0
warning: variable does not need to be mutable
   --> circuit/src/table_air.rs:404:13
    |
404 |         let mut share_out_of_range = |e: &TableExpr, what: &str| -> Result<(), String> {
    |             ----^^^^^^^^^^^^^^^^^^
    |             |
    |             help: remove this `mut`

warning: variable does not need to be mutable
   --> circuit/src/table_air.rs:428:13
    |
428 |         let mut prep_out_of_range = |e: &TableExpr, what: &str| -> Result<(), String> {
    |             ----^^^^^^^^^^^^^^^^^
    |             |
    |             help: remove this `mut`

    Checking chacha20 v0.9.1
   Compiling ring v0.17.14
warning: type `CompiledMain` is more private than the item `Ir2Air::Main::compiled`
    --> circuit/src/descriptor_ir2.rs:3672:9
     |
3672 |         compiled: Arc<crate::flat_eval::CompiledMain>,
     |         ^^^^^^^^^^^^^^^^^^^^^^^^^^^^^^^^^^^^^^^^^^^^^ field `Ir2Air::Main::compiled` is reachable at visibility `pub`
     |
note: but type `CompiledMain` is only usable at visibility `pub(crate)`
    --> circuit/src/flat_eval.rs:368:1
     |
 368 | pub(crate) struct CompiledMain {
     | ^^^^^^^^^^^^^^^^^^^^^^^^^^^^^^
     = note: `#[warn(private_interfaces)]` on by default

warning: type `CompiledTable` is more private than the item `Ir2Air::LeanTable::compiled`
    --> circuit/src/descriptor_ir2.rs:3760:9
     |
3760 |         compiled: Arc<crate::flat_eval::CompiledTable>,
     |         ^^^^^^^^^^^^^^^^^^^^^^^^^^^^^^^^^^^^^^^^^^^^^^ field `Ir2Air::LeanTable::compiled` is reachable at visibility `pub`
     |
note: but type `CompiledTable` is only usable at visibility `pub(crate)`
    --> circuit/src/flat_eval.rs:418:1
     |
 418 | pub(crate) struct CompiledTable {
     | ^^^^^^^^^^^^^^^^^^^^^^^^^^^^^^^

warning: method `resolve_row` is never used
   --> circuit/src/dsl/circuit.rs:636:8
    |
635 | impl BoundaryDef {
    | ---------------- method in this implementation
636 |     fn resolve_row(&self, trace_len: usize) -> usize {
    |        ^^^^^^^^^^^
    |
    = note: `#[warn(dead_code)]` (part of `#[warn(unused)]`) on by default

warning: field `lookup_index` is never read
   --> circuit/src/dsl/circuit.rs:673:5
    |
668 | pub struct DslCircuit {
    |            ---------- field in this struct
...
673 |     lookup_index: LookupIndex,
    |     ^^^^^^^^^^^^

warning: field `set_elements` is never read
   --> circuit/src/non_membership.rs:140:5
    |
138 | pub struct NonMembershipProver {
    |            ------------------- field in this struct
139 |     /// The set's elements (needed for witness generation).
140 |     set_elements: Vec<BabyBear>,
    |     ^^^^^^^^^^^^
    |
    = note: `NonMembershipProver` has derived impls for the traits `Debug` and `Clone`, but these are intentionally ignored during dead code analysis

warning: constant `ROUND_STATES_OFFSET` is never used
   --> circuit/src/plonky3_prover.rs:289:7
    |
289 | const ROUND_STATES_OFFSET: usize = 5;
    |       ^^^^^^^^^^^^^^^^^^^

warning: constant `PARENT_COL` is never used
   --> circuit/src/plonky3_prover.rs:292:7
    |
292 | const PARENT_COL: usize = P3_TRACE_WIDTH - 1; // 245
    |       ^^^^^^^^^^

warning: function `vm_site_digest_concrete` is never used
    --> circuit/src/lean_descriptor_air.rs:1633:15
     |
1633 | pub(crate) fn vm_site_digest_concrete(
     |               ^^^^^^^^^^^^^^^^^^^^^^^

warning: constant `CHIP_MULT_STATE16` is never used
    --> circuit/src/descriptor_ir2.rs:3505:7
     |
3505 | const CHIP_MULT_STATE16: usize = CHIP_MULT_NARROW;
     |       ^^^^^^^^^^^^^^^^^

warning: function `hash2_state_c` is never used
    --> circuit/src/descriptor_ir2.rs:5248:4
     |
5248 | fn hash2_state_c(a: BabyBear, b: BabyBear) -> [BabyBear; POSEIDON2_WIDTH] {
     |    ^^^^^^^^^^^^^

    Checking num_cpus v1.17.0
    Checking taffy v0.10.1
warning: `dregg-circuit` (lib) generated 26 warnings (run `cargo fix --lib -p dregg-circuit` to apply 11 suggestions)
    Checking chacha20poly1305 v0.10.1
    Checking resvg v0.45.1
    Checking string_cache v0.9.0
   Compiling string_cache_codegen v0.6.1
    Checking unicode-segmentation v1.13.3
    Checking serdect v0.2.0
    Checking globset v0.4.18
    Checking crypto-common v0.2.2
    Checking icu_collections v1.5.0
    Checking x25519-dalek v2.0.1
   Compiling zstd-sys v2.0.16+zstd.1.5.7
    Checking ark-ff v0.5.0
    Checking ark-poly v0.5.0
    Checking sec1 v0.7.3
    Checking sha3 v0.10.9
    Checking crypto-bigint v0.5.5
   Compiling gl_generator v0.14.0
    Checking elliptic-curve v0.13.8
    Checking icu_segmenter v1.5.0
   Compiling darling_macro v0.20.11
    Checking ark-ec v0.5.0
    Checking half v2.7.1
    Checking app_units v0.7.8
   Compiling cmake v0.1.58
    Checking dtoa v1.0.11
    Checking dtoa-short v0.3.5
    Checking brotli-decompressor v5.0.3
    Checking rfc6979 v0.4.0
   Compiling cssparser-macros v0.6.1
   Compiling darling v0.20.11
    Checking hyper-util v0.1.20
   Compiling aws-lc-sys v0.41.0
    Checking ecdsa v0.16.9
    Checking primeorder v0.13.6
   Compiling web_atoms v0.2.5
    Checking cssparser v0.36.0
   Compiling webrender_build v0.68.0
    Checking dregg-types v0.1.0 (/tank/dregg-build/hcargo/types)
    Checking dregg-dfa v0.1.0 (/tank/dregg-build/hcargo/dfa)
    Checking servo_arc v0.4.3
    Checking kem v0.3.0-pre.0
   Compiling selectors v0.36.1
    Checking smallbitvec v2.6.1
    Checking to_shmem v0.3.0
    Checking ml-kem v0.2.3
   Compiling to_shmem_derive v0.1.0
    Checking blake2 v0.10.6
   Compiling malloc_size_of_derive v0.1.3
   Compiling enumflags2_derive v0.7.12
   Compiling stylo v0.15.0
   Compiling glslopt v0.1.14
    Checking dregg-cell v0.1.0 (/tank/dregg-build/hcargo/cell)
   Compiling gleam v0.15.1
   Compiling stylo_atoms v0.15.0
    Checking hashbrown v0.14.5
   Compiling peek-poke-derive v0.3.0
   Compiling borsh-derive v1.7.0
   Compiling tikv-jemalloc-sys v0.6.1+5.3.0-1-ge13ca993e8ccb9ba9847cc330696e02839f328f7
    Checking crossbeam-channel v0.5.15
    Checking void v1.0.2
    Checking stylo_malloc_size_of v0.15.0
   Compiling build-parallel v0.1.2
   Compiling zstd-safe v7.2.4
    Checking zstd v0.13.3
    Checking borsh v1.7.0
    Checking peek-poke v0.3.0
    Checking wr_malloc_size_of v0.2.2
    Checking tendril v0.5.0
   Compiling enumn v0.1.14
    Checking zeitstempel v0.1.2
    Checking unic-common v0.9.0
    Checking unic-char-range v0.9.0
    Checking unic-char-property v0.9.0
    Checking unic-ucd-version v0.9.0
    Checking webrender_api v0.68.0
    Checking accesskit v0.24.1
    Checking markup5ever v0.39.0
    Checking p256 v0.13.2
    Checking fips204 v0.4.6
    Checking freetype v0.7.2
    Checking tracy-rs v0.1.2
    Checking stylo_static_prefs v0.15.0
    Checking wr_glyph_rasterizer v0.68.0
    Checking dregg-pq v0.1.0 (/tank/dregg-build/hcargo/dregg-pq)
    Checking stylo_traits v0.15.0
    Checking unic-ucd-ident v0.9.0
    Checking stylo_dom v0.15.0
   Compiling stylo_derive v0.15.0 (https://github.com/emberian/stylo?rev=abc53ac61#abc53ac6)
    Checking brotli v8.0.4
   Compiling prost-derive v0.10.1
   Compiling webrender v0.68.0
    Checking dregg-dsl-runtime v0.1.0 (/tank/dregg-build/hcargo/dregg-dsl-runtime)
    Checking merlin v3.0.0
    Checking plane-split v0.18.0
    Checking uluru v3.1.0
    Checking ron v0.10.1
    Checking atomic_refcell v0.1.14
    Checking topological-sort v0.1.0
   Compiling biscuit-parser v0.2.0
    Checking ark-relations v0.5.1
    Checking digest v0.11.0-pre.10
    Checking prost v0.10.4
    Checking urlpattern v0.3.0
    Checking ipc-channel v0.21.0
    Checking keyboard-types v0.8.3
    Checking accountable-refcell v0.2.2
    Checking content-security-policy v0.8.0
    Checking block-buffer v0.9.0
    Checking digest v0.9.0
   Compiling equator-macro v0.4.2
   Compiling clear_on_drop v0.2.5
    Checking equator v0.4.2
    Checking sha2 v0.9.9
    Checking prost-types v0.10.1
    Checking ark-snark v0.5.1
   Compiling biscuit-quote v0.3.0
    Checking dregg-commit v0.1.0 (/tank/dregg-build/hcargo/commit)
    Checking solana-program-error v3.0.1
    Checking num-rational v0.4.2
   Compiling derivative v2.2.0
   Compiling aws-lc-rs v1.17.0
   Compiling ark-crypto-primitives-macros v0.5.0
    Checking dlib v0.5.3
    Checking compression-codecs v0.4.38
   Compiling rustls v0.23.41
    Checking rustls-webpki v0.103.13
    Checking biscuit-auth v6.0.0
    Checking aligned-vec v0.6.4
    Checking hmac v0.13.0-pre.5
    Checking sha2 v0.11.0-pre.5
    Checking dregg-macaroon v0.1.0 (/tank/dregg-build/hcargo/macaroon)
    Checking dregg-trace v0.1.0 (/tank/dregg-build/hcargo/trace)
    Checking scalable_cuckoo_filter v0.5.1
   Compiling pin-project-internal v1.1.13
    Checking nom v8.0.0
    Checking dregg-token v0.1.0 (/tank/dregg-build/hcargo/token)
    Checking lockstitch v0.29.0
    Checking bulletproofs v5.0.0
    Checking v_frame v0.3.9
    Checking async-compression v0.4.42
    Checking solana-nullable v1.3.0
    Checking enumflags2 v0.7.12
    Checking ark-bls12-381 v0.5.0
    Checking as-slice v0.2.1
    Checking aligned v0.4.3
    Checking dregg-cell-crypto v0.1.0 (/tank/dregg-build/hcargo/cell-crypto)
warning: unused import: `Verifier`
 --> cell-crypto/src/peer_exchange.rs:9:29
  |
9 | use ed25519_dalek::{Signer, Verifier};
  |                             ^^^^^^^^
  |
  = note: `#[warn(unused_imports)]` (part of `#[warn(unused)]`) on by default

warning: `dregg-cell-crypto` (lib) generated 1 warning
    Checking wayland-sys v0.31.11
    Checking dregg-captp v0.1.0 (/tank/dregg-build/hcargo/captp)
warning: method `true_outcome` is never used
   --> captp/src/fraud_proof.rs:112:8
    |
 90 | impl OwnerAnchoredFact {
    | ---------------------- method in this implementation
...
112 |     fn true_outcome(&self, receipt: &CustodyReceipt) -> CustodyOutcome {
    |        ^^^^^^^^^^^^
    |
    = note: `#[warn(dead_code)]` (part of `#[warn(unused)]`) on by default

warning: `dregg-captp` (lib) generated 1 warning
    Checking spin v0.10.0
   Compiling arg_enum_proc_macro v0.3.4
    Checking ark-crypto-primitives v0.5.0
    Checking ark-poly-commit v0.5.0
    Checking pin-project v1.1.13
    Checking no_std_io2 v0.9.4
    Checking solana-address v2.6.1
    Checking bitstream-io v4.10.0
    Checking av1-grain v0.2.5
    Checking maybe-rayon v0.1.1
   Compiling simd_helpers v0.1.0
    Checking av-scenechange v0.14.1
    Checking rustls-native-certs v0.8.4
    Checking tower v0.5.3
    Checking rav1e v0.8.1
    Checking tokio-rustls v0.26.4
    Checking webpki-roots v1.0.8
    Checking avif-serialize v0.8.9
    Checking dregg-hints v0.0.5 (/tank/dregg-build/hcargo/hints)
    Checking zune-core v0.5.1
    Checking tiff v0.10.3
    Checking dregg-turn v0.1.0 (/tank/dregg-build/hcargo/turn)
    Checking exr v1.74.0
    Checking ravif v0.12.0
    Checking zune-jpeg v0.5.15
    Checking moxcms v0.7.11
    Checking qoi v0.4.1
    Checking sha1 v0.10.6
    Checking png v0.18.1
    Checking hyper-rustls v0.27.9
    Checking h2 v0.3.27
warning: associated function `enforce_custom_proof_entry_binding` is never used
   --> turn/src/executor/proof_verify.rs:717:19
    |
177 | impl TurnExecutor {
    | ----------------- associated function in this implementation
...
717 |     pub(super) fn enforce_custom_proof_entry_binding(
    |                   ^^^^^^^^^^^^^^^^^^^^^^^^^^^^^^^^^^
    |
    = note: `#[warn(dead_code)]` (part of `#[warn(unused)]`) on by default

    Checking image v0.25.9
warning: `dregg-turn` (lib) generated 1 warning
   Compiling aho-corasick v1.1.4
    Checking socket2 v0.5.10
    Checking filetime v0.2.29
    Checking hyper v0.14.32
   Compiling async-trait v0.1.89
    Checking tikv-jemallocator v0.6.1
    Checking servo-allocator v0.1.0
    Checking solana-pubkey v4.2.0
    Checking solana-instruction-error v2.4.0
    Checking concurrent-queue v2.5.0
   Compiling servo-config-macro v0.1.0
    Checking solana-instruction v3.4.0
   Compiling strum_macros v0.26.4
    Checking servo-config v0.1.0
    Checking petgraph v0.7.1
    Checking ark-bn254 v0.5.0
    Checking bcs v0.1.6
    Checking o1-utils v0.7.0 (https://github.com/emberian/proof-systems?rev=c5305e63df5474c8cca81f7951264ea6aafe81db#c5305e63)
    Checking mina-curves v0.7.0 (https://github.com/emberian/proof-systems?rev=c5305e63df5474c8cca81f7951264ea6aafe81db#c5305e63)
    Checking solana-hash v4.4.0
   Compiling dregg-lean-ffi v0.1.0 (/tank/dregg-build/hcargo/dregg-lean-ffi)
    Checking wgpu-types v24.0.0
    Checking mina-poseidon v0.7.0 (https://github.com/emberian/proof-systems?rev=c5305e63df5474c8cca81f7951264ea6aafe81db#c5305e63)
    Checking event-listener v5.4.1
    Checking futures-lite v2.6.1
    Checking solana-sdk-ids v3.1.0
   Compiling spl-discriminator-syn v0.2.1
    Checking dregg-blocklace v0.1.0 (/tank/dregg-build/hcargo/blocklace)
    Checking p3-circle v0.5.1 (https://github.com/Plonky3/Plonky3?rev=82cfad73cd734d37a0d51953094f970c531817ec#82cfad73)
    Checking pbkdf2 v0.12.2
    Checking unicode-width v0.2.2
    Checking solana-account-info v3.1.1
    Checking p3-circuit-prover v0.1.0 (https://github.com/emberian/plonky3-recursion?rev=fc3c6df#fc3c6dfa)
   Compiling spl-discriminator-derive v0.2.0
    Checking strum v0.26.3
    Checking naga v24.0.0
    Checking event-listener-strategy v0.5.4
    Checking solana-sha256-hasher v3.1.0
   Compiling num_enum_derive v0.7.6
   Compiling unicase v2.9.0
   Compiling mime_guess v2.0.5
   Compiling solana-sdk-macro v3.0.1
    Checking wgpu-hal v24.0.4
    Checking wgpu-core v24.0.5
    Checking spl-discriminator v0.5.2
    Checking p3-recursion v0.1.0 (https://github.com/emberian/plonky3-recursion?rev=fc3c6df#fc3c6dfa)
    Checking solana-serialize-utils v3.1.2
    Checking tokio-stream v0.1.18
    Checking solana-zero-copy v1.2.0
    Checking polling v3.11.0
    Checking dregg-recursion-verify v0.1.0 (/tank/dregg-build/hcargo/recursion-verify)
    Checking wgpu v24.0.5
    Checking solana-sysvar-id v3.1.0
    Checking dregg-p3-pasta v0.1.0 (/tank/dregg-build/hcargo/circuit-prove/p3-pasta)
    Checking solana-zk-sdk-pod v0.1.2
    Checking num_enum v0.7.6
    Checking p3-bn254 v0.5.1 (https://github.com/Plonky3/Plonky3?rev=82cfad73cd734d37a0d51953094f970c531817ec#82cfad73)
    Checking instant v0.1.13
   Compiling itoa v1.0.18
    Checking solana-zk-elgamal-proof-interface v0.1.3
    Checking spl-type-length-value v0.9.1
    Checking solana-instructions-sysvar v3.0.1
    Checking solana-clock v3.1.1
    Checking solana-system-interface v3.2.0
    Checking async-channel v2.5.0
    Checking solana-borsh v3.0.2
    Checking headers-core v0.2.0
    Checking solana-curve25519 v4.0.1
   Compiling zmij v1.0.21
   Compiling cookie v0.16.2
   Compiling cookie v0.18.1
   Compiling async-io v2.6.0
    Checking base64 v0.21.7
    Checking headers v0.3.9
    Checking spl-token-confidential-transfer-proof-extraction v0.6.1
    Checking spl-token-metadata-interface v1.0.1
    Checking spl-token-group-interface v0.7.2
    Checking solana-rent v4.3.0
    Checking solana-program-pack v3.1.0
    Checking solana-serde-varint v3.0.1
   Compiling cfg_eval v0.1.2
    Checking xattr v1.6.1
    Checking headers-core v0.3.0
    Checking spl-token-2022-interface v3.1.1
    Checking solana-vote-interface v6.0.2
    Checking chrono v0.4.45
    Checking headers v0.4.1
    Checking tar v0.4.46
    Checking warp v0.3.7
    Checking solana-stake-interface v4.3.0
    Checking landlock v0.4.5
    Checking crypto-hermine v0.1.0 (/tank/dregg-build/hcargo/crypto-hermine)
    Checking piper v0.2.5
    Checking seccompiler v0.4.0
    Checking ordered-float v5.0.0
   Compiling servo-embedder-traits v0.1.0
    Checking dregg-firmament v0.1.0 (/tank/dregg-build/hcargo/sel4/dregg-firmament)
    Checking blocking v1.6.2
    Checking webdriver v0.53.0
    Checking dregg-federation v0.1.0 (/tank/dregg-build/hcargo/federation)
    Checking servo-hyper-serde v0.1.0
    Checking async-lock v3.4.2
    Checking tower-http v0.6.11
    Checking dregg-query v0.1.0 (/tank/dregg-build/hcargo/dregg-query)
   Compiling zvariant_utils v3.4.0
   Compiling x11-dl v2.21.0
    Checking starbridge-web-surface v0.1.0 (/tank/dregg-build/hcargo/starbridge-web-surface)
warning: unused imports: `AuthRequired` and `Credential`
  --> starbridge-web-surface/src/affordance.rs:62:18
   |
62 | use dregg_cell::{AuthRequired, Credential, Requirement};
   |                  ^^^^^^^^^^^^  ^^^^^^^^^^
   |
   = note: `#[warn(unused_imports)]` (part of `#[warn(unused)]`) on by default

    Checking async-signal v0.2.14
    Checking async-executor v1.14.0
warning: variable does not need to be mutable
   --> starbridge-web-surface/src/indexer.rs:216:9
    |
216 |     let mut push = |c: &String, seen: &mut BTreeSet<String>, out: &mut Vec<String>| {
    |         ----^^^^
    |         |
    |         help: remove this `mut`
    |
    = note: `#[warn(unused_mut)]` (part of `#[warn(unused)]`) on by default

warning: `starbridge-web-surface` (lib) generated 2 warnings (run `cargo fix --lib -p starbridge-web-surface` to apply 2 suggestions)
    Checking dregg-coord v0.1.0 (/tank/dregg-build/hcargo/coord)
   Compiling surfman v0.11.0
    Checking async-process v2.5.0 (https://github.com/zed-industries/async-process.git?rev=0b6d6713570af61806e1e5cb40e0f757cb93fd9d#0b6d6713)
   Compiling zvariant_derive v5.12.0
    Checking ahash v0.7.8
    Checking fhegg-solver v0.1.0 (/tank/dregg-build/hcargo/fhegg-solver)
    Checking dregg-payable v0.1.0 (/tank/dregg-build/hcargo/dregg-payable)
    Checking dregg-dsl-tests v0.1.0 (/tank/dregg-build/hcargo/dregg-dsl-tests)
    Checking starbridge-polis v0.1.0 (/tank/dregg-build/hcargo/starbridge-apps/polis)
   Compiling quick-xml v0.39.4
   Compiling bstr v1.12.2
   Compiling serde_spanned v1.1.1
   Compiling toml v1.1.2+spec-1.1.0
    Checking hashbrown v0.12.3
    Checking parking_lot_core v0.8.6
    Checking axum-core v0.5.6
    Checking parking_lot v0.11.2
    Checking lru v0.7.8
    Checking reqwest v0.12.28
    Checking axum v0.8.9
    Checking groupmap v0.7.0 (https://github.com/emberian/proof-systems?rev=c5305e63df5474c8cca81f7951264ea6aafe81db#c5305e63)
    Checking futures-executor v0.3.32
   Compiling servo-tracing v0.1.0
    Checking itertools v0.12.1
    Checking dpi v0.1.2
    Checking poly-commitment v0.7.0 (https://github.com/emberian/proof-systems?rev=c5305e63df5474c8cca81f7951264ea6aafe81db#c5305e63)
    Checking futures v0.3.32
    Checking reed-solomon-erasure v6.0.0
   Compiling async-recursion v1.1.1
    Checking bytes-utils v0.1.4
   Compiling zvariant v5.12.0
    Checking aws-smithy-types v1.5.0
    Checking dregg-storage v0.1.0 (/tank/dregg-build/hcargo/storage)
   Compiling libz-sys v1.1.29
    Checking font-types v0.10.1
    Checking winnow v1.0.3
    Checking read-fonts v0.35.0
    Checking icu_locid_transform v1.5.0
   Compiling zbus_names v4.3.2
    Checking aes v0.8.4
    Checking endi v1.1.1
    Checking byte-slice-cast v1.2.3
    Checking yeslogic-fontconfig-sys v6.0.1
    Checking aws-smithy-async v1.2.14
   Compiling aws-smithy-runtime-api-macros v1.0.0
   Compiling naga v26.0.0
    Checking num-iter v0.1.45
    Checking same-file v1.0.6
   Compiling option-ext v0.2.0
   Compiling dirs-sys v0.5.0
    Checking walkdir v2.5.0
   Compiling clang-sys v1.8.1
    Checking aws-smithy-runtime-api v1.12.3
    Checking codespan-reporting v0.12.0
    Checking gpui_util v0.1.0 (https://github.com/emberian/zed?rev=adb9026524#adb90265)
    Checking cbc v0.1.2
    Checking kurbo v0.12.0
   Compiling serde_repr v0.1.20
   Compiling cexpr v0.6.0
   Compiling wayland-backend v0.3.15
   Compiling wgpu-hal v26.0.6
   Compiling bindgen v0.72.1
   Compiling ar_archive_writer v0.5.2
    Checking collections v0.1.0 (https://github.com/emberian/zed?rev=adb9026524#adb90265)
    Checking icu_properties v1.5.1
   Compiling dirs v6.0.0
    Checking wgpu-types v26.0.0
   Compiling ref-cast-impl v1.0.25
   Compiling serde_derive_internals v0.29.1
   Compiling nix v0.31.3
   Compiling num-complex v0.2.4
    Checking ref-cast v1.0.25
   Compiling shellexpand v3.1.2
   Compiling psm v0.1.31
   Compiling zbus_macros v5.16.0
   Compiling schemars_derive v1.2.1
   Compiling rust-embed-utils v8.11.0
   Compiling wayland-scanner v0.31.10
    Checking async-fs v2.2.0
    Checking async-broadcast v0.7.2
    Checking lyon_geom v1.0.19
   Compiling wgpu-core v26.0.1
   Compiling naga v29.0.3 (https://github.com/zed-industries/wgpu.git?rev=357a0c56e0070480ad9daea5d2eaa83150b79e88#357a0c56)
   Compiling nix v0.29.0
    Checking ordered-stream v0.2.0
   Compiling pathfinder_simd v0.5.6 (/tank/dregg-build/hcargo/starbridge-v2/vendor/pathfinder_simd)
    Checking bit-vec v0.9.1
    Checking ordermap v0.3.5
    Checking fixedbitset v0.1.9
    Checking linux-raw-sys v0.4.15
    Checking event-listener v2.5.3
    Checking async-channel v1.9.0
    Checking rustix v0.38.44
    Checking schemars v1.2.1
    Checking petgraph v0.4.13
    Checking wayland-client v0.31.14
    Checking zbus v5.16.0
    Checking bit-set v0.9.1
    Checking lyon_path v1.0.19
   Compiling rust-embed-impl v8.11.0
    Checking wgpu-core-deps-windows-linux-android v26.0.0
   Compiling zbus_xml v5.1.1
    Checking async-global-executor v2.4.1
    Checking async-net v2.0.0
    Checking codespan-reporting v0.13.1
    Checking sharded-slab v0.1.7
   Compiling servo-media-derive v0.1.0
    Checking matchers v0.2.0
   Compiling phf_shared v0.11.3
    Checking gethostname v1.1.0
   Compiling stacker v0.1.24
    Checking tracing-log v0.2.0
    Checking spirv v0.4.0+sdk-1.4.341.0
    Checking kv-log-macro v1.0.7
    Checking thread_local v1.1.9
    Checking nu-ansi-term v0.50.3
    Checking fastrand v1.9.0
    Checking speexdsp-resampler v0.1.0
   Compiling rustls v0.21.12
   Compiling diplomat_core v0.8.1
    Checking x11rb v0.13.2
    Checking futures-lite v1.13.0
    Checking tracing-subscriber v0.3.23
    Checking async-std v1.13.2
   Compiling phf_generator v0.11.3
    Checking rust-embed v8.11.0
    Checking smol v2.0.2
   Compiling zbus-lockstep v0.5.2
    Checking command-fds v0.3.3
    Checking which v6.0.3
    Checking serde_json_lenient v0.2.4
    Checking zlog v0.1.0 (https://github.com/emberian/zed?rev=adb9026524#adb90265)
   Compiling embed-resource v3.0.9
    Checking async_zip v0.0.18
    Checking rustls-webpki v0.101.7
    Checking sct v0.7.1
    Checking wgpu-types v29.0.3 (https://github.com/zed-industries/wgpu.git?rev=357a0c56e0070480ad9daea5d2eaa83150b79e88#357a0c56)
    Checking font-types v0.11.3
    Checking calendrical_calculations v0.1.3
   Compiling crossbeam-epoch v0.9.20
   Compiling fontsan-woff2 v0.1.1
    Checking hash32 v0.3.1
   Compiling wgpu-hal v29.0.3 (https://github.com/zed-industries/wgpu.git?rev=357a0c56e0070480ad9daea5d2eaa83150b79e88#357a0c56)
    Checking nanorand v0.7.0
    Checking xattr v0.2.3
    Checking wait-timeout v0.2.1
    Checking dunce v1.0.5
    Checking quick-error v1.2.3
    Checking shlex v1.3.0
    Checking lyon_tessellation v1.0.20
    Checking util v0.1.0 (https://github.com/emberian/zed?rev=adb9026524#adb90265)
    Checking rusty-fork v0.3.1
    Checking ztracing v0.1.0 (https://github.com/emberian/zed?rev=adb9026524#adb90265)
    Checking gpu-allocator v0.28.0
    Checking wgpu-naga-bridge v29.0.3 (https://github.com/zed-industries/wgpu.git?rev=357a0c56e0070480ad9daea5d2eaa83150b79e88#357a0c56)
    Checking async-tar v0.5.1
    Checking flume v0.11.1
    Checking heapless v0.9.3
   Compiling proptest-macro v0.5.0 (https://github.com/proptest-rs/proptest?rev=3dca198a8fef1b32e3a66f1e1897c955b4dc5b5b#3dca198a)
    Checking icu_calendar v1.5.2
   Compiling crossbeam-deque v0.8.6
    Checking read-fonts v0.37.0
   Compiling diplomat v0.8.0
   Compiling gpui v0.2.2 (https://github.com/emberian/zed?rev=adb9026524#adb90265)
    Checking pathfinder_geometry v0.5.1
   Compiling mozjs_sys v0.140.8-2
   Compiling zbus-lockstep-macros v0.5.2
   Compiling perf v0.1.0 (https://github.com/emberian/zed?rev=adb9026524#adb90265)
    Checking lyon_algorithms v1.0.20
    Checking icu_provider_adapters v1.5.0
   Compiling derive_refineable v0.1.0 (https://github.com/emberian/zed?rev=adb9026524#adb90265)
   Compiling stacksafe-macro v0.1.4
   Compiling strum_macros v0.27.2
    Checking rand_xorshift v0.4.0
    Checking crossbeam-queue v0.3.12
    Checking glow v0.17.0
   Compiling getrandom v0.1.16
    Checking pollster v0.2.5
    Checking icu_capi v1.5.0
    Checking proptest v1.10.0 (https://github.com/proptest-rs/proptest?rev=3dca198a8fef1b32e3a66f1e1897c955b4dc5b5b#3dca198a)
    Checking postage v0.5.0
    Checking refineable v0.1.0 (https://github.com/emberian/zed?rev=adb9026524#adb90265)
    Checking stacksafe v0.1.4
    Checking lyon v1.0.19
    Checking atspi-common v0.13.0
   Compiling util_macros v0.1.0 (https://github.com/emberian/zed?rev=adb9026524#adb90265)
    Checking strum v0.27.2
    Checking tokio-rustls v0.24.1
   Compiling ignore v0.4.26
    Checking sum_tree v0.1.0 (https://github.com/emberian/zed?rev=adb9026524#adb90265)
    Checking http_client v0.1.0 (https://github.com/emberian/zed?rev=adb9026524#adb90265)
    Checking scheduler v0.1.0 (https://github.com/emberian/zed?rev=adb9026524#adb90265)
    Checking gpui_shared_string v0.1.0 (https://github.com/emberian/zed?rev=adb9026524#adb90265)
   Compiling phf_codegen v0.11.3
   Compiling string_cache_codegen v0.5.4
    Checking encoding_c_mem v0.2.6
    Checking encoding_c v0.9.8
    Checking wayland-protocols v0.32.13
    Checking aws-smithy-schema v0.1.0
    Checking skrifa v0.37.0
    Checking aws-smithy-eventstream v0.60.20
   Compiling fontsan v0.6.1
    Checking futures-concurrency v7.7.1
    Checking ctr v0.9.2
   Compiling gpui_macros v0.1.0 (https://github.com/emberian/zed?rev=adb9026524#adb90265)
   Compiling harfbuzz-sys v0.6.1
   Compiling wgpu-core v29.0.3 (https://github.com/zed-industries/wgpu.git?rev=357a0c56e0070480ad9daea5d2eaa83150b79e88#357a0c56)
   Compiling js_int v0.2.2
   Compiling ruma-identifiers-validation v0.12.1
   Compiling globwalk v0.8.1
    Checking aws-smithy-http v0.63.6
   Compiling markup5ever v0.12.1
    Checking hyper-rustls v0.24.2
    Checking wgpu-core-deps-windows-linux-android v29.0.3 (https://github.com/zed-industries/wgpu.git?rev=357a0c56e0070480ad9daea5d2eaa83150b79e88#357a0c56)
    Checking skrifa v0.40.0
    Checking aws-credential-types v1.2.14
    Checking rustls-platform-verifier v0.6.2
   Compiling toml_datetime v0.6.11
   Compiling serde_spanned v0.6.9
   Compiling wgpu v29.0.3 (https://github.com/zed-industries/wgpu.git?rev=357a0c56e0070480ad9daea5d2eaa83150b79e88#357a0c56)
   Compiling num-bigint-dig v0.8.6
   Compiling toml_write v0.1.2
   Compiling num-bigint-dig v0.9.1
   Compiling ruma-macros v0.19.0
    Checking swash v0.2.9
   Compiling zed-font-kit v0.14.1-zed (https://github.com/zed-industries/font-kit?rev=94b0f28166665e8fd2f53ff6d268a14955c82269#94b0f281)
   Compiling toml_edit v0.22.27
    Checking rand_core v0.5.1
    Checking aws-smithy-http-client v1.1.13
    Checking mozjs v0.15.7
    Checking konst v0.4.3
    Checking string_cache v0.8.9
    Checking phf v0.11.3
    Checking atspi-proxies v0.13.0
    Checking harfrust v0.5.2
    Checking aws-smithy-observability v0.2.6
    Checking accesskit_consumer v0.36.0
    Checking serde_html_form v0.4.0
   Compiling arc-swap v1.9.1
    Checking is-docker v0.2.0
    Checking num-complex v0.4.6
   Compiling unsafe-libyaml v0.2.11
    Checking as_variant v1.3.0
   Compiling ryu v1.0.23
    Checking utf8parse v0.2.2
    Checking ruma-common v0.19.0
    Checking cosmic-text v0.19.0
    Checking pulldown-cmark v0.13.4
    Checking anstyle-parse v1.0.0
   Compiling serde_yaml v0.9.34+deprecated
   Compiling triomphe v0.1.15
    Checking num v0.4.3
    Checking is-wsl v0.4.0
    Checking accesskit_atspi_common v0.18.1
    Checking aws-smithy-runtime v1.11.3
    Checking atspi v0.29.0
    Checking rand_chacha v0.2.2
    Checking aws-types v1.3.16
   Compiling toml v0.8.23
    Checking xim-parser v0.2.1 (https://github.com/zed-industries/xim-rs.git?rev=16f35a2c881b815a2b6cdfd6687988e84f8447d8#16f35a2c)
    Checking aws-sigv4 v1.4.2
    Checking ashpd v0.13.11
   Compiling libsqlite3-sys v0.35.0
   Compiling servo-script-bindings v0.1.0
   Compiling tree-sitter v0.26.9
    Checking calloop v0.14.4
    Checking html5ever v0.39.0
    Checking pkcs1 v0.7.5
    Checking xim-ctext v0.3.0 (https://github.com/zed-industries/xim-rs.git?rev=16f35a2c881b815a2b6cdfd6687988e84f8447d8#16f35a2c)
    Checking filedescriptor v0.8.3
    Checking color v0.3.3
    Checking md-5 v0.10.6
   Compiling html5ever v0.27.0
   Compiling itertools v0.11.0
    Checking js_option v0.2.0
   Compiling fst v0.4.7
    Checking colorchoice v1.0.5
    Checking is_terminal_polyfill v1.70.2
    Checking anstyle-query v1.1.5
    Checking open v5.3.5
    Checking anstream v1.0.0
   Compiling wasm-bindgen-macro-support v0.2.126
   Compiling rust-i18n-support v4.1.0
    Checking xkbcommon v0.8.0
    Checking ruma-events v0.34.0
    Checking peniko v0.5.0
    Checking oo7 v0.6.0
    Checking rsa v0.9.10
    Checking zed-xim v0.4.0-zed (https://github.com/zed-industries/xim-rs.git?rev=16f35a2c881b815a2b6cdfd6687988e84f8447d8#16f35a2c)
    Checking calloop-wayland-source v0.4.1
    Checking aws-runtime v1.7.2
    Checking gpui_wgpu v0.1.0 (https://github.com/emberian/zed?rev=adb9026524#adb90265)
    Checking rand v0.7.3
    Checking accesskit_unix v0.21.1
   Compiling rust-i18n v4.1.0
    Checking wayland-protocols-wlr v0.3.12
    Checking wayland-protocols-plasma v0.3.12
    Checking aws-smithy-json v0.62.7
    Checking x11-clipboard v0.9.3
    Checking tungstenite v0.29.0
    Checking wayland-cursor v0.31.14
   Compiling mozangle v0.5.5
    Checking p384 v0.13.1
    Checking polyval v0.6.2
    Checking fearless_simd v0.3.0
    Checking rand_xoshiro v0.7.0
   Compiling tree-sitter-toml-ng v0.7.0
   Compiling tree-sitter-rust v0.24.2
   Compiling tree-sitter-md v0.5.3
   Compiling tree-sitter-json v0.24.8
    Checking inotify-sys v0.1.5
   Compiling iana-time-zone v0.1.65
   Compiling heck v0.4.1
    Checking base62 v2.2.4
    Checking base64 v0.12.3
    Checking ruma-client-api v0.24.0
    Checking textnonce v1.0.0
   Compiling sea-query-derive v1.0.0
    Checking imbl v6.1.0
    Checking inotify v0.10.2
    Checking vello_common v0.0.4
    Checking ghash v0.5.1
   Compiling wasm-bindgen-macro v0.2.126
    Checking gpui_linux v0.1.0 (https://github.com/emberian/zed?rev=adb9026524#adb90265)
    Checking async-tungstenite v0.34.1
   Compiling rust-i18n-macro v4.1.0
    Checking xml5ever v0.18.1
    Checking notify-types v1.0.1
    Checking nom-language v0.1.0
    Checking xml5ever v0.39.0
   Compiling prost-derive v0.14.4
    Checking inout v0.2.2
    Checking quick_cache v0.6.23
    Checking hashlink v0.10.0
   Compiling asn1-rs-impl v0.2.0
   Compiling enum-iterator-derive v1.5.0
   Compiling inherent v1.0.13
   Compiling servo-deny-public-fields v0.1.0
   Compiling servo-jstraceable-derive v0.1.0
   Compiling asn1-rs-derive v0.5.1
   Compiling servo-dom-struct v0.1.0
   Compiling matrix-pickle-derive v0.2.2
   Compiling glsl v6.0.2
    Checking fluent-uri v0.1.4
   Compiling const_format_proc_macros v0.2.34
    Checking password-hash v0.5.0
   Compiling include_dir_macros v0.7.4
    Checking hybrid-array v0.3.1
    Checking imsz v0.4.1
    Checking buf-read-ext v0.4.0
   Compiling servo-script v0.1.0
    Checking mime-multipart-hyper1 v0.10.0
    Checking rusqlite v0.37.0
   Compiling gpui-component v0.5.2 (https://github.com/emberian/gpui-component?rev=498321a4#498321a4)
    Checking zed-sum-tree v0.2.0
    Checking markdown v1.0.0
    Checking ml-dsa v0.0.4
   Compiling include_dir v0.7.4
    Checking argon2 v0.5.3
    Checking const_format v0.2.36
    Checking lsp-types v0.97.0
    Checking matrix-pickle v0.2.2
   Compiling glsl-to-cxx v0.68.0
warning: dregg-lean-ffi@0.1.0: dregg-lean-ffi: splicing the Dregg2.FFI boundary closure — 347 of 706 emitted Dregg2 C facets (359 off-closure proof modules not shipped in the runtime archive).
warning: dregg-lean-ffi@0.1.0: dregg-lean-ffi: compiling 347 changed Dregg2 C facet(s) via 4 bounded leanc worker(s) …
warning: dregg-lean-ffi@0.1.0: dregg-lean-ffi: leanc stderr: /tank/dregg-build/hcargo/metatheory/.lake/build/ir/Dregg2/Games/PathOfAngels/CrewSigningVectors.c:36:167: warning: implicit truncation from 'unsigned long' to bit-field changes value from 98768 to 33232 [-Wbitfield-constant-conversion]
warning: dregg-lean-ffi@0.1.0: dregg-lean-ffi: leanc stderr: 1 warning generated.
warning: dregg-lean-ffi@0.1.0: dregg-lean-ffi: spliced 347 Dregg2 objects into /tank/dregg-build/hcargo/target/debug/build/dregg-lean-ffi-84c1032cc8000b19/out/libdregg_lean.a (3295 total members).
warning: dregg-lean-ffi@0.1.0: dregg-lean-ffi: closure pass 0: compiling 8 dependency object(s) via 4 bounded leanc worker(s) …
warning: dregg-lean-ffi@0.1.0: dregg-lean-ffi: closure pass 0: added 8 dependency object(s).
warning: dregg-lean-ffi@0.1.0: dregg-lean-ffi: closure pass 1: compiling 11 dependency object(s) via 4 bounded leanc worker(s) …
warning: dregg-lean-ffi@0.1.0: dregg-lean-ffi: closure pass 1: added 11 dependency object(s).
warning: dregg-lean-ffi@0.1.0: dregg-lean-ffi: closure pass 2: compiling 3 dependency object(s) via 4 bounded leanc worker(s) …
warning: dregg-lean-ffi@0.1.0: dregg-lean-ffi: closure pass 2: added 3 dependency object(s).
warning: dregg-lean-ffi@0.1.0: dregg-lean-ffi: closure pass 3: compiling 2 dependency object(s) via 4 bounded leanc worker(s) …
warning: dregg-lean-ffi@0.1.0: dregg-lean-ffi: closure pass 3: added 2 dependency object(s).
warning: dregg-lean-ffi@0.1.0: dregg-lean-ffi: closure pass 4: compiling 1 dependency object(s) via 4 bounded leanc worker(s) …
warning: dregg-lean-ffi@0.1.0: dregg-lean-ffi: closure pass 4: added 1 dependency object(s).
warning: dregg-lean-ffi@0.1.0: dregg-lean-ffi: closure pass 5: compiling 2 dependency object(s) via 4 bounded leanc worker(s) …
warning: dregg-lean-ffi@0.1.0: dregg-lean-ffi: closure pass 5: added 2 dependency object(s).
warning: dregg-lean-ffi@0.1.0: dregg-lean-ffi: closure pass 6: compiling 1 dependency object(s) via 4 bounded leanc worker(s) …
warning: dregg-lean-ffi@0.1.0: dregg-lean-ffi: closure pass 6: added 1 dependency object(s).
warning: dregg-lean-ffi@0.1.0: dregg-lean-ffi: archive GC pruned 1 unreachable dependency object(s) (kept 3322 reachable from the `dregg_*` exports).
    Checking asn1-rs v0.6.2
warning: struct `AuthenticatedJournalRecord` is never constructed
   --> dregg-lean-ffi/src/poa_bazaar_restart_portal.rs:186:19
    |
186 | pub(crate) struct AuthenticatedJournalRecord {
    |                   ^^^^^^^^^^^^^^^^^^^^^^^^^^
    |
    = note: `#[warn(dead_code)]` (part of `#[warn(unused)]`) on by default

warning: associated function `open_bound` is never used
   --> dregg-lean-ffi/src/poa_bazaar_restart_portal.rs:377:19
    |
346 | impl DurableBazaarHeadStore {
    | --------------------------- associated function in this implementation
...
377 |     pub(crate) fn open_bound(
    |                   ^^^^^^^^^^

warning: method `load_authenticated_journal_records` is never used
    --> dregg-lean-ffi/src/poa_bazaar_restart_portal.rs:1096:19
     |
1095 | impl DurableBazaarHeadStore {
     | --------------------------- method in this implementation
1096 |     pub(crate) fn load_authenticated_journal_records(
     |                   ^^^^^^^^^^^^^^^^^^^^^^^^^^^^^^^^^^

warning: function `lean_storage_content_root` is never used
    --> dregg-lean-ffi/src/lib.rs:2109:12
     |
2109 |     pub fn lean_storage_content_root(wire: &str) -> Result<String, String> {
     |            ^^^^^^^^^^^^^^^^^^^^^^^^^

warning: function `dregg_storage_content_root_str` is never used
    --> dregg-lean-ffi/src/lib.rs:1808:12
     |
1808 |         fn dregg_storage_content_root_str(
     |            ^^^^^^^^^^^^^^^^^^^^^^^^^^^^^^

warning: `dregg-lean-ffi` (lib) generated 5 warnings
    Checking dregg-circuit-prove v0.1.0 (/tank/dregg-build/hcargo/circuit-prove)
    Checking sea-query v1.0.0-rc.31
warning: unused import: `ProgramRegistry`
  --> circuit-prove/src/custom_proof_bind.rs:78:48
   |
78 | use dregg_circuit::dsl::circuit::{CellProgram, ProgramRegistry};
   |                                                ^^^^^^^^^^^^^^^
   |
   = note: `#[warn(unused_imports)]` (part of `#[warn(unused)]`) on by default

warning: unused import: `CLAIM_VPRIME`
   --> circuit-prove/src/mina_kimchi_verifier_gadget.rs:218:38
    |
218 | use crate::mina_wrap_finalize_fold::{CLAIM_VPRIME, FINALIZE_CLAIM_LEN, SK, endo_lift_descriptor};
    |                                      ^^^^^^^^^^^^

warning: unused import: `nums`
  --> circuit-prove/src/mina_pasta_fixture_suite.rs:61:70
   |
61 |     EF, F, FixtureHashSuite, FixtureTranscript, arr, ef_json, f_u32, nums,
   |                                                                      ^^^^

warning: unused import: `CanSample`
  --> circuit-prove/src/mina_pasta_fixture_suite.rs:64:36
   |
64 |     CanFinalizeDigest, CanObserve, CanSample, CanSampleBits, FieldChallenger, GrindingChallenger,
   |                                    ^^^^^^^^^

warning: unused import: `dregg_circuit::exact_nullifier_aafi::Digest8`
  --> circuit-prove/src/shielded/wide_value_binding.rs:71:5
   |
71 | use dregg_circuit::exact_nullifier_aafi::Digest8;
   |     ^^^^^^^^^^^^^^^^^^^^^^^^^^^^^^^^^^^^^^^^^^^^

    Checking enum-iterator v2.3.0
    Checking prost v0.14.4
    Checking nom-rfc8288 v0.4.0
    Checking notify v7.0.0
    Checking wasm-bindgen v0.2.126
    Checking markup5ever_rcdom v0.3.0
    Checking gpui_platform v0.1.0 (https://github.com/emberian/zed?rev=adb9026524#adb90265)
    Checking aes-gcm v0.10.3
   Compiling servo-devtools v0.1.0
    Checking vello_cpu v0.0.4
    Checking eyeball-im v0.8.0
    Checking ruma v0.16.0
    Checking gpui-component-assets v0.5.1 (https://github.com/emberian/gpui-component?rev=498321a4#498321a4)
    Checking ocb3 v0.1.0
    Checking aes-kw v0.2.1
    Checking p521 v0.13.3
    Checking block-buffer v0.12.1
    Checking chardetng v0.1.17
    Checking readlock-tokio v0.1.6
   Compiling parity-scale-codec-derive v3.7.5
   Compiling derive_more-impl v1.0.0
warning: function `prove_zk` is never used
   --> circuit-prove/src/private_book_bfv_terminal.rs:327:4
    |
327 | fn prove_zk(
    |    ^^^^^^^^
    |
    = note: `#[warn(dead_code)]` (part of `#[warn(unused)]`) on by default

warning: function `verify_zk` is never used
   --> circuit-prove/src/private_book_bfv_terminal.rs:347:4
    |
347 | fn verify_zk(
    |    ^^^^^^^^^

warning: `dregg-circuit-prove` (lib) generated 7 warnings (run `cargo fix --lib -p dregg-circuit-prove` to apply 5 suggestions)
    Checking dregg-turn-prover v0.1.0 (/tank/dregg-build/hcargo/turn-prover)
    Checking dregg-lightclient v0.1.0 (/tank/dregg-build/hcargo/lightclient)
    Checking dregg-bridge v0.1.0 (/tank/dregg-build/hcargo/bridge)
warning: unused import: `StripePaymentAttestation`
  --> bridge/src/stripe_deco.rs:83:43
   |
83 |     StripeMirrorError, StripeMirrorState, StripePaymentAttestation, StripeWebhookEvent,
   |                                           ^^^^^^^^^^^^^^^^^^^^^^^^
   |
   = note: `#[warn(unused_imports)]` (part of `#[warn(unused)]`) on by default

warning: `dregg-bridge` (lib) generated 1 warning (run `cargo fix --lib -p dregg-bridge` to apply 1 suggestion)
    Checking dregg-intent v0.1.0 (/tank/dregg-build/hcargo/intent)
    Checking dregg-exec-lean v0.1.0 (/tank/dregg-build/hcargo/exec-lean)
    Checking dregg-sdk v0.1.0 (/tank/dregg-build/hcargo/sdk)
warning: unused import: `dregg_circuit::poseidon2`
    --> sdk/src/cipherclerk.rs:4592:13
     |
4592 |         use dregg_circuit::poseidon2;
     |             ^^^^^^^^^^^^^^^^^^^^^^^^
     |
     = note: `#[warn(unused_imports)]` (part of `#[warn(unused)]`) on by default

warning: unnecessary parentheses around function argument
   --> sdk/src/factories.rs:212:17
    |
212 |                 (0),
    |                 ^ ^
    |
    = note: `#[warn(unused_parens)]` (part of `#[warn(unused)]`) on by default
help: remove these parentheses
    |
212 -                 (0),
212 +                 0,
    |

warning: unnecessary parentheses around function argument
   --> sdk/src/flashwell.rs:145:17
    |
145 |                 (0),
    |                 ^ ^
    |
help: remove these parentheses
    |
145 -                 (0),
145 +                 0,
    |

warning: unnecessary parentheses around function argument
   --> sdk/src/polis.rs:128:21
    |
128 |                     (0),
    |                     ^ ^
    |
help: remove these parentheses
    |
128 -                     (0),
128 +                     0,
    |

warning: unnecessary parentheses around function argument
   --> sdk/src/trustline.rs:190:17
    |
190 |                 (0),
    |                 ^ ^
    |
help: remove these parentheses
    |
190 -                 (0),
190 +                 0,
    |

warning: `dregg-sdk` (lib) generated 5 warnings (run `cargo fix --lib -p dregg-sdk` to apply 5 suggestions)
    Checking dregg-app-framework v0.1.0 (/tank/dregg-build/hcargo/app-framework)
warning: unused imports: `Credential` and `is_attenuation`
  --> app-framework/src/affordance.rs:52:45
   |
52 | use dregg_cell::{AuthRequired, CellProgram, Credential, Requirement, is_attenuation};
   |                                             ^^^^^^^^^^               ^^^^^^^^^^^^^^
   |
   = note: `#[warn(unused_imports)]` (part of `#[warn(unused)]`) on by default

warning: unused imports: `Credential` and `Requirement`
   --> app-framework/src/deos_app.rs:103:18
    |
103 | use dregg_cell::{Credential, Requirement};
    |                  ^^^^^^^^^^  ^^^^^^^^^^^

warning: unused import: `Verifier`
   --> app-framework/src/inbox_endpoint.rs:269:36
    |
269 |     use ed25519_dalek::{Signature, Verifier, VerifyingKey};
    |                                    ^^^^^^^^

warning: unused imports: `Credential` and `Requirement`
  --> app-framework/src/optimistic_fire.rs:56:18
   |
56 | use dregg_cell::{Credential, Requirement};
   |                  ^^^^^^^^^^  ^^^^^^^^^^^

warning: unused imports: `Credential` and `Requirement`
  --> app-framework/src/rehydration.rs:44:18
   |
44 | use dregg_cell::{Credential, Requirement};
   |                  ^^^^^^^^^^  ^^^^^^^^^^^

warning: unused import: `AuthRequired`
  --> app-framework/src/scaffold.rs:53:18
   |
53 | use dregg_cell::{AuthRequired, Requirement};
   |                  ^^^^^^^^^^^^

warning: unused imports: `Credential` and `Requirement`
  --> app-framework/src/server.rs:57:18
   |
57 | use dregg_cell::{Credential, Requirement};
   |                  ^^^^^^^^^^  ^^^^^^^^^^^

warning: unused imports: `Credential` and `Requirement`
  --> app-framework/src/starbridge.rs:79:18
   |
79 | use dregg_cell::{Credential, Requirement};
   |                  ^^^^^^^^^^  ^^^^^^^^^^^

warning: unused imports: `Credential` and `Requirement`
  --> app-framework/src/stark_rehydrate.rs:73:18
   |
73 | use dregg_cell::{Credential, Requirement};
   |                  ^^^^^^^^^^  ^^^^^^^^^^^

warning: unused import: `Credential`
  --> app-framework/src/transclude_affordance.rs:62:40
   |
62 | use dregg_cell::{AuthRequired, CellId, Credential, Requirement};
   |                                        ^^^^^^^^^^

warning: unused imports: `Credential` and `Requirement`
  --> app-framework/src/webgen.rs:33:18
   |
33 | use dregg_cell::{Credential, Requirement};
   |                  ^^^^^^^^^^  ^^^^^^^^^^^

warning: `dregg-app-framework` (lib) generated 11 warnings (run `cargo fix --lib -p dregg-app-framework` to apply 11 suggestions)
   Compiling gpui-component-macros v0.5.1 (https://github.com/emberian/gpui-component?rev=498321a4#498321a4)
   Compiling impl-trait-for-tuples v0.2.3
   Compiling memoffset v0.6.5
    Checking swapper v0.1.0
    Checking eyeball v0.8.8
    Checking derive_more v1.0.0
    Checking cipher v0.5.2
    Checking matrix-sdk-common v0.18.0
    Checking js-sys v0.3.103
   Compiling swgl v0.68.0
    Checking vodozemac v0.10.0
    Checking sea-query-rusqlite v0.8.0-rc.15
   Compiling aquamarine v0.6.0
    Checking universal-hash v0.6.1
    Checking dregg-doc v0.1.0 (/tank/dregg-build/hcargo/dregg-doc)
warning: unused import: `Pin`
  --> dregg-doc/src/substrate.rs:40:93
   |
40 | use crate::composition::{AtomContent as EmbedAtomContent, ChildRef, EmbedRole, LayoutGraph, Pin};
   |                                                                                             ^^^
   |
   = note: `#[warn(unused_imports)]` (part of `#[warn(unused)]`) on by default

warning: `dregg-doc` (lib) generated 1 warning (run `cargo fix --lib -p dregg-doc` to apply 1 suggestion)
    Checking aws-smithy-query v0.60.15
    Checking ulid v1.2.1
   Compiling scale-info-derive v2.11.6
    Checking env_filter v1.0.1
    Checking termios v0.2.2
    Checking gaol v0.2.1
    Checking ioctl-rs v0.1.6
    Checking serial-core v0.4.0
    Checking jiff v0.2.29
    Checking xxhash-rust v0.8.15
    Checking xi-unicode v0.3.0
    Checking unicode_categories v0.1.1
    Checking growable-bloom-filter v2.1.1
    Checking env_logger v0.11.10
    Checking ciborium-ll v0.2.2
    Checking serial-unix v0.4.0
    Checking matrix-sdk-crypto v0.18.0
    Checking parity-scale-codec v3.7.5
    Checking aws-sdk-sts v1.102.0
    Checking polyval v0.7.1
    Checking wasm-bindgen-futures v0.4.76
    Checking scale-info v2.11.6
    Checking oid-registry v0.7.1
    Checking der-parser v9.0.0
    Checking aws-sdk-sso v1.97.0
    Checking aws-sdk-ssooidc v1.99.0
    Checking reqwest v0.13.4
    Checking arboard v3.6.1
    Checking oauth2 v5.0.0
    Checking matrix-sdk-store-encryption v0.18.0
    Checking deos-reflect v0.1.0 (/tank/dregg-build/hcargo/deos-reflect)
    Checking serde-human-bytes v0.1.3
    Checking deos-js-core v0.1.0 (/tank/dregg-build/hcargo/deos-js-core)
    Checking dcap-qvl-webpki v0.103.4+dcap.1
    Checking x509-cert v0.2.5
   Compiling async-stream-impl v0.3.6
    Checking unicode-normalization v0.1.25
    Checking winnow v0.7.15
    Checking strsim v0.11.1
    Checking clap_builder v4.6.0
    Checking vte v0.15.0
    Checking dcap-qvl v0.5.2
    Checking async-stream v0.3.6
    Checking matrix-sdk-base v0.18.0
    Checking deos-js v0.1.0 (/tank/dregg-build/hcargo/deos-js)
warning: unnecessary parentheses around function argument
   --> deos-js/src/attach.rs:743:25
    |
743 |                         (0),
    |                         ^ ^
    |
    = note: `#[warn(unused_parens)]` (part of `#[warn(unused)]`) on by default
help: remove these parentheses
    |
743 -                         (0),
743 +                         0,
    |

warning: unused import: `Credential`
  --> deos-js/src/composer_card.rs:48:18
   |
48 | use dregg_cell::{Credential, Requirement};
   |                  ^^^^^^^^^^
   |
   = note: `#[warn(unused_imports)]` (part of `#[warn(unused)]`) on by default

warning: unused import: `Credential`
  --> deos-js/src/graph_card.rs:47:18
   |
47 | use dregg_cell::{Credential, Requirement};
   |                  ^^^^^^^^^^

warning: unnecessary parentheses around function argument
    --> deos-js/src/js.rs:2065:17
     |
2065 |                 (0),
     |                 ^ ^
     |
help: remove these parentheses
     |
2065 -                 (0),
2065 +                 0,
     |

warning: unused import: `Credential`
  --> deos-js/src/layout_card.rs:50:18
   |
50 | use dregg_cell::{Credential, Requirement};
   |                  ^^^^^^^^^^

warning: unused import: `dregg_cell::Credential`
  --> deos-js/src/multi_cell.rs:65:5
   |
65 | use dregg_cell::Credential;
   |     ^^^^^^^^^^^^^^^^^^^^^^

warning: unnecessary parentheses around function argument
   --> deos-js/src/multi_cell.rs:557:13
    |
557 |             (0),
    |             ^ ^
    |
help: remove these parentheses
    |
557 -             (0),
557 +             0,
    |

warning: unused import: `Credential`
  --> deos-js/src/objects_card.rs:47:18
   |
47 | use dregg_cell::{Credential, Requirement};
   |                  ^^^^^^^^^^

warning: function `postmaster_identity` is never used
   --> deos-js/src/mailtown.rs:118:4
    |
118 | fn postmaster_identity() -> AuthRequired {
    |    ^^^^^^^^^^^^^^^^^^^
    |
    = note: `#[warn(dead_code)]` (part of `#[warn(unused)]`) on by default

warning: function `resident_identity` is never used
   --> deos-js/src/mailtown.rs:136:4
    |
136 | fn resident_identity() -> AuthRequired {
    |    ^^^^^^^^^^^^^^^^^

warning: `deos-js` (lib) generated 10 warnings (run `cargo fix --lib -p deos-js` to apply 8 suggestions)
    Checking oauth2-reqwest v0.1.0-alpha.3
    Checking aws-config v1.8.15
    Checking x509-parser v0.16.0
    Checking nix v0.25.1
    Checking ghash v0.6.0
    Checking serial v0.4.0
    Checking ciborium v0.2.2
    Checking signal-hook v0.4.4
    Checking aes v0.9.1
    Checking ctr v0.10.1
    Checking aead v0.6.1
    Checking aws-sdk-bedrockruntime v1.129.0
    Checking tungstenite v0.24.0
    Checking dirs-sys v0.4.1
    Checking dregg-agent v0.1.0 (/tank/dregg-build/hcargo/dregg-agent)
    Checking backon v1.6.0
    Checking serde-big-array v0.5.1
   Compiling clap_derive v4.6.1
    Checking rustix-openpty v0.2.0
    Checking rtoolbox v0.0.5
    Checking fs2 v0.4.3
    Checking matrix-sdk v0.18.0
    Checking clap v4.6.1
    Checking portable-pty v0.8.1
    Checking dregg-narrator v0.1.0 (/tank/dregg-build/hcargo/narrator)
    Checking rpassword v7.5.4
    Checking alacritty_terminal v0.26.1-dev (https://github.com/zed-industries/alacritty?rev=fcf32feacb367b75ec84dd40f041e4fd411d3cc1#fcf32fea)
    Checking dregg-zkoracle-prove v0.1.0 (/tank/dregg-build/hcargo/zkoracle-prove)
    Checking grain-jail v0.1.0 (/tank/dregg-build/hcargo/grain-jail)
    Checking directories v5.0.1
    Checking tokio-tungstenite v0.24.0
    Checking aes-gcm v0.11.0-rc.4
    Checking dregg-tee-verify v0.1.0 (/tank/dregg-build/hcargo/tee-verify)
    Checking redb v2.6.3
    Checking dregg-credentials v0.1.0 (/tank/dregg-build/hcargo/credentials)
    Checking directories v6.0.0
    Checking dregg-userspace-verify v0.1.0 (/tank/dregg-build/hcargo/dregg-userspace-verify)
    Checking dregg-auth v0.1.0 (/tank/dregg-build/hcargo/dregg-auth)
    Checking dregg-rbg v0.1.0 (/tank/dregg-build/hcargo/rbg)
    Checking deos-zed v0.1.0 (/tank/dregg-build/hcargo/deos-zed)
    Checking deos-view v0.1.0 (/tank/dregg-build/hcargo/deos-view)
warning: unused imports: `Credential` and `Requirement`
  --> deos-view/src/gate.rs:51:18
   |
51 | use dregg_cell::{Credential, Requirement};
   |                  ^^^^^^^^^^  ^^^^^^^^^^^
   |
   = note: `#[warn(unused_imports)]` (part of `#[warn(unused)]`) on by default

warning: unused imports: `Credential` and `Requirement`
  --> deos-view/src/pipeline.rs:50:18
   |
50 | use dregg_cell::{Credential, Requirement};
   |                  ^^^^^^^^^^  ^^^^^^^^^^^

    Checking deos-matrix v0.1.0 (/tank/dregg-build/hcargo/deos-matrix)
warning: `deos-view` (lib) generated 2 warnings (run `cargo fix --lib -p deos-view` to apply 2 suggestions)
    Checking dregg-deploy v0.1.0 (/tank/dregg-build/hcargo/dregg-deploy)
    Checking dregg-secrets v0.1.0 (/tank/dregg-build/hcargo/secrets)
    Checking starbridge-identity v0.1.0 (/tank/dregg-build/hcargo/starbridge-apps/identity)
    Checking dregg-persist v0.1.0 (/tank/dregg-build/hcargo/persist)
    Checking deos-hermes v0.1.0 (/tank/dregg-build/hcargo/deos-hermes)
    Checking deos-terminal v0.1.0 (/tank/dregg-build/hcargo/deos-terminal)
    Checking starbridge-gallery v0.1.0 (/tank/dregg-build/hcargo/starbridge-apps/gallery)
    Checking starbridge-agent-orchestration v0.1.0 (/tank/dregg-build/hcargo/starbridge-apps/agent-orchestration)
warning: unnecessary parentheses around function argument
  --> starbridge-apps/agent-orchestration/src/deos.rs:97:17
   |
97 |                 (0),
   |                 ^ ^
   |
   = note: `#[warn(unused_parens)]` (part of `#[warn(unused)]`) on by default
help: remove these parentheses
   |
97 -                 (0),
97 +                 0,
   |

warning: `starbridge-agent-orchestration` (lib) generated 1 warning (run `cargo fix --lib -p starbridge-agent-orchestration` to apply 1 suggestion)
    Checking starbridge-execution-lease v0.1.0 (/tank/dregg-build/hcargo/starbridge-apps/execution-lease)
    Checking starbridge-privacy-voting v0.1.0 (/tank/dregg-build/hcargo/starbridge-apps/privacy-voting)
    Checking starbridge-agent-provenance v0.1.0 (/tank/dregg-build/hcargo/starbridge-apps/agent-provenance)
warning: method `commit_finalized_turn_with_faithful_root_and_executor_state_and_poa_galley` is never used
    --> persist/src/commit_log.rs:1510:19
     |
 965 | impl PersistentStore {
     | -------------------- method in this implementation
...
1510 |     pub(crate) fn commit_finalized_turn_with_faithful_root_and_executor_state_and_poa_galley(
     |                   ^^^^^^^^^^^^^^^^^^^^^^^^^^^^^^^^^^^^^^^^^^^^^^^^^^^^^^^^^^^^^^^^^^^^^^^^^^
     |
     = note: `#[warn(dead_code)]` (part of `#[warn(unused)]`) on by default

warning: function `verify_replayed_exact_fnsp_v3_frame_in` is never used
    --> persist/src/exact_fnsp_v3_frame_head.rs:1266:15
     |
1266 | pub(crate) fn verify_replayed_exact_fnsp_v3_frame_in(
     |               ^^^^^^^^^^^^^^^^^^^^^^^^^^^^^^^^^^^^^^

warning: function `exact_fnsp_v3_activation_installed_in` is never used
    --> persist/src/exact_fnsp_v3_frame_head.rs:1278:15
     |
1278 | pub(crate) fn exact_fnsp_v3_activation_installed_in(write: &WriteTransaction) -> StoreResult<bool> {
     |               ^^^^^^^^^^^^^^^^^^^^^^^^^^^^^^^^^^^^^

warning: function `load_snapshot_from_write` is never used
    --> persist/src/exact_fnsp_v3_frame_head.rs:1559:4
     |
1559 | fn load_snapshot_from_write(
     |    ^^^^^^^^^^^^^^^^^^^^^^^^

warning: function `prepare_from_snapshot` is never used
   --> persist/src/exact_fnsp_v3_state.rs:822:4
    |
822 | fn prepare_from_snapshot(
    |    ^^^^^^^^^^^^^^^^^^^^^

warning: function `reconstruct_replay_from_snapshot` is never used
   --> persist/src/exact_fnsp_v3_state.rs:860:4
    |
860 | fn reconstruct_replay_from_snapshot(
    |    ^^^^^^^^^^^^^^^^^^^^^^^^^^^^^^^^

warning: associated function `new` is never used
  --> persist/src/poa_holding_consumption.rs:60:19
   |
54 | impl PreparedPoaHoldingConsumptionV1 {
   | ------------------------------------ associated function in this implementation
...
60 |     pub(crate) fn new(
   |                   ^^^

warning: function `verify_replayed_poa_world_activation_in` is never used
   --> persist/src/poa_world_activation.rs:451:15
    |
451 | pub(crate) fn verify_replayed_poa_world_activation_in(
    |               ^^^^^^^^^^^^^^^^^^^^^^^^^^^^^^^^^^^^^^^

    Checking starbridge-sealed-auction v0.1.0 (/tank/dregg-build/hcargo/starbridge-apps/sealed-auction)
warning: `dregg-persist` (lib) generated 8 warnings
    Checking starbridge-governed-namespace v0.1.0 (/tank/dregg-build/hcargo/starbridge-apps/governed-namespace)
    Checking starbridge-compartment-workflow-mandate v0.1.0 (/tank/dregg-build/hcargo/starbridge-apps/compartment-workflow-mandate)
    Checking starbridge-supply-chain-provenance v0.1.0 (/tank/dregg-build/hcargo/starbridge-apps/supply-chain-provenance)
warning: unnecessary parentheses around function argument
   --> starbridge-apps/supply-chain-provenance/src/lib.rs:903:17
    |
903 |                 (CUSTODIAN_SLOT as u32),
    |                 ^                     ^
    |
    = note: `#[warn(unused_parens)]` (part of `#[warn(unused)]`) on by default
help: remove these parentheses
    |
903 -                 (CUSTODIAN_SLOT as u32),
903 +                 CUSTODIAN_SLOT as u32,
    |

    Checking starbridge-subscription v0.1.0 (/tank/dregg-build/hcargo/starbridge-apps/subscription)
warning: `starbridge-supply-chain-provenance` (lib) generated 1 warning (run `cargo fix --lib -p starbridge-supply-chain-provenance` to apply 1 suggestion)
    Checking starbridge-storage-gateway-mandate v0.1.0 (/tank/dregg-build/hcargo/starbridge-apps/storage-gateway-mandate)
    Checking starbridge-escrow-market v0.1.0 (/tank/dregg-build/hcargo/starbridge-apps/escrow-market)
    Checking starbridge-bounty-board v0.1.0 (/tank/dregg-build/hcargo/starbridge-apps/bounty-board)
    Checking starbridge-swarm-orchestration v0.1.0 (/tank/dregg-build/hcargo/starbridge-apps/swarm-orchestration)
    Checking starbridge-tool-access-delegation v0.1.0 (/tank/dregg-build/hcargo/starbridge-apps/tool-access-delegation)
warning: unnecessary parentheses around function argument
   --> starbridge-apps/swarm-orchestration/src/lib.rs:528:17
    |
528 |                 (SPENT_A_SLOT as u32),
    |                 ^                   ^
    |
    = note: `#[warn(unused_parens)]` (part of `#[warn(unused)]`) on by default
help: remove these parentheses
    |
528 -                 (SPENT_A_SLOT as u32),
528 +                 SPENT_A_SLOT as u32,
    |

warning: unnecessary parentheses around function argument
   --> starbridge-apps/tool-access-delegation/src/lib.rs:511:17
    |
511 |                 (CALLS_MADE_SLOT as u32),
    |                 ^                      ^
    |
    = note: `#[warn(unused_parens)]` (part of `#[warn(unused)]`) on by default
help: remove these parentheses
    |
511 -                 (CALLS_MADE_SLOT as u32),
511 +                 CALLS_MADE_SLOT as u32,
    |

warning: `starbridge-swarm-orchestration` (lib) generated 1 warning (run `cargo fix --lib -p starbridge-swarm-orchestration` to apply 1 suggestion)
    Checking starbridge-nameservice v0.1.0 (/tank/dregg-build/hcargo/starbridge-apps/nameservice)
warning: `starbridge-tool-access-delegation` (lib) generated 1 warning (run `cargo fix --lib -p starbridge-tool-access-delegation` to apply 1 suggestion)
    Checking starbridge-compute-exchange v0.1.0 (/tank/dregg-build/hcargo/starbridge-apps/compute-exchange)
    Checking starbridge-tussle v0.1.0 (/tank/dregg-build/hcargo/starbridge-apps/tussle)
    Checking deos-web-cells v0.1.0 (/tank/dregg-build/hcargo/deos-web-cells)
    Checking servo-malloc-size-of v0.1.0
    Checking servo-base v0.1.0
    Checking servo-url v0.1.0
    Checking servo-profile-traits v0.1.0
    Checking servo-pixels v0.1.0
    Checking servo-geometry v0.1.0
    Checking servo-media-streams v0.1.0
    Checking servo-fonts-traits v0.1.0
    Checking servo-paint-api v0.1.0
    Checking servo-webxr-api v0.1.0
    Checking servo-net-traits v0.1.0
    Checking servo-media-traits v0.1.0
    Checking servo-media-player v0.1.0
    Checking servo-media-audio v0.1.0
    Checking servo-devtools-traits v0.1.0
    Checking servo-canvas-traits v0.1.0
    Checking servo-media-webrtc v0.1.0
    Checking servo-media v0.1.0
    Checking servo-webgpu-traits v0.1.0
    Checking servo-storage-traits v0.1.0
    Checking servo-media-thread v0.1.0
    Checking servo-fonts v0.1.0
    Checking servo-constellation-traits v0.1.0
    Checking servo-background-hang-monitor-api v0.1.0
    Checking servo-timers v0.1.0
    Checking servo-net v0.1.0 (/tank/dregg-build/hcargo/servo-render/vendor/servo-net)
    Checking servo-script-traits v0.1.0
    Checking servo-layout-api v0.1.0
    Checking servo-metrics v0.1.0
    Checking servo-xpath v0.1.0
    Checking servo-background-hang-monitor v0.1.0
    Checking servo-canvas v0.1.0
    Checking servo-webgpu v0.1.0
    Checking servo-webgl v0.1.0
    Checking servo-paint v0.1.0 (/tank/dregg-build/hcargo/servo-render/vendor/servo-paint)
    Checking servo-constellation v0.1.0
    Checking servo-storage v0.1.0
    Checking servo-media-dummy v0.1.0
    Checking servo-webxr v0.1.0
    Checking servo-default-resources v0.1.0
    Checking servo-profile v0.1.0
    Checking servo-layout v0.1.0
    Checking servo v0.1.1
    Checking servo-render v0.1.0 (/tank/dregg-build/hcargo/servo-render)
    Checking android-cell v0.1.0 (/tank/dregg-build/hcargo/android-cell)
    Checking starbridge-v2 v0.1.0 (/tank/dregg-build/hcargo/starbridge-v2)
warning: unused imports: `AuthRequired` and `Credential`
  --> starbridge-v2/src/affordance.rs:44:18
   |
44 | use dregg_cell::{AuthRequired, Credential, Requirement};
   |                  ^^^^^^^^^^^^  ^^^^^^^^^^
   |
   = note: `#[warn(unused_imports)]` (part of `#[warn(unused)]`) on by default

warning: unused imports: `Credential` and `Requirement`
  --> starbridge-v2/src/cell_transclusion.rs:58:18
   |
58 | use dregg_cell::{Credential, Requirement};
   |                  ^^^^^^^^^^  ^^^^^^^^^^^

warning: unused imports: `Credential` and `Requirement`
  --> starbridge-v2/src/link_paste.rs:58:18
   |
58 | use dregg_cell::{Credential, Requirement};
   |                  ^^^^^^^^^^  ^^^^^^^^^^^

warning: unnecessary parentheses around function argument
   --> starbridge-v2/src/powerbox.rs:266:21
    |
266 |                     (slot),
    |                     ^    ^
    |
    = note: `#[warn(unused_parens)]` (part of `#[warn(unused)]`) on by default
help: remove these parentheses
    |
266 -                     (slot),
266 +                     slot,
    |

warning: unused import: `dregg_cell::Requirement`
  --> starbridge-v2/src/app_registry.rs:49:5
   |
49 | use dregg_cell::Requirement;
   |     ^^^^^^^^^^^^^^^^^^^^^^^

warning: unused import: `dregg_cell::Credential`
  --> starbridge-v2/src/app_worldspine.rs:52:5
   |
52 | use dregg_cell::Credential;
   |     ^^^^^^^^^^^^^^^^^^^^^^

warning: unused import: `dregg_cell::Credential`
  --> starbridge-v2/src/card_pane.rs:69:5
   |
69 | use dregg_cell::Credential;
   |     ^^^^^^^^^^^^^^^^^^^^^^

warning: unused import: `dregg_cell::Requirement`
  --> starbridge-v2/src/card_pane.rs:70:5
   |
70 | use dregg_cell::Requirement;
   |     ^^^^^^^^^^^^^^^^^^^^^^^

warning: unnecessary parentheses around function argument
   --> starbridge-v2/src/session.rs:472:25
    |
472 |                         (slot),
    |                         ^    ^
    |
help: remove these parentheses
    |
472 -                         (slot),
472 +                         slot,
    |

warning: unnecessary parentheses around function argument
   --> starbridge-v2/src/edit.rs:503:17
    |
503 |                 (slot),
    |                 ^    ^
    |
help: remove these parentheses
    |
503 -                 (slot),
503 +                 slot,
    |

warning: unnecessary parentheses around function argument
    --> starbridge-v2/src/world/mod.rs:2140:17
     |
2140 |                 (slot),
     |                 ^    ^
     |
help: remove these parentheses
     |
2140 -                 (slot),
2140 +                 slot,
     |

warning: unused import: `Credential`
  --> starbridge-v2/src/service_explorer.rs:47:18
   |
47 | use dregg_cell::{Credential, Requirement};
   |                  ^^^^^^^^^^

warning: unused imports: `Credential` and `Requirement`
  --> starbridge-v2/src/snapshot_editor.rs:59:18
   |
59 | use dregg_cell::{Credential, Requirement};
   |                  ^^^^^^^^^^  ^^^^^^^^^^^

warning: unused import: `dregg_cell::AuthRequired`
    --> starbridge-v2/src/cockpit/panels_moldable.rs:1978:13
     |
1978 |         use dregg_cell::AuthRequired;
     |             ^^^^^^^^^^^^^^^^^^^^^^^^

warning: method `install_genesis` is never used
    --> starbridge-v2/src/world/mod.rs:1152:8
     |
 272 | impl World {
     | ---------- method in this implementation
...
1152 |     fn install_genesis(&mut self, cell: Cell, balance: i64) -> CellId {
     |        ^^^^^^^^^^^^^^^
     |
     = note: `#[warn(dead_code)]` (part of `#[warn(unused)]`) on by default

warning: `starbridge-v2` (lib) generated 15 warnings (run `cargo fix --lib -p starbridge-v2` to apply 14 suggestions)
    Finished `dev` profile [unoptimized + debuginfo] target(s) in 8m 47s
warning: the following packages contain code that will be rejected by a future version of Rust: proc-macro-error2 v2.0.1
note: to see what the problems were, use the option `--future-incompat-report`, or run `cargo report future-incompatibilities --id 1`
