'Minidregg.Kernel.PolicyInstallReceiver.decodeIngress_canonical' depends on axioms: [propext,
 Classical.choice,
 Quot.sound]
'Minidregg.Kernel.PolicyInstallReceiver.Prepared.creates_source_owned' depends on axioms: [propext,
 Classical.choice,
 Quot.sound]
'Minidregg.Kernel.PolicyInstallReceiver.Prepared.fresh_pre' depends on axioms: [propext, Classical.choice, Quot.sound]
'Minidregg.Kernel.PolicyInstallReceiver.Prepared.exact_created' depends on axioms: [propext,
 Classical.choice,
 Quot.sound]
'Minidregg.Kernel.PolicyInstallReceiver.Prepared.source_reserved' depends on axioms: [propext,
 Classical.choice,
 Quot.sound]
'Minidregg.Kernel.PolicyInstallReceiver.Prepared.write_roots_bound' depends on axioms: [propext,
 Classical.choice,
 Quot.sound]
'Minidregg.Kernel.PolicyInstallReceiver.Prepared.readGuards_exact' depends on axioms: [propext,
 Classical.choice,
 Quot.sound]
'Minidregg.Kernel.PolicyInstallReceiver.Prepared.readGuards_readonly' depends on axioms: [propext,
 Classical.choice,
 Quot.sound]
'Minidregg.Kernel.PolicyInstallReceiver.Prepared.authority_reads_covered' depends on axioms: [propext,
 Classical.choice,
 Quot.sound]
'Minidregg.Kernel.PolicyInstallReceiver.AcceptedInstall.actual_authority_post' depends on axioms: [propext,
 Classical.choice,
 Quot.sound]
'Minidregg.Kernel.PolicyInstallReceiver.AcceptedInstall.actual_post_head' depends on axioms: [propext,
 Classical.choice,
 Quot.sound]
'Minidregg.Kernel.PolicyInstallReceiver.AcceptedInstall.generation_preserved' depends on axioms: [propext,
 Classical.choice,
 Quot.sound]
'Minidregg.Kernel.PolicyInstallReceiver.AcceptedInstall.capability_preserved' depends on axioms: [propext,
 Classical.choice,
 Quot.sound]
'Minidregg.Kernel.PolicyInstallReceiver.AcceptedInstall.marker_consumed' depends on axioms: [propext,
 Classical.choice,
 Quot.sound]
'Minidregg.Kernel.PolicyInstallReceiver.intent_exact_source' depends on axioms: [propext, Classical.choice, Quot.sound]
'Minidregg.Kernel.PolicyInstallReceiver.installed_write_bytes' depends on axioms: [propext,
 Classical.choice,
 Quot.sound]
'Minidregg.Kernel.PolicyInstallReceiver.installed_source_bytes' depends on axioms: [propext,
 Classical.choice,
 Quot.sound]
'Minidregg.Kernel.PolicyInstallReceiver.installed_head_and_source' depends on axioms: [propext,
 Classical.choice,
 Quot.sound]
'Minidregg.Kernel.PolicyInstallReceiver.source_loader_of_present' depends on axioms: [propext,
 Classical.choice,
 Quot.sound]
'Minidregg.Kernel.PolicyInstallReceiver.Prepared.fresh_before' depends on axioms: [propext,
 Classical.choice,
 Quot.sound]
'Minidregg.Kernel.PolicyInstallReceiver.unchanged_authority_shard_unwritten' depends on axioms: [propext,
 Classical.choice,
 Quot.sound]
'Minidregg.Kernel.PolicyInstallReceiver.installed_authority_pages' depends on axioms: [propext,
 Classical.choice,
 Quot.sound]
'Minidregg.Kernel.PolicyInstallReceiver.installed_authority_catalogue' depends on axioms: [propext,
 Classical.choice,
 Quot.sound]
'Minidregg.Kernel.PolicyInstallReceiver.no_partial_commit' depends on axioms: [propext, Classical.choice, Quot.sound]
'Minidregg.Kernel.PolicyInstallReceiver.replay_only_original' depends on axioms: [propext, Classical.choice, Quot.sound]
'Minidregg.Kernel.PolicyInstallReceiver.replay_changed_ingress_refused' depends on axioms: [propext,
 Classical.choice,
 Quot.sound]
