Compiler/TypedAuthorizationRequestCodec.lean:47:2: error: don't know how to synthesize implicit argument `request`
  @Theory.AuthorizationDeclaration.requestWireOfWords_exact ?m.4 ?m.5
context:
⊢ RequestWire
Compiler/TypedAuthorizationRequestCodec.lean:47:2: error: don't know how to synthesize implicit argument `words`
  @Theory.AuthorizationDeclaration.requestWireOfWords_exact ?m.4 ?m.5
context:
⊢ List ℕ
Compiler/TypedAuthorizationRequestCodec.lean:46:7: error(lean.inferDefTypeFailed): Failed to infer type of definition `requestWireOfWords_exact`
Compiler/TypedAuthorizationRequestCodec.lean:106:25: error: unsolved goals
request : RequestWire
suffix : List UInt8
⊢ ((StreamCodec.nat.decodeMany Theory.AuthorizationDeclaration.requestWordCount
          (StreamCodec.nat.encodeMany (Theory.AuthorizationDeclaration.requestWords request) ++ suffix)).bind
      fun __discr =>
      (Theory.AuthorizationDeclaration.requestWireOfWords __discr.1).bind fun request => some (request, __discr.2)) =
    some (request, suffix)
Compiler/TypedAuthorizationRequestCodec.lean:110:6: warning: This simp argument is unused:
  requestFieldOrder

Hint: Omit it from the simp argument list.
  simp [StreamCodec.list, List.append_assoc, StreamCodec.nat.decodePrefix_encode, requestWords,
  ̲  ̲ ̲ ̲ ̲ ̲requestWordCount, r̵e̵q̵u̵e̵s̵t̵F̵i̵e̵l̵d̵O̵r̵d̵e̵r̵,̵ ̵StreamCodec.encodeMany, StreamCodec.decodeMany, requestWireOfWords]

Note: This linter can be disabled with `set_option linter.unusedSimpArgs false`
Compiler/TypedAuthorizationRequestCodec.lean:110:25: warning: This simp argument is unused:
  StreamCodec.encodeMany

Hint: Omit it from the simp argument list.
  simp [StreamCodec.list, List.append_assoc, StreamCodec.nat.decodePrefix_encode, requestWords,
  ̲  ̲ ̲ ̲ ̲ ̲requestWordCount, requestFieldOrder, S̵t̵r̵e̵a̵m̵C̵o̵d̵e̵c̵.̵e̵n̵c̵o̵d̵e̵M̵a̵n̵y̵,̵ ̵StreamCodec.decodeMany, requestWireOfWords]

Note: This linter can be disabled with `set_option linter.unusedSimpArgs false`
Compiler/TypedAuthorizationRequestCodec.lean:110:49: warning: This simp argument is unused:
  StreamCodec.decodeMany

Hint: Omit it from the simp argument list.
  simp [StreamCodec.list, List.append_assoc, StreamCodec.nat.decodePrefix_encode, requestWords,
  ̲  ̲ ̲ ̲ ̲ ̲requestWordCount, requestFieldOrder, StreamCodec.encodeMany, S̵t̵r̵e̵a̵m̵C̵o̵d̵e̵c̵.̵d̵e̵c̵o̵d̵e̵M̵a̵n̵y̵,̵requestWireOfWords]

Note: This linter can be disabled with `set_option linter.unusedSimpArgs false`
Compiler/TypedAuthorizationRequestCodec.lean:118:44: warning: declaration uses `sorry`
Compiler/TypedAuthorizationRequestCodec.lean:115:8: warning: declaration uses `sorry`
'Minidregg.Theory.AuthorizationDeclaration.requestWireOfWords_exact' depends on axioms: [propext]
'Minidregg.Compiler.TypedAuthorizationRequestCodec.requestWords_injective' depends on axioms: [propext]
'Minidregg.Compiler.TypedAuthorizationRequestCodec.requestWireCodec_canonical' depends on axioms: [propext,
 sorryAx,
 Classical.choice,
 Quot.sound]
'Minidregg.Compiler.TypedAuthorizationRequestCodec.someRequestCodec_canonical' depends on axioms: [propext,
 sorryAx,
 Classical.choice,
 Quot.sound]
'Minidregg.Compiler.TypedAuthorizationRequestCodec.requestCodecFor_canonical' depends on axioms: [propext,
 sorryAx,
 Classical.choice,
 Quot.sound]
'Minidregg.Compiler.TypedAuthorizationRequestCodec.requestStreamFor_wrong_kind' depends on axioms: [propext,
 sorryAx,
 Classical.choice,
 Quot.sound]
'Minidregg.Compiler.TypedAuthorizationRequestCodec.signedRequestBytes_exact' depends on axioms: [propext,
 sorryAx,
 Classical.choice,
 Quot.sound]
'Minidregg.Compiler.TypedAuthorizationRequestCodec.signedRequestBytes_injective' depends on axioms: [propext,
 sorryAx,
 Classical.choice,
 Quot.sound]
'Minidregg.Compiler.TypedAuthorizationRequestCodec.encodeRequest_of_decodeRequest' depends on axioms: [propext,
 Quot.sound]
