real 0.94
user 0.75
sys 0.24
           998932480  maximum resident set size
                   0  average shared memory size
                   0  average unshared data size
                   0  average unshared stack size
               59724  page reclaims
                7280  page faults
                   0  swaps
                   0  block input operations
                   0  block output operations
                   0  messages sent
                   0  messages received
                   0  signals received
                 361  voluntary context switches
                4769  involuntary context switches
           252434404  instructions retired
            81586347  cycles elapsed
            10519368  peak memory footprint
